I20220729 19:33:57.554121 471382 adc_enum.cpp:13] Get one vc: 6 11 13 26
I20220729 19:33:57.889746 471382 adc_enum.cpp:13] Get one vc: 3 11 13 17 26
I20220729 19:33:58.093448 471382 adc_enum.cpp:13] Get one vc: 11 13 19 26
I20220729 19:33:58.195427 471382 adc_enum.cpp:13] Get one vc: 3 13 17 19 26
I20220729 19:33:59.096228 471382 adc_enum.cpp:13] Get one vc: 13 17 22 26
I20220729 19:33:59.262629 471382 adc_enum.cpp:13] Get one vc: 13 17 24 26
I20220729 19:33:59.386142 471382 adc_enum.cpp:13] Get one vc: 3 7 15 26
I20220729 19:33:59.388391 471382 adc_enum.cpp:13] Get one vc: 5 7 15 26
I20220729 19:33:59.439054 471382 adc_enum.cpp:13] Get one vc: 3 10 15 26
I20220729 19:33:59.441293 471382 adc_enum.cpp:13] Get one vc: 5 10 15 26
I20220729 19:33:59.443111 471382 adc_enum.cpp:13] Get one vc: 7 10 15 26
I20220729 19:33:59.497642 471382 adc_enum.cpp:13] Get one vc: 4 15 26
I20220729 19:33:59.528240 471382 adc_enum.cpp:13] Get one vc: 3 6 15 26
I20220729 19:33:59.533476 471382 adc_enum.cpp:13] Get one vc: 5 6 15 26
I20220729 19:33:59.535091 471382 adc_enum.cpp:13] Get one vc: 6 9 15 26
I20220729 19:33:59.536931 471382 adc_enum.cpp:13] Get one vc: 6 10 15 26
I20220729 19:33:59.538411 471382 adc_enum.cpp:13] Get one vc: 6 13 15 26
I20220729 19:33:59.541576 471382 adc_enum.cpp:13] Get one vc: 11 15 26
I20220729 19:33:59.589839 471382 adc_enum.cpp:13] Get one vc: 3 15 17 26
I20220729 19:33:59.592077 471382 adc_enum.cpp:13] Get one vc: 5 15 17 26
I20220729 19:33:59.593896 471382 adc_enum.cpp:13] Get one vc: 7 15 17 26
I20220729 19:33:59.625836 471382 adc_enum.cpp:13] Get one vc: 6 15 17 26
I20220729 19:33:59.629259 471382 adc_enum.cpp:13] Get one vc: 10 15 17 26
I20220729 19:33:59.631166 471382 adc_enum.cpp:13] Get one vc: 15 19 26
I20220729 19:33:59.696571 471382 adc_enum.cpp:13] Get one vc: 7 15 20 26
I20220729 19:33:59.719091 471382 adc_enum.cpp:13] Get one vc: 10 15 20 26
I20220729 19:33:59.773613 471382 adc_enum.cpp:13] Get one vc: 3 5 15 20 26
I20220729 19:33:59.776669 471382 adc_enum.cpp:13] Get one vc: 3 9 15 20 26
I20220729 19:33:59.808748 471382 adc_enum.cpp:13] Get one vc: 6 15 20 26
I20220729 19:33:59.815276 471382 adc_enum.cpp:13] Get one vc: 15 17 20 26
I20220729 19:33:59.818560 471382 adc_enum.cpp:13] Get one vc: 15 22 26
I20220729 19:33:59.820400 471382 adc_enum.cpp:13] Get one vc: 15 24 26
I20220729 19:33:59.974499 471382 adc_enum.cpp:13] Get one vc: 4 16 26
I20220729 19:33:59.976282 471382 adc_enum.cpp:13] Get one vc: 6 16 26
I20220729 19:34:00.077667 471382 adc_enum.cpp:13] Get one vc: 3 9 10 16 26
I20220729 19:34:00.198971 471382 adc_enum.cpp:13] Get one vc: 10 14 16 26
I20220729 19:34:00.232810 471382 adc_enum.cpp:13] Get one vc: 5 10 16 26
I20220729 19:34:00.234695 471382 adc_enum.cpp:13] Get one vc: 5 14 16 26
I20220729 19:34:00.282438 471382 adc_enum.cpp:13] Get one vc: 3 7 16 26
I20220729 19:34:00.300108 471382 adc_enum.cpp:13] Get one vc: 7 10 16 26
I20220729 19:34:00.301970 471382 adc_enum.cpp:13] Get one vc: 7 14 16 26
I20220729 19:34:00.345266 471382 adc_enum.cpp:13] Get one vc: 3 11 16 26
I20220729 19:34:00.355057 471382 adc_enum.cpp:13] Get one vc: 5 11 16 26
I20220729 19:34:00.357234 471382 adc_enum.cpp:13] Get one vc: 7 11 16 26
I20220729 19:34:00.444623 471382 adc_enum.cpp:13] Get one vc: 11 14 16 26
I20220729 19:34:00.448102 471382 adc_enum.cpp:13] Get one vc: 15 16 26
I20220729 19:34:00.450073 471382 adc_enum.cpp:13] Get one vc: 16 19 26
I20220729 19:34:00.519058 471382 adc_enum.cpp:13] Get one vc: 3 5 16 20 26
I20220729 19:34:00.520984 471382 adc_enum.cpp:13] Get one vc: 7 16 20 26
I20220729 19:34:00.545562 471382 adc_enum.cpp:13] Get one vc: 10 16 20 26
I20220729 19:34:00.573283 471382 adc_enum.cpp:13] Get one vc: 14 16 20 26
I20220729 19:34:00.583362 471382 adc_enum.cpp:13] Get one vc: 11 16 20 26
I20220729 19:34:00.591450 471382 adc_enum.cpp:13] Get one vc: 16 22 26
I20220729 19:34:00.593698 471382 adc_enum.cpp:13] Get one vc: 16 24 26
I20220729 19:34:00.852636 471382 adc_enum.cpp:13] Get one vc: 4 9 18 26
I20220729 19:34:00.884076 471382 adc_enum.cpp:13] Get one vc: 3 4 13 18 26
I20220729 19:34:00.924333 471382 adc_enum.cpp:13] Get one vc: 4 6 18 26
I20220729 19:34:00.991521 471382 adc_enum.cpp:13] Get one vc: 3 6 9 18 26
I20220729 19:34:01.083858 471382 adc_enum.cpp:13] Get one vc: 4 10 18 26
I20220729 19:34:01.085913 471382 adc_enum.cpp:13] Get one vc: 6 10 18 26
I20220729 19:34:01.322600 471382 adc_enum.cpp:13] Get one vc: 4 14 18 26
I20220729 19:34:01.324559 471382 adc_enum.cpp:13] Get one vc: 6 14 18 26
I20220729 19:34:01.326460 471382 adc_enum.cpp:13] Get one vc: 10 14 18 26
I20220729 19:34:01.371428 471382 adc_enum.cpp:13] Get one vc: 3 9 16 18 26
I20220729 19:34:01.372956 471382 adc_enum.cpp:13] Get one vc: 3 13 16 18 26
I20220729 19:34:01.377808 471382 adc_enum.cpp:13] Get one vc: 10 16 18 26
I20220729 19:34:01.379639 471382 adc_enum.cpp:13] Get one vc: 14 16 18 26
I20220729 19:34:01.382238 471382 adc_enum.cpp:13] Get one vc: 2 18 26
I20220729 19:34:01.417918 471382 adc_enum.cpp:13] Get one vc: 5 6 18 26
I20220729 19:34:01.419771 471382 adc_enum.cpp:13] Get one vc: 5 10 18 26
I20220729 19:34:01.421608 471382 adc_enum.cpp:13] Get one vc: 5 14 18 26
I20220729 19:34:01.423492 471382 adc_enum.cpp:13] Get one vc: 5 16 18 26
I20220729 19:34:01.490168 471382 adc_enum.cpp:13] Get one vc: 3 5 7 18 26
I20220729 19:34:01.495699 471382 adc_enum.cpp:13] Get one vc: 7 10 18 26
I20220729 19:34:01.497537 471382 adc_enum.cpp:13] Get one vc: 7 14 18 26
I20220729 19:34:01.499404 471382 adc_enum.cpp:13] Get one vc: 7 16 18 26
I20220729 19:34:01.563634 471382 adc_enum.cpp:13] Get one vc: 6 11 18 26
I20220729 19:34:01.634459 471382 adc_enum.cpp:13] Get one vc: 3 11 18 26
I20220729 19:34:01.637852 471382 adc_enum.cpp:13] Get one vc: 7 11 18 26
I20220729 19:34:01.641373 471382 adc_enum.cpp:13] Get one vc: 11 14 18 26
I20220729 19:34:01.643245 471382 adc_enum.cpp:13] Get one vc: 11 16 18 26
I20220729 19:34:01.691869 471382 adc_enum.cpp:13] Get one vc: 5 15 18 26
I20220729 19:34:01.693694 471382 adc_enum.cpp:13] Get one vc: 7 15 18 26
I20220729 19:34:01.714776 471382 adc_enum.cpp:13] Get one vc: 10 15 18 26
I20220729 19:34:01.749213 471382 adc_enum.cpp:13] Get one vc: 3 15 18 26
I20220729 19:34:01.752575 471382 adc_enum.cpp:13] Get one vc: 6 15 18 26
I20220729 19:34:01.837491 471382 adc_enum.cpp:13] Get one vc: 10 17 18 26
I20220729 19:34:01.857139 471382 adc_enum.cpp:13] Get one vc: 3 5 17 18 26
I20220729 19:34:01.860488 471382 adc_enum.cpp:13] Get one vc: 7 17 18 26
I20220729 19:34:01.917517 471382 adc_enum.cpp:13] Get one vc: 14 17 18 26
I20220729 19:34:01.921496 471382 adc_enum.cpp:13] Get one vc: 4 17 18 26
I20220729 19:34:01.923383 471382 adc_enum.cpp:13] Get one vc: 6 17 18 26
I20220729 19:34:01.926789 471382 adc_enum.cpp:13] Get one vc: 11 17 18 26
I20220729 19:34:01.928773 471382 adc_enum.cpp:13] Get one vc: 15 17 18 26
I20220729 19:34:02.033365 471382 adc_enum.cpp:13] Get one vc: 16 18 20 26
I20220729 19:34:02.058018 471382 adc_enum.cpp:13] Get one vc: 3 5 18 20 26
I20220729 19:34:02.082201 471382 adc_enum.cpp:13] Get one vc: 3 7 18 20 26
I20220729 19:34:02.084192 471382 adc_enum.cpp:13] Get one vc: 5 7 18 20 26
I20220729 19:34:02.164258 471382 adc_enum.cpp:13] Get one vc: 3 10 18 20 26
I20220729 19:34:02.169139 471382 adc_enum.cpp:13] Get one vc: 9 10 18 20 26
I20220729 19:34:02.311240 471382 adc_enum.cpp:13] Get one vc: 3 14 18 20 26
I20220729 19:34:02.319540 471382 adc_enum.cpp:13] Get one vc: 4 18 20 26
I20220729 19:34:02.321426 471382 adc_enum.cpp:13] Get one vc: 6 18 20 26
I20220729 19:34:02.374701 471382 adc_enum.cpp:13] Get one vc: 5 11 18 20 26
I20220729 19:34:02.425361 471382 adc_enum.cpp:13] Get one vc: 15 18 20 26
I20220729 19:34:02.475705 471382 adc_enum.cpp:13] Get one vc: 5 17 18 20 26
I20220729 19:34:02.486667 471382 adc_enum.cpp:13] Get one vc: 3 17 18 20 26
I20220729 19:34:02.547775 471382 adc_enum.cpp:13] Get one vc: 3 18 22 26
I20220729 19:34:02.550048 471382 adc_enum.cpp:13] Get one vc: 5 18 22 26
I20220729 19:34:02.552965 471382 adc_enum.cpp:13] Get one vc: 9 18 22 26
I20220729 19:34:02.589622 471382 adc_enum.cpp:13] Get one vc: 14 18 22 26
I20220729 19:34:02.591442 471382 adc_enum.cpp:13] Get one vc: 17 18 22 26
I20220729 19:34:02.648432 471382 adc_enum.cpp:13] Get one vc: 3 18 24 26
I20220729 19:34:02.650663 471382 adc_enum.cpp:13] Get one vc: 5 18 24 26
I20220729 19:34:02.653564 471382 adc_enum.cpp:13] Get one vc: 9 18 24 26
I20220729 19:34:02.690116 471382 adc_enum.cpp:13] Get one vc: 14 18 24 26
I20220729 19:34:02.691931 471382 adc_enum.cpp:13] Get one vc: 17 18 24 26
I20220729 19:34:02.771046 471382 adc_enum.cpp:13] Get one vc: 14 21 26
I20220729 19:34:02.825636 471382 adc_enum.cpp:13] Get one vc: 5 21 26
I20220729 19:34:02.827389 471382 adc_enum.cpp:13] Get one vc: 7 21 26
I20220729 19:34:02.855943 471382 adc_enum.cpp:13] Get one vc: 11 21 26
I20220729 19:34:02.886802 471382 adc_enum.cpp:13] Get one vc: 17 21 26
I20220729 19:34:02.888593 471382 adc_enum.cpp:13] Get one vc: 19 21 26
I20220729 19:34:02.892503 471382 adc_enum.cpp:13] Get one vc: 4 21 26
I20220729 19:34:02.894273 471382 adc_enum.cpp:13] Get one vc: 6 21 26
I20220729 19:34:02.897455 471382 adc_enum.cpp:13] Get one vc: 10 21 26
I20220729 19:34:02.900729 471382 adc_enum.cpp:13] Get one vc: 15 21 26
I20220729 19:34:02.902469 471382 adc_enum.cpp:13] Get one vc: 16 21 26
I20220729 19:34:02.947319 471382 adc_enum.cpp:13] Get one vc: 1 18 21 26
I20220729 19:34:02.948937 471382 adc_enum.cpp:13] Get one vc: 3 18 21 26
I20220729 19:34:02.953138 471382 adc_enum.cpp:13] Get one vc: 9 18 21 26
I20220729 19:34:02.955971 471382 adc_enum.cpp:13] Get one vc: 13 18 21 26
I20220729 19:34:03.330276 471382 adc_enum.cpp:13] Get one vc: 3 5 14 23 26
I20220729 19:34:03.383534 471382 adc_enum.cpp:13] Get one vc: 3 7 14 23 26
I20220729 19:34:03.406947 471382 adc_enum.cpp:13] Get one vc: 3 5 7 23 26
I20220729 19:34:03.408907 471382 adc_enum.cpp:13] Get one vc: 5 7 14 23 26
I20220729 19:34:03.596318 471382 adc_enum.cpp:13] Get one vc: 3 5 11 23 26
I20220729 19:34:03.619696 471382 adc_enum.cpp:13] Get one vc: 7 11 23 26
I20220729 19:34:03.621515 471382 adc_enum.cpp:13] Get one vc: 11 14 23 26
I20220729 19:34:03.800813 471382 adc_enum.cpp:13] Get one vc: 5 17 23 26
I20220729 19:34:03.802675 471382 adc_enum.cpp:13] Get one vc: 7 17 23 26
I20220729 19:34:03.864929 471382 adc_enum.cpp:13] Get one vc: 11 17 23 26
I20220729 19:34:03.866835 471382 adc_enum.cpp:13] Get one vc: 14 17 23 26
I20220729 19:34:03.923491 471382 adc_enum.cpp:13] Get one vc: 17 19 23 26
I20220729 19:34:03.925729 471382 adc_enum.cpp:13] Get one vc: 5 19 23 26
I20220729 19:34:03.951519 471382 adc_enum.cpp:13] Get one vc: 11 19 23 26
I20220729 19:34:03.953315 471382 adc_enum.cpp:13] Get one vc: 14 19 23 26
I20220729 19:34:03.956024 471382 adc_enum.cpp:13] Get one vc: 2 23 26
I20220729 19:34:04.001525 471382 adc_enum.cpp:13] Get one vc: 4 14 23 26
I20220729 19:34:04.052446 471382 adc_enum.cpp:13] Get one vc: 4 9 23 26
I20220729 19:34:04.081375 471382 adc_enum.cpp:13] Get one vc: 4 17 23 26
I20220729 19:34:04.136627 471382 adc_enum.cpp:13] Get one vc: 4 6 23 26
I20220729 19:34:04.138451 471382 adc_enum.cpp:13] Get one vc: 6 14 23 26
I20220729 19:34:04.198221 471382 adc_enum.cpp:13] Get one vc: 5 6 23 26
I20220729 19:34:04.266028 471382 adc_enum.cpp:13] Get one vc: 6 11 23 26
I20220729 19:34:04.323998 471382 adc_enum.cpp:13] Get one vc: 6 17 23 26
I20220729 19:34:04.389787 471382 adc_enum.cpp:13] Get one vc: 6 10 23 26
I20220729 19:34:04.434676 471382 adc_enum.cpp:13] Get one vc: 5 10 23 26
I20220729 19:34:04.517678 471382 adc_enum.cpp:13] Get one vc: 4 10 23 26
I20220729 19:34:04.519523 471382 adc_enum.cpp:13] Get one vc: 7 10 23 26
I20220729 19:34:04.522996 471382 adc_enum.cpp:13] Get one vc: 10 14 23 26
I20220729 19:34:04.524819 471382 adc_enum.cpp:13] Get one vc: 10 17 23 26
I20220729 19:34:04.599336 471382 adc_enum.cpp:13] Get one vc: 6 15 23 26
I20220729 19:34:04.601577 471382 adc_enum.cpp:13] Get one vc: 5 15 23 26
I20220729 19:34:04.625088 471382 adc_enum.cpp:13] Get one vc: 10 15 23 26
I20220729 19:34:04.654331 471382 adc_enum.cpp:13] Get one vc: 7 15 23 26
I20220729 19:34:04.660948 471382 adc_enum.cpp:13] Get one vc: 15 17 23 26
I20220729 19:34:04.732600 471382 adc_enum.cpp:13] Get one vc: 3 5 16 23 26
I20220729 19:34:04.734474 471382 adc_enum.cpp:13] Get one vc: 7 16 23 26
I20220729 19:34:04.760623 471382 adc_enum.cpp:13] Get one vc: 10 16 23 26
I20220729 19:34:04.788794 471382 adc_enum.cpp:13] Get one vc: 14 16 23 26
I20220729 19:34:04.797261 471382 adc_enum.cpp:13] Get one vc: 11 16 23 26
I20220729 19:34:04.909111 471382 adc_enum.cpp:13] Get one vc: 1 16 18 23 26
I20220729 19:34:04.911015 471382 adc_enum.cpp:13] Get one vc: 3 16 18 23 26
I20220729 19:34:04.935853 471382 adc_enum.cpp:13] Get one vc: 3 5 18 23 26
I20220729 19:34:04.957726 471382 adc_enum.cpp:13] Get one vc: 3 7 18 23 26
I20220729 19:34:04.959587 471382 adc_enum.cpp:13] Get one vc: 5 7 18 23 26
I20220729 19:34:05.014516 471382 adc_enum.cpp:13] Get one vc: 9 16 18 23 26
I20220729 19:34:05.066082 471382 adc_enum.cpp:13] Get one vc: 3 10 18 23 26
I20220729 19:34:05.070521 471382 adc_enum.cpp:13] Get one vc: 9 10 18 23 26
I20220729 19:34:05.152773 471382 adc_enum.cpp:13] Get one vc: 13 16 18 23 26
I20220729 19:34:05.212517 471382 adc_enum.cpp:13] Get one vc: 3 14 18 23 26
I20220729 19:34:05.282989 471382 adc_enum.cpp:13] Get one vc: 4 18 23 26
I20220729 19:34:05.284900 471382 adc_enum.cpp:13] Get one vc: 6 18 23 26
I20220729 19:34:05.288321 471382 adc_enum.cpp:13] Get one vc: 11 18 23 26
I20220729 19:34:05.291925 471382 adc_enum.cpp:13] Get one vc: 15 18 23 26
I20220729 19:34:05.293748 471382 adc_enum.cpp:13] Get one vc: 17 18 23 26
I20220729 19:34:05.375456 471382 adc_enum.cpp:13] Get one vc: 14 20 23 26
I20220729 19:34:05.396661 471382 adc_enum.cpp:13] Get one vc: 3 5 20 23 26
I20220729 19:34:05.399917 471382 adc_enum.cpp:13] Get one vc: 7 20 23 26
I20220729 19:34:05.448717 471382 adc_enum.cpp:13] Get one vc: 10 20 23 26
I20220729 19:34:05.501870 471382 adc_enum.cpp:13] Get one vc: 16 20 23 26
I20220729 19:34:05.503672 471382 adc_enum.cpp:13] Get one vc: 18 20 23 26
I20220729 19:34:05.507732 471382 adc_enum.cpp:13] Get one vc: 4 20 23 26
I20220729 19:34:05.509649 471382 adc_enum.cpp:13] Get one vc: 6 20 23 26
I20220729 19:34:05.513077 471382 adc_enum.cpp:13] Get one vc: 11 20 23 26
I20220729 19:34:05.516759 471382 adc_enum.cpp:13] Get one vc: 15 20 23 26
I20220729 19:34:05.518610 471382 adc_enum.cpp:13] Get one vc: 17 20 23 26
I20220729 19:34:05.520519 471382 adc_enum.cpp:13] Get one vc: 19 20 23 26
I20220729 19:34:05.895164 471382 adc_enum.cpp:13] Get one vc: 3 5 14 25 26
I20220729 19:34:05.948926 471382 adc_enum.cpp:13] Get one vc: 3 7 14 25 26
I20220729 19:34:05.972236 471382 adc_enum.cpp:13] Get one vc: 3 5 7 25 26
I20220729 19:34:05.974180 471382 adc_enum.cpp:13] Get one vc: 5 7 14 25 26
I20220729 19:34:06.162271 471382 adc_enum.cpp:13] Get one vc: 3 5 11 25 26
I20220729 19:34:06.185911 471382 adc_enum.cpp:13] Get one vc: 7 11 25 26
I20220729 19:34:06.187743 471382 adc_enum.cpp:13] Get one vc: 11 14 25 26
I20220729 19:34:06.366942 471382 adc_enum.cpp:13] Get one vc: 5 17 25 26
I20220729 19:34:06.368780 471382 adc_enum.cpp:13] Get one vc: 7 17 25 26
I20220729 19:34:06.431099 471382 adc_enum.cpp:13] Get one vc: 11 17 25 26
I20220729 19:34:06.432931 471382 adc_enum.cpp:13] Get one vc: 14 17 25 26
I20220729 19:34:06.489681 471382 adc_enum.cpp:13] Get one vc: 17 19 25 26
I20220729 19:34:06.491937 471382 adc_enum.cpp:13] Get one vc: 5 19 25 26
I20220729 19:34:06.517952 471382 adc_enum.cpp:13] Get one vc: 11 19 25 26
I20220729 19:34:06.519780 471382 adc_enum.cpp:13] Get one vc: 14 19 25 26
I20220729 19:34:06.522517 471382 adc_enum.cpp:13] Get one vc: 2 25 26
I20220729 19:34:06.568303 471382 adc_enum.cpp:13] Get one vc: 4 14 25 26
I20220729 19:34:06.619640 471382 adc_enum.cpp:13] Get one vc: 4 9 25 26
I20220729 19:34:06.648651 471382 adc_enum.cpp:13] Get one vc: 4 17 25 26
I20220729 19:34:06.703778 471382 adc_enum.cpp:13] Get one vc: 4 6 25 26
I20220729 19:34:06.705596 471382 adc_enum.cpp:13] Get one vc: 6 14 25 26
I20220729 19:34:06.765213 471382 adc_enum.cpp:13] Get one vc: 5 6 25 26
I20220729 19:34:06.833083 471382 adc_enum.cpp:13] Get one vc: 6 11 25 26
I20220729 19:34:06.891455 471382 adc_enum.cpp:13] Get one vc: 6 17 25 26
I20220729 19:34:06.957391 471382 adc_enum.cpp:13] Get one vc: 6 10 25 26
I20220729 19:34:07.002358 471382 adc_enum.cpp:13] Get one vc: 5 10 25 26
I20220729 19:34:07.085409 471382 adc_enum.cpp:13] Get one vc: 4 10 25 26
I20220729 19:34:07.087278 471382 adc_enum.cpp:13] Get one vc: 7 10 25 26
I20220729 19:34:07.090768 471382 adc_enum.cpp:13] Get one vc: 10 14 25 26
I20220729 19:34:07.092609 471382 adc_enum.cpp:13] Get one vc: 10 17 25 26
I20220729 19:34:07.168211 471382 adc_enum.cpp:13] Get one vc: 6 15 25 26
I20220729 19:34:07.170471 471382 adc_enum.cpp:13] Get one vc: 5 15 25 26
I20220729 19:34:07.194012 471382 adc_enum.cpp:13] Get one vc: 10 15 25 26
I20220729 19:34:07.223238 471382 adc_enum.cpp:13] Get one vc: 7 15 25 26
I20220729 19:34:07.229903 471382 adc_enum.cpp:13] Get one vc: 15 17 25 26
I20220729 19:34:07.301426 471382 adc_enum.cpp:13] Get one vc: 3 5 16 25 26
I20220729 19:34:07.303269 471382 adc_enum.cpp:13] Get one vc: 7 16 25 26
I20220729 19:34:07.329380 471382 adc_enum.cpp:13] Get one vc: 10 16 25 26
I20220729 19:34:07.357347 471382 adc_enum.cpp:13] Get one vc: 14 16 25 26
I20220729 19:34:07.365706 471382 adc_enum.cpp:13] Get one vc: 11 16 25 26
I20220729 19:34:07.476550 471382 adc_enum.cpp:13] Get one vc: 1 16 18 25 26
I20220729 19:34:07.478225 471382 adc_enum.cpp:13] Get one vc: 3 16 18 25 26
I20220729 19:34:07.501945 471382 adc_enum.cpp:13] Get one vc: 3 5 18 25 26
I20220729 19:34:07.523913 471382 adc_enum.cpp:13] Get one vc: 3 7 18 25 26
I20220729 19:34:07.525780 471382 adc_enum.cpp:13] Get one vc: 5 7 18 25 26
I20220729 19:34:07.580168 471382 adc_enum.cpp:13] Get one vc: 9 16 18 25 26
I20220729 19:34:07.631261 471382 adc_enum.cpp:13] Get one vc: 3 10 18 25 26
I20220729 19:34:07.635685 471382 adc_enum.cpp:13] Get one vc: 9 10 18 25 26
I20220729 19:34:07.716331 471382 adc_enum.cpp:13] Get one vc: 13 16 18 25 26
I20220729 19:34:07.775723 471382 adc_enum.cpp:13] Get one vc: 3 14 18 25 26
I20220729 19:34:07.845868 471382 adc_enum.cpp:13] Get one vc: 4 18 25 26
I20220729 19:34:07.847779 471382 adc_enum.cpp:13] Get one vc: 6 18 25 26
I20220729 19:34:07.851277 471382 adc_enum.cpp:13] Get one vc: 11 18 25 26
I20220729 19:34:07.854939 471382 adc_enum.cpp:13] Get one vc: 15 18 25 26
I20220729 19:34:07.856808 471382 adc_enum.cpp:13] Get one vc: 17 18 25 26
I20220729 19:34:07.940605 471382 adc_enum.cpp:13] Get one vc: 14 20 25 26
I20220729 19:34:07.962340 471382 adc_enum.cpp:13] Get one vc: 3 5 20 25 26
I20220729 19:34:07.965939 471382 adc_enum.cpp:13] Get one vc: 7 20 25 26
I20220729 19:34:08.015897 471382 adc_enum.cpp:13] Get one vc: 10 20 25 26
I20220729 19:34:08.068548 471382 adc_enum.cpp:13] Get one vc: 16 20 25 26
I20220729 19:34:08.070319 471382 adc_enum.cpp:13] Get one vc: 18 20 25 26
I20220729 19:34:08.074285 471382 adc_enum.cpp:13] Get one vc: 4 20 25 26
I20220729 19:34:08.076170 471382 adc_enum.cpp:13] Get one vc: 6 20 25 26
I20220729 19:34:08.079594 471382 adc_enum.cpp:13] Get one vc: 11 20 25 26
I20220729 19:34:08.083218 471382 adc_enum.cpp:13] Get one vc: 15 20 25 26
I20220729 19:34:08.085125 471382 adc_enum.cpp:13] Get one vc: 17 20 25 26
I20220729 19:34:08.087272 471382 adc_enum.cpp:13] Get one vc: 19 20 25 26
I20220729 19:34:08.089185 471382 adc_enum.cpp:13] Get one vc: 26 27
I20220729 19:34:08.837361 471382 adc_enum.cpp:13] Get one vc: 3 11 14 26 29
I20220729 19:34:08.862349 471382 adc_enum.cpp:13] Get one vc: 3 5 11 26 29
I20220729 19:34:09.196708 471382 adc_enum.cpp:13] Get one vc: 3 11 17 26 29
I20220729 19:34:09.275926 471382 adc_enum.cpp:13] Get one vc: 3 14 17 26 29
I20220729 19:34:09.421329 471382 adc_enum.cpp:13] Get one vc: 11 19 26 29
I20220729 19:34:09.423162 471382 adc_enum.cpp:13] Get one vc: 14 19 26 29
I20220729 19:34:09.424989 471382 adc_enum.cpp:13] Get one vc: 17 19 26 29
I20220729 19:34:09.427860 471382 adc_enum.cpp:13] Get one vc: 2 26 29
I20220729 19:34:09.477661 471382 adc_enum.cpp:13] Get one vc: 4 14 26 29
I20220729 19:34:09.582748 471382 adc_enum.cpp:13] Get one vc: 4 17 26 29
I20220729 19:34:09.638180 471382 adc_enum.cpp:13] Get one vc: 4 6 26 29
I20220729 19:34:09.640028 471382 adc_enum.cpp:13] Get one vc: 6 14 26 29
I20220729 19:34:09.699869 471382 adc_enum.cpp:13] Get one vc: 5 6 26 29
I20220729 19:34:09.767746 471382 adc_enum.cpp:13] Get one vc: 6 11 26 29
I20220729 19:34:09.826076 471382 adc_enum.cpp:13] Get one vc: 6 17 26 29
I20220729 19:34:10.093199 471382 adc_enum.cpp:13] Get one vc: 4 10 26 29
I20220729 19:34:10.095108 471382 adc_enum.cpp:13] Get one vc: 6 10 26 29
I20220729 19:34:10.164301 471382 adc_enum.cpp:13] Get one vc: 3 10 14 26 29
I20220729 19:34:10.167428 471382 adc_enum.cpp:13] Get one vc: 9 10 14 26 29
I20220729 19:34:10.242666 471382 adc_enum.cpp:13] Get one vc: 9 10 17 26 29
I20220729 19:34:10.244804 471382 adc_enum.cpp:13] Get one vc: 3 10 17 26 29
I20220729 19:34:10.380385 471382 adc_enum.cpp:13] Get one vc: 9 10 15 26 29
I20220729 19:34:10.435804 471382 adc_enum.cpp:13] Get one vc: 3 5 15 26 29
I20220729 19:34:10.487917 471382 adc_enum.cpp:13] Get one vc: 6 15 26 29
I20220729 19:34:10.536583 471382 adc_enum.cpp:13] Get one vc: 9 15 17 26 29
I20220729 19:34:10.682636 471382 adc_enum.cpp:13] Get one vc: 3 14 16 26 29
I20220729 19:34:10.706455 471382 adc_enum.cpp:13] Get one vc: 3 5 16 26 29
I20220729 19:34:10.758062 471382 adc_enum.cpp:13] Get one vc: 11 16 26 29
I20220729 19:34:10.857326 471382 adc_enum.cpp:13] Get one vc: 1 10 16 26 29
I20220729 19:34:10.858999 471382 adc_enum.cpp:13] Get one vc: 3 10 16 26 29
I20220729 19:34:10.862095 471382 adc_enum.cpp:13] Get one vc: 9 10 16 26 29
I20220729 19:34:10.863657 471382 adc_enum.cpp:13] Get one vc: 10 13 16 26 29
I20220729 19:34:11.144546 471382 adc_enum.cpp:13] Get one vc: 3 9 10 18 26 29
I20220729 19:34:11.341966 471382 adc_enum.cpp:13] Get one vc: 3 9 14 18 26 29
I20220729 19:34:11.414369 471382 adc_enum.cpp:13] Get one vc: 3 17 18 26 29
I20220729 19:34:11.416254 471382 adc_enum.cpp:13] Get one vc: 5 17 18 26 29
I20220729 19:34:11.421813 471382 adc_enum.cpp:13] Get one vc: 4 18 26 29
I20220729 19:34:11.423722 471382 adc_enum.cpp:13] Get one vc: 6 18 26 29
I20220729 19:34:11.477571 471382 adc_enum.cpp:13] Get one vc: 5 11 18 26 29
I20220729 19:34:11.772640 471382 adc_enum.cpp:13] Get one vc: 3 16 18 26 29
I20220729 19:34:12.066262 471382 adc_enum.cpp:13] Get one vc: 14 17 20 26 29
I20220729 19:34:12.115368 471382 adc_enum.cpp:13] Get one vc: 5 14 20 26 29
I20220729 19:34:12.117347 471382 adc_enum.cpp:13] Get one vc: 5 17 20 26 29
I20220729 19:34:12.258241 471382 adc_enum.cpp:13] Get one vc: 3 9 17 20 26 29
I20220729 19:34:12.289011 471382 adc_enum.cpp:13] Get one vc: 5 10 20 26 29
I20220729 19:34:12.317221 471382 adc_enum.cpp:13] Get one vc: 3 9 10 20 26 29
I20220729 19:34:12.524583 471382 adc_enum.cpp:13] Get one vc: 10 18 20 26 29
I20220729 19:34:12.526526 471382 adc_enum.cpp:13] Get one vc: 14 18 20 26 29
I20220729 19:34:12.528450 471382 adc_enum.cpp:13] Get one vc: 17 18 20 26 29
I20220729 19:34:12.532454 471382 adc_enum.cpp:13] Get one vc: 4 20 26 29
I20220729 19:34:12.534353 471382 adc_enum.cpp:13] Get one vc: 6 20 26 29
I20220729 19:34:12.579703 471382 adc_enum.cpp:13] Get one vc: 5 11 20 26 29
I20220729 19:34:12.619221 471382 adc_enum.cpp:13] Get one vc: 3 11 20 26 29
I20220729 19:34:12.626163 471382 adc_enum.cpp:13] Get one vc: 11 14 20 26 29
I20220729 19:34:12.629508 471382 adc_enum.cpp:13] Get one vc: 11 18 20 26 29
I20220729 19:34:12.674033 471382 adc_enum.cpp:13] Get one vc: 5 15 20 26 29
I20220729 19:34:12.682278 471382 adc_enum.cpp:13] Get one vc: 3 15 20 26 29
I20220729 19:34:12.744339 471382 adc_enum.cpp:13] Get one vc: 3 16 20 26 29
I20220729 19:34:12.746677 471382 adc_enum.cpp:13] Get one vc: 5 16 20 26 29
I20220729 19:34:12.763538 471382 adc_enum.cpp:13] Get one vc: 19 20 26 29
I20220729 19:34:12.765640 471382 adc_enum.cpp:13] Get one vc: 22 26 29
I20220729 19:34:12.767477 471382 adc_enum.cpp:13] Get one vc: 24 26 29
I20220729 19:34:12.835090 471382 adc_enum.cpp:13] Get one vc: 11 28
I20220729 19:34:12.837200 471382 adc_enum.cpp:13] Get one vc: 5 28
I20220729 19:34:12.863524 471382 adc_enum.cpp:13] Get one vc: 3 9 28
I20220729 19:34:12.892364 471382 adc_enum.cpp:13] Get one vc: 15 28
I20220729 19:34:12.894062 471382 adc_enum.cpp:13] Get one vc: 16 28
I20220729 19:34:12.895694 471382 adc_enum.cpp:13] Get one vc: 18 28
I20220729 19:34:12.897361 471382 adc_enum.cpp:13] Get one vc: 27 28
I20220729 19:34:12.900903 471382 adc_enum.cpp:13] Get one vc: 2 28
I20220729 19:34:12.902599 471382 adc_enum.cpp:13] Get one vc: 4 28
I20220729 19:34:12.904251 471382 adc_enum.cpp:13] Get one vc: 7 28
I20220729 19:34:12.906014 471382 adc_enum.cpp:13] Get one vc: 8 28
I20220729 19:34:12.907688 471382 adc_enum.cpp:13] Get one vc: 10 28
I20220729 19:34:12.910737 471382 adc_enum.cpp:13] Get one vc: 14 28
I20220729 19:34:12.912405 471382 adc_enum.cpp:13] Get one vc: 17 28
I20220729 19:34:12.914120 471382 adc_enum.cpp:13] Get one vc: 19 28
I20220729 19:34:12.915866 471382 adc_enum.cpp:13] Get one vc: 21 28
I20220729 19:34:12.917484 471382 adc_enum.cpp:13] Get one vc: 23 28
I20220729 19:34:12.919097 471382 adc_enum.cpp:13] Get one vc: 25 28
I20220729 19:34:12.920889 471382 adc_enum.cpp:13] Get one vc: 26 28
I20220729 19:34:12.922485 471382 adc_enum.cpp:13] Get one vc: 28 29
I20220729 19:34:12.922554 471382 exp_framework.cpp:37] time cost: 120s
I20220729 19:34:12.922713 471382 exp_framework.cpp:13] #### Process Dataset - test ####
I20220729 19:34:12.922781 471382 exp_framework.cpp:18] ## Process File - "v30_e307.txt" ##
I20220729 19:34:12.927479 471382 exp_framework.cpp:32] vertex: 30 edge: 307
I20220729 19:34:13.079926 471382 advanced_adc_enum.cpp:21] Get one vc: 0
I20220729 19:34:13.115082 471382 advanced_adc_enum.cpp:21] Get one vc: 2 3
I20220729 19:34:13.116789 471382 advanced_adc_enum.cpp:21] Get one vc: 2 4
I20220729 19:34:13.118461 471382 advanced_adc_enum.cpp:21] Get one vc: 2 6
I20220729 19:34:13.153656 472433 advanced_adc_enum.cpp:21] Get one vc: 2 16
I20220729 19:34:13.193521 471382 advanced_adc_enum.cpp:21] Get one vc: 2 19
I20220729 19:34:13.195256 471382 advanced_adc_enum.cpp:21] Get one vc: 2 21
I20220729 19:34:13.262118 472432 advanced_adc_enum.cpp:21] Get one vc: 2 14 23
I20220729 19:34:13.271641 472433 advanced_adc_enum.cpp:21] Get one vc: 2 14 29
I20220729 19:34:13.276145 472433 advanced_adc_enum.cpp:21] Get one vc: 1 2 14
I20220729 19:34:13.277735 472433 advanced_adc_enum.cpp:21] Get one vc: 2 9 14
I20220729 19:34:13.279539 472433 advanced_adc_enum.cpp:21] Get one vc: 2 11 14
I20220729 19:34:13.280508 471382 advanced_adc_enum.cpp:21] Get one vc: 2 11 23
I20220729 19:34:13.281076 472433 advanced_adc_enum.cpp:21] Get one vc: 2 13 14
I20220729 19:34:13.352735 471382 advanced_adc_enum.cpp:21] Get one vc: 2 11 25
I20220729 19:34:13.354480 471382 advanced_adc_enum.cpp:21] Get one vc: 2 14 25
I20220729 19:34:13.377611 471382 advanced_adc_enum.cpp:21] Get one vc: 2 9 27
I20220729 19:34:13.379101 471382 advanced_adc_enum.cpp:21] Get one vc: 2 13 27
I20220729 19:34:13.383335 471382 advanced_adc_enum.cpp:21] Get one vc: 2 23 27
I20220729 19:34:13.384979 471382 advanced_adc_enum.cpp:21] Get one vc: 2 25 27
I20220729 19:34:13.386531 471382 advanced_adc_enum.cpp:21] Get one vc: 2 27 29
I20220729 19:34:13.395118 472434 advanced_adc_enum.cpp:21] Get one vc: 2 11 27
I20220729 19:34:13.414908 472433 advanced_adc_enum.cpp:21] Get one vc: 2 14 27
I20220729 19:34:13.447563 472434 advanced_adc_enum.cpp:21] Get one vc: 1 2 27
I20220729 19:34:13.582831 472431 advanced_adc_enum.cpp:21] Get one vc: 4 9 11 14 29
I20220729 19:34:13.584357 472431 advanced_adc_enum.cpp:21] Get one vc: 4 11 13 14 29
I20220729 19:34:13.630924 472433 advanced_adc_enum.cpp:21] Get one vc: 3 5 6 16
I20220729 19:34:13.655915 472434 advanced_adc_enum.cpp:21] Get one vc: 2 5 14
I20220729 19:34:13.674536 472433 advanced_adc_enum.cpp:21] Get one vc: 5 6 14 16
I20220729 19:34:13.725421 472432 advanced_adc_enum.cpp:21] Get one vc: 4 5
I20220729 19:34:13.792436 472434 advanced_adc_enum.cpp:21] Get one vc: 3 5 6 11
I20220729 19:34:13.831028 472432 advanced_adc_enum.cpp:21] Get one vc: 3 5 6 14
I20220729 19:34:13.842283 472433 advanced_adc_enum.cpp:21] Get one vc: 5 6 11 14
I20220729 19:34:13.867501 472434 advanced_adc_enum.cpp:21] Get one vc: 3 5 11 16
I20220729 19:34:13.869385 472434 advanced_adc_enum.cpp:21] Get one vc: 5 11 14 16
I20220729 19:34:13.979929 471382 advanced_adc_enum.cpp:21] Get one vc: 5 6 19
I20220729 19:34:14.009070 472431 advanced_adc_enum.cpp:21] Get one vc: 4 11 14 23
I20220729 19:34:14.022904 472432 advanced_adc_enum.cpp:21] Get one vc: 5 11 14 19
I20220729 19:34:14.050863 471382 advanced_adc_enum.cpp:21] Get one vc: 5 11 16 19
I20220729 19:34:14.052677 471382 advanced_adc_enum.cpp:21] Get one vc: 5 14 16 19
I20220729 19:34:14.055646 472434 advanced_adc_enum.cpp:21] Get one vc: 3 5 11 19
I20220729 19:34:14.087756 471382 advanced_adc_enum.cpp:21] Get one vc: 5 6 21
I20220729 19:34:14.126137 472432 advanced_adc_enum.cpp:21] Get one vc: 5 16 21
I20220729 19:34:14.131889 472434 advanced_adc_enum.cpp:21] Get one vc: 3 5 11 21
I20220729 19:34:14.155360 471382 advanced_adc_enum.cpp:21] Get one vc: 5 11 14 21
I20220729 19:34:14.158548 471382 advanced_adc_enum.cpp:21] Get one vc: 5 19 21
I20220729 19:34:14.182458 472432 advanced_adc_enum.cpp:21] Get one vc: 3 5 14 21
I20220729 19:34:14.357326 472432 advanced_adc_enum.cpp:21] Get one vc: 5 6 14 23
I20220729 19:34:14.393365 472432 advanced_adc_enum.cpp:21] Get one vc: 5 6 16 23
I20220729 19:34:14.397006 472433 advanced_adc_enum.cpp:21] Get one vc: 3 5 14 16 23
I20220729 19:34:14.471432 471382 advanced_adc_enum.cpp:21] Get one vc: 5 6 11 23
I20220729 19:34:14.492280 471382 advanced_adc_enum.cpp:21] Get one vc: 3 5 11 14 23
I20220729 19:34:14.508141 472431 advanced_adc_enum.cpp:21] Get one vc: 4 11 14 25
I20220729 19:34:14.631456 471382 advanced_adc_enum.cpp:21] Get one vc: 5 14 19 23
I20220729 19:34:14.633329 471382 advanced_adc_enum.cpp:21] Get one vc: 5 16 19 23
I20220729 19:34:14.652330 472432 advanced_adc_enum.cpp:21] Get one vc: 5 11 19 23
I20220729 19:34:14.744762 471382 advanced_adc_enum.cpp:21] Get one vc: 5 6 14 25
I20220729 19:34:14.758270 472433 advanced_adc_enum.cpp:21] Get one vc: 5 6 16 25
I20220729 19:34:14.773156 472434 advanced_adc_enum.cpp:21] Get one vc: 3 5 14 16 25
I20220729 19:34:14.802827 471382 advanced_adc_enum.cpp:21] Get one vc: 3 5 11 14 25
I20220729 19:34:14.804829 471382 advanced_adc_enum.cpp:21] Get one vc: 5 6 11 25
I20220729 19:34:14.833693 471382 advanced_adc_enum.cpp:21] Get one vc: 5 14 19 25
I20220729 19:34:14.880357 472434 advanced_adc_enum.cpp:21] Get one vc: 5 16 19 25
I20220729 19:34:14.908491 472432 advanced_adc_enum.cpp:21] Get one vc: 5 11 19 25
I20220729 19:34:14.921746 471382 advanced_adc_enum.cpp:21] Get one vc: 2 5 27
I20220729 19:34:14.953248 471382 advanced_adc_enum.cpp:21] Get one vc: 5 6 11 27
I20220729 19:34:14.955226 471382 advanced_adc_enum.cpp:21] Get one vc: 5 11 19 27
I20220729 19:34:14.963104 472433 advanced_adc_enum.cpp:21] Get one vc: 5 21 27
I20220729 19:34:14.973206 472434 advanced_adc_enum.cpp:21] Get one vc: 5 11 16 27
I20220729 19:34:14.974947 472434 advanced_adc_enum.cpp:21] Get one vc: 5 11 23 27
I20220729 19:34:14.976665 472434 advanced_adc_enum.cpp:21] Get one vc: 5 11 25 27
I20220729 19:34:14.986166 472433 advanced_adc_enum.cpp:21] Get one vc: 3 5 11 27
I20220729 19:34:15.000731 472434 advanced_adc_enum.cpp:21] Get one vc: 3 5 14 27
I20220729 19:34:15.002661 472434 advanced_adc_enum.cpp:21] Get one vc: 5 6 14 27
I20220729 19:34:15.004541 472434 advanced_adc_enum.cpp:21] Get one vc: 5 14 16 27
I20220729 19:34:15.007884 471382 advanced_adc_enum.cpp:21] Get one vc: 5 11 14 27
I20220729 19:34:15.033830 471382 advanced_adc_enum.cpp:21] Get one vc: 5 14 19 27
I20220729 19:34:15.037031 471382 advanced_adc_enum.cpp:21] Get one vc: 5 14 23 27
I20220729 19:34:15.038743 471382 advanced_adc_enum.cpp:21] Get one vc: 5 14 25 27
I20220729 19:34:15.080989 472434 advanced_adc_enum.cpp:21] Get one vc: 3 4 9 11 14
I20220729 19:34:15.085256 472432 advanced_adc_enum.cpp:21] Get one vc: 3 5 19 27
I20220729 19:34:15.087329 472433 advanced_adc_enum.cpp:21] Get one vc: 3 4 11 13 14
I20220729 19:34:15.089125 472433 advanced_adc_enum.cpp:21] Get one vc: 3 4 11 14 29
I20220729 19:34:15.105224 472432 advanced_adc_enum.cpp:21] Get one vc: 3 5 6 27
I20220729 19:34:15.131011 472432 advanced_adc_enum.cpp:21] Get one vc: 5 6 16 27
I20220729 19:34:15.132922 472432 advanced_adc_enum.cpp:21] Get one vc: 5 16 19 27
I20220729 19:34:15.188459 472433 advanced_adc_enum.cpp:21] Get one vc: 5 6 23 27
I20220729 19:34:15.227900 472433 advanced_adc_enum.cpp:21] Get one vc: 3 5 16 23 27
I20220729 19:34:15.232872 472433 advanced_adc_enum.cpp:21] Get one vc: 5 19 23 27
I20220729 19:34:15.236791 472432 advanced_adc_enum.cpp:21] Get one vc: 3 5 16 25 27
I20220729 19:34:15.238873 472432 advanced_adc_enum.cpp:21] Get one vc: 5 6 25 27
I20220729 19:34:15.240813 472432 advanced_adc_enum.cpp:21] Get one vc: 5 19 25 27
I20220729 19:34:15.392297 471382 advanced_adc_enum.cpp:21] Get one vc: 3 5 11 14 29
I20220729 19:34:15.409206 472432 advanced_adc_enum.cpp:21] Get one vc: 3 5 14 16 29
I20220729 19:34:15.451660 471382 advanced_adc_enum.cpp:21] Get one vc: 3 5 16 27 29
I20220729 19:34:15.482463 471382 advanced_adc_enum.cpp:21] Get one vc: 5 6 11 29
I20220729 19:34:15.484310 471382 advanced_adc_enum.cpp:21] Get one vc: 5 6 14 29
I20220729 19:34:15.486187 471382 advanced_adc_enum.cpp:21] Get one vc: 5 6 16 29
I20220729 19:34:15.488057 471382 advanced_adc_enum.cpp:21] Get one vc: 5 6 27 29
I20220729 19:34:15.679853 472433 advanced_adc_enum.cpp:21] Get one vc: 3 5 14 19 29
I20220729 19:34:15.750145 471382 advanced_adc_enum.cpp:21] Get one vc: 2 7 27
I20220729 19:34:15.767370 472433 advanced_adc_enum.cpp:21] Get one vc: 3 5 16 19 29
I20220729 19:34:15.796077 471382 advanced_adc_enum.cpp:21] Get one vc: 2 5 7 11
I20220729 19:34:15.801126 471382 advanced_adc_enum.cpp:21] Get one vc: 2 7 14
I20220729 19:34:15.851677 471382 advanced_adc_enum.cpp:21] Get one vc: 3 4 7 11
I20220729 19:34:15.853490 471382 advanced_adc_enum.cpp:21] Get one vc: 4 7 14
I20220729 19:34:15.855253 471382 advanced_adc_enum.cpp:21] Get one vc: 4 7 16
I20220729 19:34:15.857062 471382 advanced_adc_enum.cpp:21] Get one vc: 4 7 19
I20220729 19:34:15.858836 471382 advanced_adc_enum.cpp:21] Get one vc: 4 7 27
I20220729 19:34:15.860539 471382 advanced_adc_enum.cpp:21] Get one vc: 6 7
I20220729 19:34:15.926854 472431 advanced_adc_enum.cpp:21] Get one vc: 6 11 14 23
I20220729 19:34:15.928609 472431 advanced_adc_enum.cpp:21] Get one vc: 6 11 14 25
I20220729 19:34:15.930224 472431 advanced_adc_enum.cpp:21] Get one vc: 6 11 14 29
I20220729 19:34:15.938429 471382 advanced_adc_enum.cpp:21] Get one vc: 3 5 7 21
I20220729 19:34:15.948819 472433 advanced_adc_enum.cpp:21] Get one vc: 7 19 21
I20220729 19:34:15.950615 472433 advanced_adc_enum.cpp:21] Get one vc: 7 21 27
I20220729 19:34:15.971258 472431 advanced_adc_enum.cpp:21] Get one vc: 4 6 11
I20220729 19:34:16.035775 471382 advanced_adc_enum.cpp:21] Get one vc: 4 7 21
I20220729 19:34:16.037711 471382 advanced_adc_enum.cpp:21] Get one vc: 7 11 21
I20220729 19:34:16.039510 471382 advanced_adc_enum.cpp:21] Get one vc: 7 14 21
I20220729 19:34:16.041268 471382 advanced_adc_enum.cpp:21] Get one vc: 7 16 21
I20220729 19:34:16.063570 472434 advanced_adc_enum.cpp:21] Get one vc: 4 6 9 23
I20220729 19:34:16.083173 472434 advanced_adc_enum.cpp:21] Get one vc: 4 6 9 25
I20220729 19:34:16.102326 472434 advanced_adc_enum.cpp:21] Get one vc: 4 6 9 29
I20220729 19:34:16.267611 472433 advanced_adc_enum.cpp:21] Get one vc: 4 6 9 14
I20220729 19:34:16.286643 472433 advanced_adc_enum.cpp:21] Get one vc: 4 6 14 23
I20220729 19:34:16.288494 472433 advanced_adc_enum.cpp:21] Get one vc: 4 6 14 25
I20220729 19:34:16.290194 472433 advanced_adc_enum.cpp:21] Get one vc: 4 6 14 29
I20220729 19:34:16.320461 472434 advanced_adc_enum.cpp:21] Get one vc: 3 6 9 11 14
I20220729 19:34:16.321993 472434 advanced_adc_enum.cpp:21] Get one vc: 3 6 11 13 14
I20220729 19:34:16.326474 472432 advanced_adc_enum.cpp:21] Get one vc: 5 7 16 19
I20220729 19:34:16.332085 472434 advanced_adc_enum.cpp:21] Get one vc: 3 7 16 19
I20220729 19:34:16.411715 471382 advanced_adc_enum.cpp:21] Get one vc: 3 7 11 23 27
I20220729 19:34:16.413763 471382 advanced_adc_enum.cpp:21] Get one vc: 7 16 23 27
I20220729 19:34:16.445048 472431 advanced_adc_enum.cpp:21] Get one vc: 3 6 9 11 23
I20220729 19:34:16.474239 472432 advanced_adc_enum.cpp:21] Get one vc: 3 7 11 16
I20220729 19:34:16.477439 472432 advanced_adc_enum.cpp:21] Get one vc: 5 7 11 16
I20220729 19:34:16.498804 472434 advanced_adc_enum.cpp:21] Get one vc: 5 7 11 19
I20220729 19:34:16.523563 472433 advanced_adc_enum.cpp:21] Get one vc: 3 7 11 19
I20220729 19:34:16.536073 472432 advanced_adc_enum.cpp:21] Get one vc: 7 11 16 19
I20220729 19:34:16.566825 472433 advanced_adc_enum.cpp:21] Get one vc: 4 7 11 23
I20220729 19:34:16.569433 471382 advanced_adc_enum.cpp:21] Get one vc: 2 7 23
I20220729 19:34:16.591121 472433 advanced_adc_enum.cpp:21] Get one vc: 3 6 9 11 25
I20220729 19:34:16.658296 472432 advanced_adc_enum.cpp:21] Get one vc: 5 7 11 14
I20220729 19:34:16.706463 471382 advanced_adc_enum.cpp:21] Get one vc: 3 5 7 11 23
I20220729 19:34:16.715837 472432 advanced_adc_enum.cpp:21] Get one vc: 3 7 14 16
I20220729 19:34:16.717680 472432 advanced_adc_enum.cpp:21] Get one vc: 7 11 14 16
I20220729 19:34:16.719944 472432 advanced_adc_enum.cpp:21] Get one vc: 5 7 14 16
I20220729 19:34:16.773043 472433 advanced_adc_enum.cpp:21] Get one vc: 3 6 9 11 29
I20220729 19:34:16.839202 472434 advanced_adc_enum.cpp:21] Get one vc: 3 5 7 16 23
I20220729 19:34:16.845023 472432 advanced_adc_enum.cpp:21] Get one vc: 3 7 14 19
I20220729 19:34:16.846886 472432 advanced_adc_enum.cpp:21] Get one vc: 7 14 16 19
I20220729 19:34:16.847801 471382 advanced_adc_enum.cpp:21] Get one vc: 3 5 7 23 27
I20220729 19:34:16.849187 472432 advanced_adc_enum.cpp:21] Get one vc: 7 11 14 19
I20220729 19:34:16.851171 472434 advanced_adc_enum.cpp:21] Get one vc: 5 7 14 19
I20220729 19:34:16.947012 472432 advanced_adc_enum.cpp:21] Get one vc: 5 7 11 27
I20220729 19:34:16.949350 472432 advanced_adc_enum.cpp:21] Get one vc: 5 7 16 27
I20220729 19:34:16.989015 472434 advanced_adc_enum.cpp:21] Get one vc: 3 7 16 27
I20220729 19:34:16.990855 472434 advanced_adc_enum.cpp:21] Get one vc: 7 11 16 27
I20220729 19:34:17.083151 472432 advanced_adc_enum.cpp:21] Get one vc: 5 7 14 27
I20220729 19:34:17.090109 471382 advanced_adc_enum.cpp:21] Get one vc: 3 5 7 14 23
I20220729 19:34:17.122171 472432 advanced_adc_enum.cpp:21] Get one vc: 3 7 14 27
I20220729 19:34:17.124053 472432 advanced_adc_enum.cpp:21] Get one vc: 7 11 14 27
I20220729 19:34:17.125958 472432 advanced_adc_enum.cpp:21] Get one vc: 7 14 16 27
I20220729 19:34:17.162075 472434 advanced_adc_enum.cpp:21] Get one vc: 7 14 23 27
I20220729 19:34:17.183843 472432 advanced_adc_enum.cpp:21] Get one vc: 7 11 19 27
I20220729 19:34:17.185834 472432 advanced_adc_enum.cpp:21] Get one vc: 7 14 19 27
I20220729 19:34:17.188567 472432 advanced_adc_enum.cpp:21] Get one vc: 3 7 19 27
I20220729 19:34:17.190495 472432 advanced_adc_enum.cpp:21] Get one vc: 5 7 19 27
I20220729 19:34:17.192700 472432 advanced_adc_enum.cpp:21] Get one vc: 7 16 19 27
I20220729 19:34:17.259431 472434 advanced_adc_enum.cpp:21] Get one vc: 7 14 16 23
I20220729 19:34:17.259960 471382 advanced_adc_enum.cpp:21] Get one vc: 7 14 19 23
I20220729 19:34:17.280508 472431 advanced_adc_enum.cpp:21] Get one vc: 4 9 16 23
I20220729 19:34:17.307698 472433 advanced_adc_enum.cpp:21] Get one vc: 7 16 19 23
I20220729 19:34:17.317992 472431 advanced_adc_enum.cpp:21] Get one vc: 4 9 16 25
I20220729 19:34:17.324980 472434 advanced_adc_enum.cpp:21] Get one vc: 3 7 11 14 23
I20220729 19:34:17.332826 471382 advanced_adc_enum.cpp:21] Get one vc: 7 11 19 23
I20220729 19:34:17.357825 471382 advanced_adc_enum.cpp:21] Get one vc: 7 19 23 27
I20220729 19:34:17.360167 471382 advanced_adc_enum.cpp:21] Get one vc: 5 7 19 23
I20220729 19:34:17.454085 472434 advanced_adc_enum.cpp:21] Get one vc: 4 9 14 16
I20220729 19:34:17.455634 472434 advanced_adc_enum.cpp:21] Get one vc: 4 13 14 16
I20220729 19:34:17.455852 471382 advanced_adc_enum.cpp:21] Get one vc: 2 7 25
I20220729 19:34:17.457397 472434 advanced_adc_enum.cpp:21] Get one vc: 4 14 16 23
I20220729 19:34:17.459218 472434 advanced_adc_enum.cpp:21] Get one vc: 4 14 16 25
I20220729 19:34:17.460826 472434 advanced_adc_enum.cpp:21] Get one vc: 4 14 16 29
I20220729 19:34:17.506492 472431 advanced_adc_enum.cpp:21] Get one vc: 4 6 9 16
I20220729 19:34:17.539964 472431 advanced_adc_enum.cpp:21] Get one vc: 4 6 13 16
I20220729 19:34:17.582616 472434 advanced_adc_enum.cpp:21] Get one vc: 3 5 7 14 25
I20220729 19:34:17.586299 472434 advanced_adc_enum.cpp:21] Get one vc: 3 5 7 16 25
I20220729 19:34:17.609534 472431 advanced_adc_enum.cpp:21] Get one vc: 3 6 9 14 16
I20220729 19:34:17.620836 472431 advanced_adc_enum.cpp:21] Get one vc: 4 6 14 16
I20220729 19:34:17.649783 472431 advanced_adc_enum.cpp:21] Get one vc: 4 6 16 23
I20220729 19:34:17.651629 472431 advanced_adc_enum.cpp:21] Get one vc: 6 14 16 23
I20220729 19:34:17.675340 472434 advanced_adc_enum.cpp:21] Get one vc: 7 14 16 25
I20220729 19:34:17.680390 472431 advanced_adc_enum.cpp:21] Get one vc: 4 6 16 25
I20220729 19:34:17.721854 472432 advanced_adc_enum.cpp:21] Get one vc: 6 14 16 25
I20220729 19:34:17.826542 472431 advanced_adc_enum.cpp:21] Get one vc: 6 14 16 29
I20220729 19:34:17.832249 472431 advanced_adc_enum.cpp:21] Get one vc: 4 6 16 29
I20220729 19:34:17.836118 471382 advanced_adc_enum.cpp:21] Get one vc: 4 7 11 25
I20220729 19:34:17.856787 472433 advanced_adc_enum.cpp:21] Get one vc: 3 7 11 14 25
I20220729 19:34:17.955864 472434 advanced_adc_enum.cpp:21] Get one vc: 3 5 7 11 25
I20220729 19:34:17.971390 472431 advanced_adc_enum.cpp:21] Get one vc: 4 11 16
I20220729 19:34:17.995476 472431 advanced_adc_enum.cpp:21] Get one vc: 3 11 14 16
I20220729 19:34:18.012408 472432 advanced_adc_enum.cpp:21] Get one vc: 11 14 16 23
I20220729 19:34:18.014266 472432 advanced_adc_enum.cpp:21] Get one vc: 11 14 16 25
I20220729 19:34:18.027344 472434 advanced_adc_enum.cpp:21] Get one vc: 6 11 16
I20220729 19:34:18.034071 471382 advanced_adc_enum.cpp:21] Get one vc: 5 7 19 25
I20220729 19:34:18.050331 472433 advanced_adc_enum.cpp:21] Get one vc: 7 11 19 25
I20220729 19:34:18.052182 472433 advanced_adc_enum.cpp:21] Get one vc: 7 14 19 25
I20220729 19:34:18.054033 472433 advanced_adc_enum.cpp:21] Get one vc: 7 16 19 25
I20220729 19:34:18.135645 471382 advanced_adc_enum.cpp:21] Get one vc: 3 5 7 25 27
I20220729 19:34:18.135948 472432 advanced_adc_enum.cpp:21] Get one vc: 7 16 25 27
I20220729 19:34:18.139986 471382 advanced_adc_enum.cpp:21] Get one vc: 7 19 25 27
I20220729 19:34:18.173584 472433 advanced_adc_enum.cpp:21] Get one vc: 11 14 19 23
I20220729 19:34:18.226032 471382 advanced_adc_enum.cpp:21] Get one vc: 3 7 11 25 27
I20220729 19:34:18.231392 472432 advanced_adc_enum.cpp:21] Get one vc: 3 9 11 14 19
I20220729 19:34:18.232918 472432 advanced_adc_enum.cpp:21] Get one vc: 3 11 13 14 19
I20220729 19:34:18.234629 472432 advanced_adc_enum.cpp:21] Get one vc: 3 11 14 19 29
I20220729 19:34:18.292965 471382 advanced_adc_enum.cpp:21] Get one vc: 7 14 25 27
I20220729 19:34:18.293105 472433 advanced_adc_enum.cpp:21] Get one vc: 11 14 19 25
I20220729 19:34:18.373265 472433 advanced_adc_enum.cpp:21] Get one vc: 9 14 16 19
I20220729 19:34:18.375119 472433 advanced_adc_enum.cpp:21] Get one vc: 11 14 16 19
I20220729 19:34:18.445425 472432 advanced_adc_enum.cpp:21] Get one vc: 14 16 19 23
I20220729 19:34:18.450682 472433 advanced_adc_enum.cpp:21] Get one vc: 11 16 19 23
I20220729 19:34:18.456599 472431 advanced_adc_enum.cpp:21] Get one vc: 3 11 16 19
I20220729 19:34:18.464820 472432 advanced_adc_enum.cpp:21] Get one vc: 3 14 16 19
I20220729 19:34:18.468995 471382 advanced_adc_enum.cpp:21] Get one vc: 2 8
I20220729 19:34:18.470640 471382 advanced_adc_enum.cpp:21] Get one vc: 5 8
I20220729 19:34:18.472306 471382 advanced_adc_enum.cpp:21] Get one vc: 7 8
I20220729 19:34:18.473865 471382 advanced_adc_enum.cpp:21] Get one vc: 8 9
I20220729 19:34:18.475522 471382 advanced_adc_enum.cpp:21] Get one vc: 8 11
I20220729 19:34:18.477162 471382 advanced_adc_enum.cpp:21] Get one vc: 8 14
I20220729 19:34:18.478829 471382 advanced_adc_enum.cpp:21] Get one vc: 8 16
I20220729 19:34:18.480517 471382 advanced_adc_enum.cpp:21] Get one vc: 8 19
I20220729 19:34:18.482223 471382 advanced_adc_enum.cpp:21] Get one vc: 8 21
I20220729 19:34:18.483860 471382 advanced_adc_enum.cpp:21] Get one vc: 8 23
I20220729 19:34:18.485466 471382 advanced_adc_enum.cpp:21] Get one vc: 8 25
I20220729 19:34:18.487120 471382 advanced_adc_enum.cpp:21] Get one vc: 8 27
I20220729 19:34:18.488658 471382 advanced_adc_enum.cpp:21] Get one vc: 8 29
I20220729 19:34:18.491355 472432 advanced_adc_enum.cpp:21] Get one vc: 8 13
I20220729 19:34:18.504840 472433 advanced_adc_enum.cpp:21] Get one vc: 11 16 19 25
I20220729 19:34:18.518584 472433 advanced_adc_enum.cpp:21] Get one vc: 14 16 19 25
I20220729 19:34:18.562613 472433 advanced_adc_enum.cpp:21] Get one vc: 11 16 19 29
I20220729 19:34:18.578253 472433 advanced_adc_enum.cpp:21] Get one vc: 14 16 19 29
I20220729 19:34:18.612705 472431 advanced_adc_enum.cpp:21] Get one vc: 4 9 19 29
I20220729 19:34:18.636035 471382 advanced_adc_enum.cpp:21] Get one vc: 2 10
I20220729 19:34:18.641428 472432 advanced_adc_enum.cpp:21] Get one vc: 4 16 19
I20220729 19:34:18.652398 472434 advanced_adc_enum.cpp:21] Get one vc: 4 9 19 23
I20220729 19:34:18.656121 472432 advanced_adc_enum.cpp:21] Get one vc: 4 13 19 23
I20220729 19:34:18.660463 472431 advanced_adc_enum.cpp:21] Get one vc: 4 9 19 25
I20220729 19:34:18.661963 472431 advanced_adc_enum.cpp:21] Get one vc: 4 13 19 25
I20220729 19:34:18.666074 472431 advanced_adc_enum.cpp:21] Get one vc: 4 11 19
I20220729 19:34:18.667918 472431 advanced_adc_enum.cpp:21] Get one vc: 4 14 19
I20220729 19:34:18.742143 472431 advanced_adc_enum.cpp:21] Get one vc: 4 6 13 19
I20220729 19:34:18.743856 472431 advanced_adc_enum.cpp:21] Get one vc: 4 6 19 23
I20220729 19:34:18.745615 472431 advanced_adc_enum.cpp:21] Get one vc: 4 6 19 25
I20220729 19:34:18.747226 472431 advanced_adc_enum.cpp:21] Get one vc: 4 6 19 29
I20220729 19:34:18.749235 472431 advanced_adc_enum.cpp:21] Get one vc: 4 6 9 19
I20220729 19:34:18.752532 472434 advanced_adc_enum.cpp:21] Get one vc: 5 6 10
I20220729 19:34:18.790051 471382 advanced_adc_enum.cpp:21] Get one vc: 5 10 19 23
I20220729 19:34:18.803494 472431 advanced_adc_enum.cpp:21] Get one vc: 6 11 19
I20220729 19:34:18.833531 472434 advanced_adc_enum.cpp:21] Get one vc: 6 9 14 19
I20220729 19:34:18.838758 472432 advanced_adc_enum.cpp:21] Get one vc: 6 16 19
I20220729 19:34:18.846184 472434 advanced_adc_enum.cpp:21] Get one vc: 6 14 19 23
I20220729 19:34:18.847932 472434 advanced_adc_enum.cpp:21] Get one vc: 6 14 19 25
I20220729 19:34:18.849521 472434 advanced_adc_enum.cpp:21] Get one vc: 6 14 19 29
I20220729 19:34:18.879881 471382 advanced_adc_enum.cpp:21] Get one vc: 5 10 19 25
I20220729 19:34:18.918032 472434 advanced_adc_enum.cpp:21] Get one vc: 4 14 21
I20220729 19:34:18.920275 472434 advanced_adc_enum.cpp:21] Get one vc: 4 16 21
I20220729 19:34:18.950850 472433 advanced_adc_enum.cpp:21] Get one vc: 4 10 19
I20220729 19:34:19.016688 472432 advanced_adc_enum.cpp:21] Get one vc: 14 16 21
I20220729 19:34:19.035413 471382 advanced_adc_enum.cpp:21] Get one vc: 5 10 23 27
I20220729 19:34:19.037153 471382 advanced_adc_enum.cpp:21] Get one vc: 5 10 25 27
I20220729 19:34:19.084043 471382 advanced_adc_enum.cpp:21] Get one vc: 3 5 10 27
I20220729 19:34:19.137840 472433 advanced_adc_enum.cpp:21] Get one vc: 8 10
I20220729 19:34:19.139504 472433 advanced_adc_enum.cpp:21] Get one vc: 10 11
I20220729 19:34:19.186661 471382 advanced_adc_enum.cpp:21] Get one vc: 3 5 10 19 29
I20220729 19:34:19.252346 471382 advanced_adc_enum.cpp:21] Get one vc: 4 7 10
I20220729 19:34:19.254298 471382 advanced_adc_enum.cpp:21] Get one vc: 7 10 27
I20220729 19:34:19.313714 472434 advanced_adc_enum.cpp:21] Get one vc: 7 10 19
I20220729 19:34:19.350298 472431 advanced_adc_enum.cpp:21] Get one vc: 1 6 14 21
I20220729 19:34:19.368732 472431 advanced_adc_enum.cpp:21] Get one vc: 3 6 14 21
I20220729 19:34:19.396736 472431 advanced_adc_enum.cpp:21] Get one vc: 6 9 14 21
I20220729 19:34:19.413012 472434 advanced_adc_enum.cpp:21] Get one vc: 3 5 7 10 23
I20220729 19:34:19.416178 472431 advanced_adc_enum.cpp:21] Get one vc: 6 13 14 21
I20220729 19:34:19.465364 472434 advanced_adc_enum.cpp:21] Get one vc: 3 5 7 10 25
I20220729 19:34:19.485659 471382 advanced_adc_enum.cpp:21] Get one vc: 4 9 10 29
I20220729 19:34:19.487850 471382 advanced_adc_enum.cpp:21] Get one vc: 4 9 10 23
I20220729 19:34:19.489563 471382 advanced_adc_enum.cpp:21] Get one vc: 4 9 10 25
I20220729 19:34:19.517489 472431 advanced_adc_enum.cpp:21] Get one vc: 1 4 6 21
I20220729 19:34:19.519109 472431 advanced_adc_enum.cpp:21] Get one vc: 3 4 6 21
I20220729 19:34:19.520699 472431 advanced_adc_enum.cpp:21] Get one vc: 4 6 9 21
I20220729 19:34:19.522212 472431 advanced_adc_enum.cpp:21] Get one vc: 4 6 13 21
I20220729 19:34:19.524466 472431 advanced_adc_enum.cpp:21] Get one vc: 6 16 21
I20220729 19:34:19.647792 472434 advanced_adc_enum.cpp:21] Get one vc: 4 6 9 10
I20220729 19:34:19.747346 472431 advanced_adc_enum.cpp:21] Get one vc: 4 19 21
I20220729 19:34:19.749141 472431 advanced_adc_enum.cpp:21] Get one vc: 6 19 21
