I20220729 19:29:25.280236 469114 adc_enum.cpp:13] Get one vc: 5 11 22 26
I20220729 19:29:25.293768 469114 adc_enum.cpp:13] Get one vc: 3 11 22 26
I20220729 19:29:25.352596 469114 adc_enum.cpp:13] Get one vc: 15 22 26
I20220729 19:29:25.356106 469114 adc_enum.cpp:13] Get one vc: 4 22 26
I20220729 19:29:25.357751 469114 adc_enum.cpp:13] Get one vc: 6 22 26
I20220729 19:29:25.360687 469114 adc_enum.cpp:13] Get one vc: 10 22 26
I20220729 19:29:25.363610 469114 adc_enum.cpp:13] Get one vc: 14 22 26
I20220729 19:29:25.365250 469114 adc_enum.cpp:13] Get one vc: 17 22 26
I20220729 19:29:25.366945 469114 adc_enum.cpp:13] Get one vc: 19 22 26
I20220729 19:29:25.429172 469114 adc_enum.cpp:13] Get one vc: 16 24 26
I20220729 19:29:25.430809 469114 adc_enum.cpp:13] Get one vc: 18 24 26
I20220729 19:29:25.446374 469114 adc_enum.cpp:13] Get one vc: 3 5 24 26
I20220729 19:29:25.450465 469114 adc_enum.cpp:13] Get one vc: 7 24 26
I20220729 19:29:25.481267 469114 adc_enum.cpp:13] Get one vc: 3 9 24 26
I20220729 19:29:25.508833 469114 adc_enum.cpp:13] Get one vc: 5 11 24 26
I20220729 19:29:25.522537 469114 adc_enum.cpp:13] Get one vc: 3 11 24 26
I20220729 19:29:25.580988 469114 adc_enum.cpp:13] Get one vc: 15 24 26
I20220729 19:29:25.584431 469114 adc_enum.cpp:13] Get one vc: 4 24 26
I20220729 19:29:25.586037 469114 adc_enum.cpp:13] Get one vc: 6 24 26
I20220729 19:29:25.588943 469114 adc_enum.cpp:13] Get one vc: 10 24 26
I20220729 19:29:25.591836 469114 adc_enum.cpp:13] Get one vc: 14 24 26
I20220729 19:29:25.593449 469114 adc_enum.cpp:13] Get one vc: 17 24 26
I20220729 19:29:25.595088 469114 adc_enum.cpp:13] Get one vc: 19 24 26
I20220729 19:29:25.596760 469114 adc_enum.cpp:13] Get one vc: 26 27
I20220729 19:29:25.598392 469114 adc_enum.cpp:13] Get one vc: 26 28
I20220729 19:29:26.344372 469114 adc_enum.cpp:13] Get one vc: 5 10 19 29
I20220729 19:29:26.627310 469114 adc_enum.cpp:13] Get one vc: 3 5 10 14 29
I20220729 19:29:26.902540 469114 adc_enum.cpp:13] Get one vc: 3 5 14 19 29
I20220729 19:29:27.237699 469114 adc_enum.cpp:13] Get one vc: 3 5 10 16 29
I20220729 19:29:27.538321 469114 adc_enum.cpp:13] Get one vc: 3 5 16 19 29
I20220729 19:29:27.557993 469114 adc_enum.cpp:13] Get one vc: 14 16 19 29
I20220729 19:29:27.701728 469114 adc_enum.cpp:13] Get one vc: 3 5 10 20 29
I20220729 19:29:27.803659 469114 adc_enum.cpp:13] Get one vc: 3 5 14 20 29
I20220729 19:29:27.867730 469114 adc_enum.cpp:13] Get one vc: 3 10 14 20 29
I20220729 19:29:27.870981 469114 adc_enum.cpp:13] Get one vc: 9 10 14 20 29
I20220729 19:29:28.037319 469114 adc_enum.cpp:13] Get one vc: 10 16 20 29
I20220729 19:29:28.093032 469114 adc_enum.cpp:13] Get one vc: 3 9 14 16 20 29
I20220729 19:29:28.116413 469114 adc_enum.cpp:13] Get one vc: 3 13 14 16 20 29
I20220729 19:29:28.161208 469114 adc_enum.cpp:13] Get one vc: 3 5 19 20 29
I20220729 19:29:28.220499 469114 adc_enum.cpp:13] Get one vc: 3 9 14 19 20 29
I20220729 19:29:28.222821 469114 adc_enum.cpp:13] Get one vc: 10 19 20 29
I20220729 19:29:28.286226 469114 adc_enum.cpp:13] Get one vc: 3 13 14 19 20 29
I20220729 19:29:28.288569 469114 adc_enum.cpp:13] Get one vc: 16 19 20 29
I20220729 19:29:28.325271 469114 adc_enum.cpp:13] Get one vc: 3 5 22 29
I20220729 19:29:28.326949 469114 adc_enum.cpp:13] Get one vc: 10 22 29
I20220729 19:29:28.328584 469114 adc_enum.cpp:13] Get one vc: 14 22 29
I20220729 19:29:28.348268 469114 adc_enum.cpp:13] Get one vc: 5 16 22 29
I20220729 19:29:28.350283 469114 adc_enum.cpp:13] Get one vc: 3 16 22 29
I20220729 19:29:28.354420 469114 adc_enum.cpp:13] Get one vc: 19 22 29
I20220729 19:29:28.391067 469114 adc_enum.cpp:13] Get one vc: 3 5 24 29
I20220729 19:29:28.392729 469114 adc_enum.cpp:13] Get one vc: 10 24 29
I20220729 19:29:28.394357 469114 adc_enum.cpp:13] Get one vc: 14 24 29
I20220729 19:29:28.414060 469114 adc_enum.cpp:13] Get one vc: 5 16 24 29
I20220729 19:29:28.416061 469114 adc_enum.cpp:13] Get one vc: 3 16 24 29
I20220729 19:29:28.420188 469114 adc_enum.cpp:13] Get one vc: 19 24 29
I20220729 19:29:28.566303 469114 adc_enum.cpp:13] Get one vc: 10 16 27 29
I20220729 19:29:28.913460 469114 adc_enum.cpp:13] Get one vc: 3 5 10 27 29
I20220729 19:29:28.931438 469114 adc_enum.cpp:13] Get one vc: 3 5 14 27 29
I20220729 19:29:29.116784 469114 adc_enum.cpp:13] Get one vc: 9 10 14 27 29
I20220729 19:29:29.161950 469114 adc_enum.cpp:13] Get one vc: 9 14 16 27 29
I20220729 19:29:29.368283 469114 adc_enum.cpp:13] Get one vc: 3 13 14 16 27 29
I20220729 19:29:29.445050 469114 adc_enum.cpp:13] Get one vc: 3 14 19 27 29
I20220729 19:29:29.450664 469114 adc_enum.cpp:13] Get one vc: 13 14 19 27 29
I20220729 19:29:29.452371 469114 adc_enum.cpp:13] Get one vc: 16 19 27 29
I20220729 19:29:29.575191 469114 adc_enum.cpp:13] Get one vc: 3 10 20 27 29
I20220729 19:29:29.578449 469114 adc_enum.cpp:13] Get one vc: 9 10 20 27 29
I20220729 19:29:29.631130 469114 adc_enum.cpp:13] Get one vc: 3 9 14 20 27 29
I20220729 19:29:29.649914 469114 adc_enum.cpp:13] Get one vc: 3 13 14 20 27 29
I20220729 19:29:29.675263 469114 adc_enum.cpp:13] Get one vc: 5 16 20 27 29
I20220729 19:29:29.706398 469114 adc_enum.cpp:13] Get one vc: 3 9 16 20 27 29
I20220729 19:29:29.707985 469114 adc_enum.cpp:13] Get one vc: 3 13 16 20 27 29
I20220729 19:29:29.734315 469114 adc_enum.cpp:13] Get one vc: 3 19 20 27 29
I20220729 19:29:29.738883 469114 adc_enum.cpp:13] Get one vc: 9 19 20 27 29
I20220729 19:29:29.766172 469114 adc_enum.cpp:13] Get one vc: 22 27 29
I20220729 19:29:29.767915 469114 adc_enum.cpp:13] Get one vc: 24 27 29
I20220729 19:29:30.058691 469114 adc_enum.cpp:13] Get one vc: 4 9 19 29
I20220729 19:29:30.113004 469114 adc_enum.cpp:13] Get one vc: 4 9 10 29
I20220729 19:29:30.301514 469114 adc_enum.cpp:13] Get one vc: 4 10 13 14 29
I20220729 19:29:30.303277 469114 adc_enum.cpp:13] Get one vc: 4 14 19 29
I20220729 19:29:30.335566 469114 adc_enum.cpp:13] Get one vc: 4 14 16 29
I20220729 19:29:30.447069 469114 adc_enum.cpp:13] Get one vc: 4 10 20 29
I20220729 19:29:30.464560 469114 adc_enum.cpp:13] Get one vc: 4 9 14 20 29
I20220729 19:29:30.486222 469114 adc_enum.cpp:13] Get one vc: 3 4 13 14 20 29
I20220729 19:29:30.489395 469114 adc_enum.cpp:13] Get one vc: 4 16 20 29
I20220729 19:29:30.491183 469114 adc_enum.cpp:13] Get one vc: 4 19 20 29
I20220729 19:29:30.492902 469114 adc_enum.cpp:13] Get one vc: 4 22 29
I20220729 19:29:30.494611 469114 adc_enum.cpp:13] Get one vc: 4 24 29
I20220729 19:29:30.532409 469114 adc_enum.cpp:13] Get one vc: 4 10 27 29
I20220729 19:29:30.607820 469114 adc_enum.cpp:13] Get one vc: 3 4 14 27 29
I20220729 19:29:30.648890 469114 adc_enum.cpp:13] Get one vc: 4 13 14 27 29
I20220729 19:29:30.652045 469114 adc_enum.cpp:13] Get one vc: 4 19 27 29
I20220729 19:29:30.653739 469114 adc_enum.cpp:13] Get one vc: 4 20 27 29
I20220729 19:29:30.970870 469114 adc_enum.cpp:13] Get one vc: 6 10 19 29
I20220729 19:29:31.058023 469114 adc_enum.cpp:13] Get one vc: 4 6 10 14 29
I20220729 19:29:31.177759 469114 adc_enum.cpp:13] Get one vc: 5 6 14 29
I20220729 19:29:31.273353 469114 adc_enum.cpp:13] Get one vc: 4 6 13 14 29
I20220729 19:29:31.277305 469114 adc_enum.cpp:13] Get one vc: 6 10 13 14 29
I20220729 19:29:31.303817 469114 adc_enum.cpp:13] Get one vc: 6 13 14 19 29
I20220729 19:29:31.343953 469114 adc_enum.cpp:13] Get one vc: 4 6 16 29
I20220729 19:29:31.345866 469114 adc_enum.cpp:13] Get one vc: 6 10 16 29
I20220729 19:29:31.388478 469114 adc_enum.cpp:13] Get one vc: 1 6 14 16 29
I20220729 19:29:31.413007 469114 adc_enum.cpp:13] Get one vc: 3 6 14 16 29
I20220729 19:29:31.414788 469114 adc_enum.cpp:13] Get one vc: 5 6 16 29
I20220729 19:29:31.443397 469114 adc_enum.cpp:13] Get one vc: 6 9 14 16 29
I20220729 19:29:31.476336 469114 adc_enum.cpp:13] Get one vc: 6 13 14 16 29
I20220729 19:29:31.478086 469114 adc_enum.cpp:13] Get one vc: 6 16 19 29
I20220729 19:29:31.514719 469114 adc_enum.cpp:13] Get one vc: 5 6 20 29
I20220729 19:29:31.558027 469114 adc_enum.cpp:13] Get one vc: 4 6 13 20 29
I20220729 19:29:31.559772 469114 adc_enum.cpp:13] Get one vc: 6 10 20 29
I20220729 19:29:31.580359 469114 adc_enum.cpp:13] Get one vc: 3 6 14 20 29
I20220729 19:29:31.582171 469114 adc_enum.cpp:13] Get one vc: 4 6 14 20 29
I20220729 19:29:31.586886 469114 adc_enum.cpp:13] Get one vc: 6 9 14 20 29
I20220729 19:29:31.589699 469114 adc_enum.cpp:13] Get one vc: 6 13 14 20 29
I20220729 19:29:31.591401 469114 adc_enum.cpp:13] Get one vc: 6 16 20 29
I20220729 19:29:31.593142 469114 adc_enum.cpp:13] Get one vc: 6 19 20 29
I20220729 19:29:31.594874 469114 adc_enum.cpp:13] Get one vc: 6 22 29
I20220729 19:29:31.596575 469114 adc_enum.cpp:13] Get one vc: 6 24 29
I20220729 19:29:31.709553 469114 adc_enum.cpp:13] Get one vc: 4 6 13 27 29
I20220729 19:29:31.711292 469114 adc_enum.cpp:13] Get one vc: 6 19 27 29
I20220729 19:29:31.713472 469114 adc_enum.cpp:13] Get one vc: 5 6 27 29
I20220729 19:29:31.780102 469114 adc_enum.cpp:13] Get one vc: 1 6 10 27 29
I20220729 19:29:31.781669 469114 adc_enum.cpp:13] Get one vc: 3 6 10 27 29
I20220729 19:29:31.785457 469114 adc_enum.cpp:13] Get one vc: 6 10 13 27 29
I20220729 19:29:31.813161 469114 adc_enum.cpp:13] Get one vc: 4 6 14 27 29
I20220729 19:29:31.853488 469114 adc_enum.cpp:13] Get one vc: 6 13 14 27 29
I20220729 19:29:31.856514 469114 adc_enum.cpp:13] Get one vc: 6 16 27 29
I20220729 19:29:31.858242 469114 adc_enum.cpp:13] Get one vc: 6 20 27 29
I20220729 19:29:31.901358 469114 adc_enum.cpp:13] Get one vc: 8 10 29
I20220729 19:29:32.216665 469114 adc_enum.cpp:13] Get one vc: 4 6 11 29
I20220729 19:29:32.283813 469114 adc_enum.cpp:13] Get one vc: 5 6 11 29
I20220729 19:29:32.382246 469114 adc_enum.cpp:13] Get one vc: 3 4 11 14 29
I20220729 19:29:32.419853 469114 adc_enum.cpp:13] Get one vc: 3 5 11 14 29
I20220729 19:29:32.442787 469114 adc_enum.cpp:13] Get one vc: 3 6 11 14 29
I20220729 19:29:32.448828 469114 adc_enum.cpp:13] Get one vc: 6 9 11 14 29
I20220729 19:29:32.450313 469114 adc_enum.cpp:13] Get one vc: 6 11 13 14 29
I20220729 19:29:32.481788 469114 adc_enum.cpp:13] Get one vc: 6 11 16 29
I20220729 19:29:32.508724 469114 adc_enum.cpp:13] Get one vc: 3 11 14 16 29
I20220729 19:29:32.593003 469114 adc_enum.cpp:13] Get one vc: 4 11 19 29
I20220729 19:29:32.611254 469114 adc_enum.cpp:13] Get one vc: 3 5 11 19 29
I20220729 19:29:32.612974 469114 adc_enum.cpp:13] Get one vc: 6 11 19 29
I20220729 19:29:32.669730 469114 adc_enum.cpp:13] Get one vc: 3 9 11 14 19 29
I20220729 19:29:32.671240 469114 adc_enum.cpp:13] Get one vc: 3 11 13 14 19 29
I20220729 19:29:32.696880 469114 adc_enum.cpp:13] Get one vc: 3 11 16 19 29
I20220729 19:29:32.809630 469114 adc_enum.cpp:13] Get one vc: 3 4 9 11 20 29
I20220729 19:29:32.816510 469114 adc_enum.cpp:13] Get one vc: 3 4 11 13 20 29
I20220729 19:29:32.856420 469114 adc_enum.cpp:13] Get one vc: 2 5 11 20 29
I20220729 19:29:32.858155 469114 adc_enum.cpp:13] Get one vc: 6 11 20 29
I20220729 19:29:32.922821 469114 adc_enum.cpp:13] Get one vc: 5 11 14 20 29
I20220729 19:29:32.962643 469114 adc_enum.cpp:13] Get one vc: 3 11 16 20 29
I20220729 19:29:33.007545 469114 adc_enum.cpp:13] Get one vc: 3 11 19 20 29
I20220729 19:29:33.011173 469114 adc_enum.cpp:13] Get one vc: 5 11 19 20 29
I20220729 19:29:33.014513 469114 adc_enum.cpp:13] Get one vc: 11 14 19 20 29
I20220729 19:29:33.044654 469114 adc_enum.cpp:13] Get one vc: 3 11 22 29
I20220729 19:29:33.049429 469114 adc_enum.cpp:13] Get one vc: 5 11 22 29
I20220729 19:29:33.052560 469114 adc_enum.cpp:13] Get one vc: 11 16 22 29
I20220729 19:29:33.082597 469114 adc_enum.cpp:13] Get one vc: 3 11 24 29
I20220729 19:29:33.087368 469114 adc_enum.cpp:13] Get one vc: 5 11 24 29
I20220729 19:29:33.090500 469114 adc_enum.cpp:13] Get one vc: 11 16 24 29
I20220729 19:29:33.144331 469114 adc_enum.cpp:13] Get one vc: 3 5 11 27 29
I20220729 19:29:33.186461 469114 adc_enum.cpp:13] Get one vc: 4 11 27 29
I20220729 19:29:33.188169 469114 adc_enum.cpp:13] Get one vc: 6 11 27 29
I20220729 19:29:33.213831 469114 adc_enum.cpp:13] Get one vc: 9 11 14 27 29
I20220729 19:29:33.215327 469114 adc_enum.cpp:13] Get one vc: 11 13 14 27 29
I20220729 19:29:33.245429 469114 adc_enum.cpp:13] Get one vc: 3 11 16 27 29
I20220729 19:29:33.274319 469114 adc_enum.cpp:13] Get one vc: 9 11 19 27 29
I20220729 19:29:33.284256 469114 adc_enum.cpp:13] Get one vc: 3 11 19 27 29
I20220729 19:29:33.317806 469114 adc_enum.cpp:13] Get one vc: 5 11 20 27 29
I20220729 19:29:33.352679 469114 adc_enum.cpp:13] Get one vc: 3 9 11 20 27 29
I20220729 19:29:33.354209 469114 adc_enum.cpp:13] Get one vc: 3 11 13 20 27 29
I20220729 19:29:33.550125 469114 adc_enum.cpp:13] Get one vc: 5 10 15 29
I20220729 19:29:33.569028 469114 adc_enum.cpp:13] Get one vc: 3 9 10 15 29
I20220729 19:29:33.637195 469114 adc_enum.cpp:13] Get one vc: 4 6 15 29
I20220729 19:29:33.640733 469114 adc_enum.cpp:13] Get one vc: 5 6 15 29
I20220729 19:29:33.667080 469114 adc_enum.cpp:13] Get one vc: 6 10 15 29
I20220729 19:29:33.727767 469114 adc_enum.cpp:13] Get one vc: 3 5 11 15 29
I20220729 19:29:33.752192 469114 adc_enum.cpp:13] Get one vc: 6 11 15 29
I20220729 19:29:33.808109 469114 adc_enum.cpp:13] Get one vc: 3 5 15 16 29
I20220729 19:29:33.857399 469114 adc_enum.cpp:13] Get one vc: 5 11 15 16 29
I20220729 19:29:33.859463 469114 adc_enum.cpp:13] Get one vc: 3 11 15 16 29
I20220729 19:29:33.973690 469114 adc_enum.cpp:13] Get one vc: 11 15 19 29
I20220729 19:29:34.039448 469114 adc_enum.cpp:13] Get one vc: 3 5 15 20 29
I20220729 19:29:34.056625 469114 adc_enum.cpp:13] Get one vc: 6 15 20 29
I20220729 19:29:34.080735 469114 adc_enum.cpp:13] Get one vc: 5 11 15 20 29
I20220729 19:29:34.082783 469114 adc_enum.cpp:13] Get one vc: 3 11 15 20 29
I20220729 19:29:34.090667 469114 adc_enum.cpp:13] Get one vc: 10 15 20 29
I20220729 19:29:34.122488 469114 adc_enum.cpp:13] Get one vc: 3 15 16 20 29
I20220729 19:29:34.124672 469114 adc_enum.cpp:13] Get one vc: 5 15 16 20 29
I20220729 19:29:34.150101 469114 adc_enum.cpp:13] Get one vc: 15 19 20 29
I20220729 19:29:34.151819 469114 adc_enum.cpp:13] Get one vc: 15 22 29
I20220729 19:29:34.153555 469114 adc_enum.cpp:13] Get one vc: 15 24 29
I20220729 19:29:34.227797 469114 adc_enum.cpp:13] Get one vc: 6 15 27 29
I20220729 19:29:34.247915 469114 adc_enum.cpp:13] Get one vc: 3 5 15 27 29
I20220729 19:29:34.283756 469114 adc_enum.cpp:13] Get one vc: 3 11 15 27 29
I20220729 19:29:34.288269 469114 adc_enum.cpp:13] Get one vc: 15 16 27 29
I20220729 19:29:34.290019 469114 adc_enum.cpp:13] Get one vc: 15 19 27 29
I20220729 19:29:34.316071 469114 adc_enum.cpp:13] Get one vc: 5 15 20 27 29
I20220729 19:29:34.329071 469114 adc_enum.cpp:13] Get one vc: 3 15 20 27 29
I20220729 19:29:34.687783 469114 adc_enum.cpp:13] Get one vc: 5 15 17 29
I20220729 19:29:34.806244 469114 adc_enum.cpp:13] Get one vc: 4 10 17 29
I20220729 19:29:34.850221 469114 adc_enum.cpp:13] Get one vc: 4 15 17 29
I20220729 19:29:34.959936 469114 adc_enum.cpp:13] Get one vc: 6 15 17 29
I20220729 19:29:35.064929 469114 adc_enum.cpp:13] Get one vc: 3 6 11 17 29
I20220729 19:29:35.150441 469114 adc_enum.cpp:13] Get one vc: 4 9 11 17 29
I20220729 19:29:35.153026 469114 adc_enum.cpp:13] Get one vc: 6 9 11 17 29
I20220729 19:29:35.222383 469114 adc_enum.cpp:13] Get one vc: 6 11 13 17 29
I20220729 19:29:35.247316 469114 adc_enum.cpp:13] Get one vc: 3 11 15 17 29
I20220729 19:29:35.376363 469114 adc_enum.cpp:13] Get one vc: 3 10 14 17 29
I20220729 19:29:35.379629 469114 adc_enum.cpp:13] Get one vc: 9 10 14 17 29
I20220729 19:29:35.443094 469114 adc_enum.cpp:13] Get one vc: 4 13 14 17 29
I20220729 19:29:35.472980 469114 adc_enum.cpp:13] Get one vc: 4 6 14 17 29
I20220729 19:29:35.477749 469114 adc_enum.cpp:13] Get one vc: 6 9 14 17 29
I20220729 19:29:35.553814 469114 adc_enum.cpp:13] Get one vc: 3 11 14 17 29
I20220729 19:29:35.682476 469114 adc_enum.cpp:13] Get one vc: 10 17 19 29
I20220729 19:29:35.792428 469114 adc_enum.cpp:13] Get one vc: 4 13 17 19 29
I20220729 19:29:35.813146 469114 adc_enum.cpp:13] Get one vc: 4 6 17 19 29
I20220729 19:29:35.914041 469114 adc_enum.cpp:13] Get one vc: 3 14 17 19 29
I20220729 19:29:35.999596 469114 adc_enum.cpp:13] Get one vc: 5 14 17 20 29
I20220729 19:29:36.039131 469114 adc_enum.cpp:13] Get one vc: 10 17 20 29
I20220729 19:29:36.116086 469114 adc_enum.cpp:13] Get one vc: 3 14 17 20 29
I20220729 19:29:36.186837 469114 adc_enum.cpp:13] Get one vc: 4 9 17 20 29
I20220729 19:29:36.213706 469114 adc_enum.cpp:13] Get one vc: 3 4 13 17 20 29
I20220729 19:29:36.241521 469114 adc_enum.cpp:13] Get one vc: 3 6 17 20 29
I20220729 19:29:36.243316 469114 adc_enum.cpp:13] Get one vc: 4 6 17 20 29
I20220729 19:29:36.245075 469114 adc_enum.cpp:13] Get one vc: 6 14 17 20 29
I20220729 19:29:36.248459 469114 adc_enum.cpp:13] Get one vc: 6 9 17 20 29
I20220729 19:29:36.328294 469114 adc_enum.cpp:13] Get one vc: 3 9 11 17 20 29
I20220729 19:29:36.329788 469114 adc_enum.cpp:13] Get one vc: 3 11 13 17 20 29
I20220729 19:29:36.331506 469114 adc_enum.cpp:13] Get one vc: 5 11 17 20 29
I20220729 19:29:36.367717 469114 adc_enum.cpp:13] Get one vc: 9 11 14 17 20 29
I20220729 19:29:36.369210 469114 adc_enum.cpp:13] Get one vc: 11 13 14 17 20 29
I20220729 19:29:36.410933 469114 adc_enum.cpp:13] Get one vc: 9 15 17 20 29
I20220729 19:29:36.413004 469114 adc_enum.cpp:13] Get one vc: 3 15 17 20 29
I20220729 19:29:36.485357 469114 adc_enum.cpp:13] Get one vc: 3 17 19 20 29
I20220729 19:29:36.493822 469114 adc_enum.cpp:13] Get one vc: 17 22 29
I20220729 19:29:36.495523 469114 adc_enum.cpp:13] Get one vc: 17 24 29
I20220729 19:29:36.580686 469114 adc_enum.cpp:13] Get one vc: 6 17 27 29
I20220729 19:29:36.654080 469114 adc_enum.cpp:13] Get one vc: 9 10 17 27 29
I20220729 19:29:36.656126 469114 adc_enum.cpp:13] Get one vc: 3 10 17 27 29
I20220729 19:29:36.681988 469114 adc_enum.cpp:13] Get one vc: 3 14 17 27 29
I20220729 19:29:36.686550 469114 adc_enum.cpp:13] Get one vc: 9 14 17 27 29
I20220729 19:29:36.710578 469114 adc_enum.cpp:13] Get one vc: 4 17 27 29
I20220729 19:29:36.735502 469114 adc_enum.cpp:13] Get one vc: 9 11 17 27 29
I20220729 19:29:36.752032 469114 adc_enum.cpp:13] Get one vc: 15 17 27 29
I20220729 19:29:36.780450 469114 adc_enum.cpp:13] Get one vc: 13 17 19 27 29
I20220729 19:29:36.783931 469114 adc_enum.cpp:13] Get one vc: 3 17 19 27 29
I20220729 19:29:36.876778 469114 adc_enum.cpp:13] Get one vc: 3 17 20 27 29
I20220729 19:29:37.316468 469114 adc_enum.cpp:13] Get one vc: 10 13 16 18 29
I20220729 19:29:37.344702 469114 adc_enum.cpp:13] Get one vc: 9 15 16 18 29
I20220729 19:29:37.479210 469114 adc_enum.cpp:13] Get one vc: 3 5 15 18 29
I20220729 19:29:37.517005 469114 adc_enum.cpp:13] Get one vc: 3 10 16 18 29
I20220729 19:29:37.590530 469114 adc_enum.cpp:13] Get one vc: 3 15 16 18 29
I20220729 19:29:37.646634 469114 adc_enum.cpp:13] Get one vc: 4 16 18 29
I20220729 19:29:37.670976 469114 adc_enum.cpp:13] Get one vc: 1 4 10 18 29
I20220729 19:29:37.695014 469114 adc_enum.cpp:13] Get one vc: 3 4 10 18 29
I20220729 19:29:37.784727 469114 adc_enum.cpp:13] Get one vc: 4 6 18 29
I20220729 19:29:37.802081 469114 adc_enum.cpp:13] Get one vc: 6 16 18 29
I20220729 19:29:37.902467 469114 adc_enum.cpp:13] Get one vc: 3 5 6 18 29
I20220729 19:29:37.945472 469114 adc_enum.cpp:13] Get one vc: 6 9 10 18 29
I20220729 19:29:37.982648 469114 adc_enum.cpp:13] Get one vc: 6 10 13 18 29
I20220729 19:29:37.985682 469114 adc_enum.cpp:13] Get one vc: 6 15 18 29
I20220729 19:29:38.054134 469114 adc_enum.cpp:13] Get one vc: 4 11 18 29
I20220729 19:29:38.079582 469114 adc_enum.cpp:13] Get one vc: 6 11 18 29
I20220729 19:29:38.117219 469114 adc_enum.cpp:13] Get one vc: 5 11 15 18 29
I20220729 19:29:38.119252 469114 adc_enum.cpp:13] Get one vc: 3 11 15 18 29
I20220729 19:29:38.163763 469114 adc_enum.cpp:13] Get one vc: 3 11 16 18 29
I20220729 19:29:38.267671 469114 adc_enum.cpp:13] Get one vc: 6 10 14 18 29
I20220729 19:29:38.383643 469114 adc_enum.cpp:13] Get one vc: 3 5 14 18 29
I20220729 19:29:38.428155 469114 adc_enum.cpp:13] Get one vc: 6 9 14 18 29
I20220729 19:29:38.442299 469114 adc_enum.cpp:13] Get one vc: 3 9 10 14 18 29
I20220729 19:29:38.489789 469114 adc_enum.cpp:13] Get one vc: 6 13 14 18 29
I20220729 19:29:38.504875 469114 adc_enum.cpp:13] Get one vc: 3 10 13 14 18 29
I20220729 19:29:38.578052 469114 adc_enum.cpp:13] Get one vc: 4 9 14 18 29
I20220729 19:29:38.870769 469114 adc_enum.cpp:13] Get one vc: 3 6 17 18 29
I20220729 19:29:38.874045 469114 adc_enum.cpp:13] Get one vc: 6 9 17 18 29
I20220729 19:29:38.875783 469114 adc_enum.cpp:13] Get one vc: 10 17 18 29
I20220729 19:29:38.893169 469114 adc_enum.cpp:13] Get one vc: 3 14 17 18 29
I20220729 19:29:38.900580 469114 adc_enum.cpp:13] Get one vc: 4 17 18 29
I20220729 19:29:38.938820 469114 adc_enum.cpp:13] Get one vc: 15 17 18 29
I20220729 19:29:39.019049 469114 adc_enum.cpp:13] Get one vc: 3 5 18 20 29
I20220729 19:29:39.020817 469114 adc_enum.cpp:13] Get one vc: 5 16 18 20 29
I20220729 19:29:39.081466 469114 adc_enum.cpp:13] Get one vc: 3 9 16 18 20 29
I20220729 19:29:39.176290 469114 adc_enum.cpp:13] Get one vc: 3 13 16 18 20 29
I20220729 19:29:39.198544 469114 adc_enum.cpp:13] Get one vc: 3 15 18 20 29
I20220729 19:29:39.200740 469114 adc_enum.cpp:13] Get one vc: 5 15 18 20 29
I20220729 19:29:39.222683 469114 adc_enum.cpp:13] Get one vc: 11 15 18 20 29
I20220729 19:29:39.226289 469114 adc_enum.cpp:13] Get one vc: 2 18 20 29
I20220729 19:29:39.250386 469114 adc_enum.cpp:13] Get one vc: 3 4 18 20 29
I20220729 19:29:39.253857 469114 adc_enum.cpp:13] Get one vc: 4 9 18 20 29
I20220729 19:29:39.256625 469114 adc_enum.cpp:13] Get one vc: 4 13 18 20 29
I20220729 19:29:39.283965 469114 adc_enum.cpp:13] Get one vc: 3 6 18 20 29
I20220729 19:29:39.290045 469114 adc_enum.cpp:13] Get one vc: 6 9 18 20 29
I20220729 19:29:39.292788 469114 adc_enum.cpp:13] Get one vc: 6 13 18 20 29
I20220729 19:29:39.297297 469114 adc_enum.cpp:13] Get one vc: 10 18 20 29
I20220729 19:29:39.348433 469114 adc_enum.cpp:13] Get one vc: 5 14 18 20 29
I20220729 19:29:39.385152 469114 adc_enum.cpp:13] Get one vc: 3 14 18 20 29
I20220729 19:29:39.440382 469114 adc_enum.cpp:13] Get one vc: 5 17 18 20 29
I20220729 19:29:39.458772 469114 adc_enum.cpp:13] Get one vc: 14 17 18 20 29
I20220729 19:29:39.460834 469114 adc_enum.cpp:13] Get one vc: 3 17 18 20 29
I20220729 19:29:39.463922 469114 adc_enum.cpp:13] Get one vc: 6 17 18 20 29
I20220729 19:29:39.467136 469114 adc_enum.cpp:13] Get one vc: 11 17 18 20 29
I20220729 19:29:39.470299 469114 adc_enum.cpp:13] Get one vc: 18 22 29
I20220729 19:29:39.472010 469114 adc_enum.cpp:13] Get one vc: 18 24 29
I20220729 19:29:39.526085 469114 adc_enum.cpp:13] Get one vc: 4 18 27 29
I20220729 19:29:39.580112 469114 adc_enum.cpp:13] Get one vc: 10 14 18 27 29
I20220729 19:29:39.628736 469114 adc_enum.cpp:13] Get one vc: 1 6 18 27 29
I20220729 19:29:39.711385 469114 adc_enum.cpp:13] Get one vc: 3 6 18 27 29
I20220729 19:29:39.730062 469114 adc_enum.cpp:13] Get one vc: 3 14 18 27 29
I20220729 19:29:39.865931 469114 adc_enum.cpp:13] Get one vc: 6 9 18 27 29
I20220729 19:29:39.893115 469114 adc_enum.cpp:13] Get one vc: 3 9 10 18 27 29
I20220729 19:29:39.956871 469114 adc_enum.cpp:13] Get one vc: 3 9 16 18 27 29
I20220729 19:29:40.063911 469114 adc_enum.cpp:13] Get one vc: 6 13 18 27 29
I20220729 19:29:40.092214 469114 adc_enum.cpp:13] Get one vc: 3 10 13 18 27 29
I20220729 19:29:40.158692 469114 adc_enum.cpp:13] Get one vc: 3 13 16 18 27 29
I20220729 19:29:40.190315 469114 adc_enum.cpp:13] Get one vc: 3 15 18 27 29
I20220729 19:29:40.228832 469114 adc_enum.cpp:13] Get one vc: 3 17 18 27 29
I20220729 19:29:40.379755 469114 adc_enum.cpp:13] Get one vc: 3 9 18 20 27 29
I20220729 19:29:40.651430 469114 adc_enum.cpp:13] Get one vc: 3 5 11 26 29
I20220729 19:29:40.765534 469114 adc_enum.cpp:13] Get one vc: 5 15 26 29
I20220729 19:29:40.886272 469114 adc_enum.cpp:13] Get one vc: 3 5 16 26 29
I20220729 19:29:40.929862 469114 adc_enum.cpp:13] Get one vc: 5 11 16 26 29
I20220729 19:29:40.931944 469114 adc_enum.cpp:13] Get one vc: 3 11 16 26 29
I20220729 19:29:40.955922 469114 adc_enum.cpp:13] Get one vc: 15 16 26 29
I20220729 19:29:41.047443 469114 adc_enum.cpp:13] Get one vc: 3 11 19 26 29
I20220729 19:29:41.050740 469114 adc_enum.cpp:13] Get one vc: 9 11 19 26 29
I20220729 19:29:41.102054 469114 adc_enum.cpp:13] Get one vc: 2 5 26 29
I20220729 19:29:41.175135 469114 adc_enum.cpp:13] Get one vc: 3 4 11 26 29
I20220729 19:29:41.178195 469114 adc_enum.cpp:13] Get one vc: 4 11 13 26 29
I20220729 19:29:41.244892 469114 adc_enum.cpp:13] Get one vc: 4 6 13 26 29
I20220729 19:29:41.248441 469114 adc_enum.cpp:13] Get one vc: 5 6 26 29
I20220729 19:29:41.288229 469114 adc_enum.cpp:13] Get one vc: 6 11 26 29
I20220729 19:29:41.289986 469114 adc_enum.cpp:13] Get one vc: 6 15 26 29
I20220729 19:29:41.291698 469114 adc_enum.cpp:13] Get one vc: 6 16 26 29
I20220729 19:29:41.293453 469114 adc_enum.cpp:13] Get one vc: 6 19 26 29
I20220729 19:29:41.357990 469114 adc_enum.cpp:13] Get one vc: 6 10 26 29
I20220729 19:29:41.361606 469114 adc_enum.cpp:13] Get one vc: 5 10 26 29
I20220729 19:29:41.386354 469114 adc_enum.cpp:13] Get one vc: 3 9 10 26 29
I20220729 19:29:41.480533 469114 adc_enum.cpp:13] Get one vc: 3 4 14 26 29
I20220729 19:29:41.548857 469114 adc_enum.cpp:13] Get one vc: 3 9 11 14 26 29
I20220729 19:29:41.609995 469114 adc_enum.cpp:13] Get one vc: 3 11 13 14 26 29
I20220729 19:29:41.640172 469114 adc_enum.cpp:13] Get one vc: 3 5 14 26 29
I20220729 19:29:41.643960 469114 adc_enum.cpp:13] Get one vc: 5 11 14 26 29
I20220729 19:29:41.677719 469114 adc_enum.cpp:13] Get one vc: 6 9 14 26 29
I20220729 19:29:41.680478 469114 adc_enum.cpp:13] Get one vc: 6 13 14 26 29
I20220729 19:29:41.683617 469114 adc_enum.cpp:13] Get one vc: 10 14 26 29
I20220729 19:29:41.714526 469114 adc_enum.cpp:13] Get one vc: 3 14 16 26 29
I20220729 19:29:41.816164 469114 adc_enum.cpp:13] Get one vc: 13 14 19 26 29
I20220729 19:29:41.961238 469114 adc_enum.cpp:13] Get one vc: 15 17 26 29
I20220729 19:29:42.001065 469114 adc_enum.cpp:13] Get one vc: 3 4 13 17 26 29
I20220729 19:29:42.035481 469114 adc_enum.cpp:13] Get one vc: 6 9 17 26 29
I20220729 19:29:42.059207 469114 adc_enum.cpp:13] Get one vc: 3 6 13 17 26 29
I20220729 19:29:42.167268 469114 adc_enum.cpp:13] Get one vc: 3 11 13 17 26 29
I20220729 19:29:42.202842 469114 adc_enum.cpp:13] Get one vc: 3 14 17 26 29
I20220729 19:29:42.408150 469114 adc_enum.cpp:13] Get one vc: 5 11 18 26 29
I20220729 19:29:42.409904 469114 adc_enum.cpp:13] Get one vc: 15 18 26 29
I20220729 19:29:42.432353 469114 adc_enum.cpp:13] Get one vc: 3 16 18 26 29
I20220729 19:29:42.504056 469114 adc_enum.cpp:13] Get one vc: 4 13 18 26 29
I20220729 19:29:42.506083 469114 adc_enum.cpp:13] Get one vc: 3 4 18 26 29
I20220729 19:29:42.513231 469114 adc_enum.cpp:13] Get one vc: 6 18 26 29
I20220729 19:29:42.516360 469114 adc_enum.cpp:13] Get one vc: 10 18 26 29
I20220729 19:29:42.584071 469114 adc_enum.cpp:13] Get one vc: 3 9 14 18 26 29
I20220729 19:29:42.587186 469114 adc_enum.cpp:13] Get one vc: 11 14 18 26 29
I20220729 19:29:42.603384 469114 adc_enum.cpp:13] Get one vc: 3 13 14 18 26 29
I20220729 19:29:42.649830 469114 adc_enum.cpp:13] Get one vc: 9 17 18 26 29
I20220729 19:29:42.735155 469114 adc_enum.cpp:13] Get one vc: 10 20 26 29
I20220729 19:29:42.810047 469114 adc_enum.cpp:13] Get one vc: 15 20 26 29
I20220729 19:29:42.948251 469114 adc_enum.cpp:13] Get one vc: 3 5 20 26 29
I20220729 19:29:42.989004 469114 adc_enum.cpp:13] Get one vc: 3 17 20 26 29
I20220729 19:29:42.992080 469114 adc_enum.cpp:13] Get one vc: 4 20 26 29
I20220729 19:29:42.993758 469114 adc_enum.cpp:13] Get one vc: 6 20 26 29
I20220729 19:29:43.041190 469114 adc_enum.cpp:13] Get one vc: 3 9 11 20 26 29
I20220729 19:29:43.042696 469114 adc_enum.cpp:13] Get one vc: 3 11 13 20 26 29
I20220729 19:29:43.047700 469114 adc_enum.cpp:13] Get one vc: 5 11 20 26 29
I20220729 19:29:43.053550 469114 adc_enum.cpp:13] Get one vc: 11 17 20 26 29
I20220729 19:29:43.092597 469114 adc_enum.cpp:13] Get one vc: 5 14 20 26 29
I20220729 19:29:43.128904 469114 adc_enum.cpp:13] Get one vc: 3 14 20 26 29
I20220729 19:29:43.134680 469114 adc_enum.cpp:13] Get one vc: 11 14 20 26 29
I20220729 19:29:43.136713 469114 adc_enum.cpp:13] Get one vc: 14 17 20 26 29
I20220729 19:29:43.171319 469114 adc_enum.cpp:13] Get one vc: 3 16 20 26 29
I20220729 19:29:43.174600 469114 adc_enum.cpp:13] Get one vc: 9 16 20 26 29
I20220729 19:29:43.249717 469114 adc_enum.cpp:13] Get one vc: 3 18 20 26 29
I20220729 19:29:43.271265 469114 adc_enum.cpp:13] Get one vc: 11 18 20 26 29
I20220729 19:29:43.308617 469114 adc_enum.cpp:13] Get one vc: 14 18 20 26 29
I20220729 19:29:43.311631 469114 adc_enum.cpp:13] Get one vc: 22 26 29
I20220729 19:29:43.313328 469114 adc_enum.cpp:13] Get one vc: 24 26 29
I20220729 19:29:43.315007 469114 adc_enum.cpp:13] Get one vc: 28 29
I20220729 19:29:43.315039 469114 exp_framework.cpp:37] time cost: 88s
I20220729 19:29:43.315148 469114 exp_framework.cpp:13] #### Process Dataset - test ####
I20220729 19:29:43.315196 469114 exp_framework.cpp:18] ## Process File - "v30_e205.txt" ##
I20220729 19:29:43.318277 469114 exp_framework.cpp:32] vertex: 30 edge: 205
I20220729 19:29:43.421037 469114 advanced_adc_enum.cpp:21] Get one vc: 0
I20220729 19:29:43.445477 469114 advanced_adc_enum.cpp:21] Get one vc: 2 3
I20220729 19:29:43.447069 469114 advanced_adc_enum.cpp:21] Get one vc: 2 4
I20220729 19:29:43.448642 469114 advanced_adc_enum.cpp:21] Get one vc: 2 6
I20220729 19:29:43.450284 469114 advanced_adc_enum.cpp:21] Get one vc: 2 8
I20220729 19:29:43.451882 469114 advanced_adc_enum.cpp:21] Get one vc: 2 10
I20220729 19:29:43.453471 469114 advanced_adc_enum.cpp:21] Get one vc: 2 15
I20220729 19:29:43.475845 469114 advanced_adc_enum.cpp:21] Get one vc: 2 19
I20220729 19:29:43.502521 469114 advanced_adc_enum.cpp:21] Get one vc: 2 17 20
I20220729 19:29:43.505381 469114 advanced_adc_enum.cpp:21] Get one vc: 2 22
I20220729 19:29:43.506999 469114 advanced_adc_enum.cpp:21] Get one vc: 2 24
I20220729 19:29:43.508576 469114 advanced_adc_enum.cpp:21] Get one vc: 2 27
I20220729 19:29:43.510218 469114 advanced_adc_enum.cpp:21] Get one vc: 2 28
I20220729 19:29:43.652935 469822 advanced_adc_enum.cpp:21] Get one vc: 4 5
I20220729 19:29:43.682312 469822 advanced_adc_enum.cpp:21] Get one vc: 5 8
I20220729 19:29:43.736426 469824 advanced_adc_enum.cpp:21] Get one vc: 5 6 10
I20220729 19:29:43.758637 469824 advanced_adc_enum.cpp:21] Get one vc: 4 15 19
I20220729 19:29:43.778882 469114 advanced_adc_enum.cpp:21] Get one vc: 3 5 6 15
I20220729 19:29:43.781332 469824 advanced_adc_enum.cpp:21] Get one vc: 3 5 6 27
I20220729 19:29:43.781826 469114 advanced_adc_enum.cpp:21] Get one vc: 5 6 15 27
I20220729 19:29:43.833145 469824 advanced_adc_enum.cpp:21] Get one vc: 3 5 10 15
I20220729 19:29:43.882396 469114 advanced_adc_enum.cpp:21] Get one vc: 3 5 10 17
I20220729 19:29:43.886364 469114 advanced_adc_enum.cpp:21] Get one vc: 2 5 17
I20220729 19:29:43.951568 469824 advanced_adc_enum.cpp:21] Get one vc: 6 15 19
I20220729 19:29:43.956467 469114 advanced_adc_enum.cpp:21] Get one vc: 3 5 15 17
I20220729 19:29:43.976217 469114 advanced_adc_enum.cpp:21] Get one vc: 3 5 17 27
I20220729 19:29:43.979367 469114 advanced_adc_enum.cpp:21] Get one vc: 5 10 17 27
I20220729 19:29:43.981094 469114 advanced_adc_enum.cpp:21] Get one vc: 5 15 17 27
I20220729 19:29:44.037204 469824 advanced_adc_enum.cpp:21] Get one vc: 5 6 17
I20220729 19:29:44.052829 469114 advanced_adc_enum.cpp:21] Get one vc: 3 5 10 19
I20220729 19:29:44.062280 469822 advanced_adc_enum.cpp:21] Get one vc: 8 13
I20220729 19:29:44.063907 469822 advanced_adc_enum.cpp:21] Get one vc: 8 15
I20220729 19:29:44.065516 469822 advanced_adc_enum.cpp:21] Get one vc: 8 19
I20220729 19:29:44.139796 469114 advanced_adc_enum.cpp:21] Get one vc: 3 5 15 19
I20220729 19:29:44.141503 469114 advanced_adc_enum.cpp:21] Get one vc: 3 5 17 19
I20220729 19:29:44.143229 469114 advanced_adc_enum.cpp:21] Get one vc: 5 6 19
I20220729 19:29:44.167562 469822 advanced_adc_enum.cpp:21] Get one vc: 5 10 17 19
I20220729 19:29:44.168550 469823 advanced_adc_enum.cpp:21] Get one vc: 5 15 17 19
I20220729 19:29:44.191118 469114 advanced_adc_enum.cpp:21] Get one vc: 3 5 19 27
I20220729 19:29:44.208472 469114 advanced_adc_enum.cpp:21] Get one vc: 5 15 19 27
I20220729 19:29:44.210152 469114 advanced_adc_enum.cpp:21] Get one vc: 5 17 19 27
I20220729 19:29:44.281776 469821 advanced_adc_enum.cpp:21] Get one vc: 4 10 15
I20220729 19:29:44.283445 469821 advanced_adc_enum.cpp:21] Get one vc: 4 10 19
I20220729 19:29:44.337229 469822 advanced_adc_enum.cpp:21] Get one vc: 5 10 15 20
I20220729 19:29:44.374262 469114 advanced_adc_enum.cpp:21] Get one vc: 5 6 15 20
I20220729 19:29:44.381467 469824 advanced_adc_enum.cpp:21] Get one vc: 10 15 19
I20220729 19:29:44.396369 469821 advanced_adc_enum.cpp:21] Get one vc: 1 8 10
I20220729 19:29:44.397907 469821 advanced_adc_enum.cpp:21] Get one vc: 3 8 10
I20220729 19:29:44.427997 469114 advanced_adc_enum.cpp:21] Get one vc: 3 5 17 20
I20220729 19:29:44.431042 469114 advanced_adc_enum.cpp:21] Get one vc: 5 10 17 20
I20220729 19:29:44.432776 469114 advanced_adc_enum.cpp:21] Get one vc: 5 15 17 20
I20220729 19:29:44.469616 469114 advanced_adc_enum.cpp:21] Get one vc: 5 10 19 20
I20220729 19:29:44.471356 469114 advanced_adc_enum.cpp:21] Get one vc: 5 15 19 20
I20220729 19:29:44.473049 469114 advanced_adc_enum.cpp:21] Get one vc: 5 17 19 20
I20220729 19:29:44.499095 469114 advanced_adc_enum.cpp:21] Get one vc: 5 6 20 27
I20220729 19:29:44.500839 469114 advanced_adc_enum.cpp:21] Get one vc: 5 10 20 27
I20220729 19:29:44.528005 469824 advanced_adc_enum.cpp:21] Get one vc: 3 5 15 20 27
I20220729 19:29:44.533995 469114 advanced_adc_enum.cpp:21] Get one vc: 5 17 20 27
I20220729 19:29:44.535737 469114 advanced_adc_enum.cpp:21] Get one vc: 5 19 20 27
I20220729 19:29:44.561642 469114 advanced_adc_enum.cpp:21] Get one vc: 5 10 22
I20220729 19:29:44.586750 469114 advanced_adc_enum.cpp:21] Get one vc: 5 15 22
I20220729 19:29:44.602303 469822 advanced_adc_enum.cpp:21] Get one vc: 5 19 22
I20220729 19:29:44.602303 469823 advanced_adc_enum.cpp:21] Get one vc: 5 6 22
I20220729 19:29:44.603986 469823 advanced_adc_enum.cpp:21] Get one vc: 5 17 22
I20220729 19:29:44.605634 469823 advanced_adc_enum.cpp:21] Get one vc: 5 22 27
I20220729 19:29:44.612664 469114 advanced_adc_enum.cpp:21] Get one vc: 5 6 24
I20220729 19:29:44.614478 469114 advanced_adc_enum.cpp:21] Get one vc: 5 10 24
I20220729 19:29:44.616133 469114 advanced_adc_enum.cpp:21] Get one vc: 5 15 24
I20220729 19:29:44.617759 469114 advanced_adc_enum.cpp:21] Get one vc: 5 17 24
I20220729 19:29:44.619427 469114 advanced_adc_enum.cpp:21] Get one vc: 5 19 24
I20220729 19:29:44.621055 469114 advanced_adc_enum.cpp:21] Get one vc: 5 24 27
I20220729 19:29:44.622700 469114 advanced_adc_enum.cpp:21] Get one vc: 5 28
I20220729 19:29:44.641216 469823 advanced_adc_enum.cpp:21] Get one vc: 6 13 17 19
I20220729 19:29:44.646443 469821 advanced_adc_enum.cpp:21] Get one vc: 8 17
I20220729 19:29:44.741972 469821 advanced_adc_enum.cpp:21] Get one vc: 3 10 17 19
I20220729 19:29:44.745378 469821 advanced_adc_enum.cpp:21] Get one vc: 6 10 17 19
I20220729 19:29:44.767993 469114 advanced_adc_enum.cpp:21] Get one vc: 3 5 7 20 27
I20220729 19:29:44.791239 469821 advanced_adc_enum.cpp:21] Get one vc: 10 15 17
I20220729 19:29:44.799757 469822 advanced_adc_enum.cpp:21] Get one vc: 3 5 7 10
I20220729 19:29:44.803613 469823 advanced_adc_enum.cpp:21] Get one vc: 3 7 10 20
I20220729 19:29:44.805385 469823 advanced_adc_enum.cpp:21] Get one vc: 3 7 17 20
I20220729 19:29:44.810604 469114 advanced_adc_enum.cpp:21] Get one vc: 3 5 7 22
I20220729 19:29:44.826725 469822 advanced_adc_enum.cpp:21] Get one vc: 3 5 7 17
I20220729 19:29:44.860234 469822 advanced_adc_enum.cpp:21] Get one vc: 3 7 17 27
I20220729 19:29:44.879978 469823 advanced_adc_enum.cpp:21] Get one vc: 3 15 17 19
I20220729 19:29:44.892783 469822 advanced_adc_enum.cpp:21] Get one vc: 3 5 7 24
I20220729 19:29:44.897372 469824 advanced_adc_enum.cpp:21] Get one vc: 7 10 22
I20220729 19:29:44.899072 469824 advanced_adc_enum.cpp:21] Get one vc: 7 10 24
I20220729 19:29:44.925798 469114 advanced_adc_enum.cpp:21] Get one vc: 4 7 20
I20220729 19:29:44.926016 469824 advanced_adc_enum.cpp:21] Get one vc: 2 7 17
I20220729 19:29:44.927448 469114 advanced_adc_enum.cpp:21] Get one vc: 4 7 27
I20220729 19:29:44.928515 469823 advanced_adc_enum.cpp:21] Get one vc: 5 7 10 20
I20220729 19:29:44.929924 469821 advanced_adc_enum.cpp:21] Get one vc: 4 6 15 17
I20220729 19:29:44.930835 469114 advanced_adc_enum.cpp:21] Get one vc: 4 7 17
I20220729 19:29:44.942993 469822 advanced_adc_enum.cpp:21] Get one vc: 7 10 17
I20220729 19:29:44.947091 469824 advanced_adc_enum.cpp:21] Get one vc: 7 17 22
I20220729 19:29:44.948798 469824 advanced_adc_enum.cpp:21] Get one vc: 7 17 24
I20220729 19:29:44.949542 469114 advanced_adc_enum.cpp:21] Get one vc: 4 7 10
I20220729 19:29:44.951238 469114 advanced_adc_enum.cpp:21] Get one vc: 4 7 22
I20220729 19:29:44.952942 469114 advanced_adc_enum.cpp:21] Get one vc: 4 7 24
I20220729 19:29:44.954516 469114 advanced_adc_enum.cpp:21] Get one vc: 6 7
I20220729 19:29:44.956188 469114 advanced_adc_enum.cpp:21] Get one vc: 7 8
I20220729 19:29:45.024406 469823 advanced_adc_enum.cpp:21] Get one vc: 4 7 15
I20220729 19:29:45.057158 469114 advanced_adc_enum.cpp:21] Get one vc: 5 7 15 27
I20220729 19:29:45.060130 469114 advanced_adc_enum.cpp:21] Get one vc: 3 5 7 15
I20220729 19:29:45.065357 469114 advanced_adc_enum.cpp:21] Get one vc: 7 10 15
I20220729 19:29:45.067587 469823 advanced_adc_enum.cpp:21] Get one vc: 3 7 15 20
I20220729 19:29:45.071974 469823 advanced_adc_enum.cpp:21] Get one vc: 7 15 22
I20220729 19:29:45.073680 469823 advanced_adc_enum.cpp:21] Get one vc: 7 15 24
I20220729 19:29:45.094637 469114 advanced_adc_enum.cpp:21] Get one vc: 3 7 15 17
I20220729 19:29:45.120623 469823 advanced_adc_enum.cpp:21] Get one vc: 7 15 20 27
I20220729 19:29:45.122640 469823 advanced_adc_enum.cpp:21] Get one vc: 3 7 15 27
I20220729 19:29:45.124467 469822 advanced_adc_enum.cpp:21] Get one vc: 5 7 15 17
I20220729 19:29:45.127373 469822 advanced_adc_enum.cpp:21] Get one vc: 7 15 17 20
I20220729 19:29:45.129518 469822 advanced_adc_enum.cpp:21] Get one vc: 7 15 17 27
I20220729 19:29:45.134387 469824 advanced_adc_enum.cpp:21] Get one vc: 5 7 17 27
I20220729 19:29:45.140689 469824 advanced_adc_enum.cpp:21] Get one vc: 7 10 27
I20220729 19:29:45.144953 469114 advanced_adc_enum.cpp:21] Get one vc: 4 7 19
I20220729 19:29:45.159271 469821 advanced_adc_enum.cpp:21] Get one vc: 4 15 20
I20220729 19:29:45.159942 469114 advanced_adc_enum.cpp:21] Get one vc: 3 7 17 19
I20220729 19:29:45.162959 469114 advanced_adc_enum.cpp:21] Get one vc: 7 15 17 19
I20220729 19:29:45.172116 469824 advanced_adc_enum.cpp:21] Get one vc: 7 17 20 27
I20220729 19:29:45.177311 469824 advanced_adc_enum.cpp:21] Get one vc: 7 22 27
I20220729 19:29:45.179025 469824 advanced_adc_enum.cpp:21] Get one vc: 7 24 27
I20220729 19:29:45.195778 469824 advanced_adc_enum.cpp:21] Get one vc: 3 7 15 19
I20220729 19:29:45.204047 469822 advanced_adc_enum.cpp:21] Get one vc: 3 15 19 20
I20220729 19:29:45.225849 469114 advanced_adc_enum.cpp:21] Get one vc: 5 7 17 19
I20220729 19:29:45.227385 469824 advanced_adc_enum.cpp:21] Get one vc: 5 7 15 19
I20220729 19:29:45.227737 469114 advanced_adc_enum.cpp:21] Get one vc: 7 10 19
I20220729 19:29:45.247351 469114 advanced_adc_enum.cpp:21] Get one vc: 3 7 19 20
I20220729 19:29:45.251566 469114 advanced_adc_enum.cpp:21] Get one vc: 7 19 22
I20220729 19:29:45.253258 469114 advanced_adc_enum.cpp:21] Get one vc: 7 19 24
I20220729 19:29:45.257119 469821 advanced_adc_enum.cpp:21] Get one vc: 15 17 19 20
I20220729 19:29:45.262383 469824 advanced_adc_enum.cpp:21] Get one vc: 7 15 19 20
I20220729 19:29:45.265725 469822 advanced_adc_enum.cpp:21] Get one vc: 4 17 19 20
I20220729 19:29:45.271822 469114 advanced_adc_enum.cpp:21] Get one vc: 7 15 19 27
I20220729 19:29:45.273506 469114 advanced_adc_enum.cpp:21] Get one vc: 7 17 19 27
I20220729 19:29:45.275146 469114 advanced_adc_enum.cpp:21] Get one vc: 7 19 20 27
I20220729 19:29:45.276316 469824 advanced_adc_enum.cpp:21] Get one vc: 5 7 19 27
I20220729 19:29:45.279387 469114 advanced_adc_enum.cpp:21] Get one vc: 7 28
I20220729 19:29:45.280925 469822 advanced_adc_enum.cpp:21] Get one vc: 3 7 19 27
I20220729 19:29:45.292452 469823 advanced_adc_enum.cpp:21] Get one vc: 7 17 19 20
I20220729 19:29:45.510686 469821 advanced_adc_enum.cpp:21] Get one vc: 6 15 17 20
I20220729 19:29:45.548590 469821 advanced_adc_enum.cpp:21] Get one vc: 4 6 19 20
I20220729 19:29:45.572700 469821 advanced_adc_enum.cpp:21] Get one vc: 6 17 19 20
I20220729 19:29:45.574843 469821 advanced_adc_enum.cpp:21] Get one vc: 8 20
I20220729 19:29:45.621515 469822 advanced_adc_enum.cpp:21] Get one vc: 4 6 9 20
I20220729 19:29:45.648510 469822 advanced_adc_enum.cpp:21] Get one vc: 4 9 20 27
I20220729 19:29:45.676599 469822 advanced_adc_enum.cpp:21] Get one vc: 4 6 9 27
I20220729 19:29:45.678262 469822 advanced_adc_enum.cpp:21] Get one vc: 8 9
I20220729 19:29:45.690548 469821 advanced_adc_enum.cpp:21] Get one vc: 4 10 13 20
I20220729 19:29:45.702705 469821 advanced_adc_enum.cpp:21] Get one vc: 3 10 19 20
I20220729 19:29:45.736826 469823 advanced_adc_enum.cpp:21] Get one vc: 4 6 9 15
I20220729 19:29:45.739203 469821 advanced_adc_enum.cpp:21] Get one vc: 6 10 19 20
I20220729 19:29:45.799783 469822 advanced_adc_enum.cpp:21] Get one vc: 6 9 10 20
I20220729 19:29:45.810446 469823 advanced_adc_enum.cpp:21] Get one vc: 6 9 10 15
I20220729 19:29:45.812736 469824 advanced_adc_enum.cpp:21] Get one vc: 3 10 15 20
I20220729 19:29:45.816174 469824 advanced_adc_enum.cpp:21] Get one vc: 6 10 15 20
I20220729 19:29:45.834111 469822 advanced_adc_enum.cpp:21] Get one vc: 3 9 10 20 27
I20220729 19:29:45.835824 469822 advanced_adc_enum.cpp:21] Get one vc: 6 9 10 27
I20220729 19:29:45.854081 469824 advanced_adc_enum.cpp:21] Get one vc: 10 17 19 20
I20220729 19:29:45.877282 469824 advanced_adc_enum.cpp:21] Get one vc: 4 10 17 20
I20220729 19:29:45.877878 469114 advanced_adc_enum.cpp:21] Get one vc: 9 10 17 19
I20220729 19:29:45.879002 469824 advanced_adc_enum.cpp:21] Get one vc: 6 10 17 20
I20220729 19:29:45.888358 469822 advanced_adc_enum.cpp:21] Get one vc: 4 9 10 27
I20220729 19:29:45.892474 469114 advanced_adc_enum.cpp:21] Get one vc: 9 15 17 19
I20220729 19:29:45.895815 469824 advanced_adc_enum.cpp:21] Get one vc: 4 9 10 20
I20220729 19:29:45.901145 469821 advanced_adc_enum.cpp:21] Get one vc: 8 22
I20220729 19:29:45.921579 469822 advanced_adc_enum.cpp:21] Get one vc: 4 6 9 10
I20220729 19:29:45.950656 469821 advanced_adc_enum.cpp:21] Get one vc: 3 10 13 22
I20220729 19:29:45.952378 469821 advanced_adc_enum.cpp:21] Get one vc: 10 19 22
I20220729 19:29:45.954576 469821 advanced_adc_enum.cpp:21] Get one vc: 4 10 22
I20220729 19:29:45.956223 469821 advanced_adc_enum.cpp:21] Get one vc: 6 10 22
I20220729 19:29:45.959633 469821 advanced_adc_enum.cpp:21] Get one vc: 10 17 22
I20220729 19:29:45.974741 469823 advanced_adc_enum.cpp:21] Get one vc: 3 6 9 15 20
I20220729 19:29:45.995054 469821 advanced_adc_enum.cpp:21] Get one vc: 4 15 22
I20220729 19:29:45.996729 469821 advanced_adc_enum.cpp:21] Get one vc: 6 15 22
I20220729 19:29:45.999697 469821 advanced_adc_enum.cpp:21] Get one vc: 10 15 22
I20220729 19:29:46.001320 469821 advanced_adc_enum.cpp:21] Get one vc: 15 17 22
I20220729 19:29:46.002980 469821 advanced_adc_enum.cpp:21] Get one vc: 15 19 22
I20220729 19:29:46.004463 469114 advanced_adc_enum.cpp:21] Get one vc: 3 9 10 17 20
I20220729 19:29:46.019148 469823 advanced_adc_enum.cpp:21] Get one vc: 9 10 15 20
I20220729 19:29:46.061924 469114 advanced_adc_enum.cpp:21] Get one vc: 3 9 17 19 20
I20220729 19:29:46.140019 469821 advanced_adc_enum.cpp:21] Get one vc: 3 4 13 24
I20220729 19:29:46.141403 469822 advanced_adc_enum.cpp:21] Get one vc: 9 10 19 20
I20220729 19:29:46.142166 469821 advanced_adc_enum.cpp:21] Get one vc: 4 15 24
I20220729 19:29:46.149868 469824 advanced_adc_enum.cpp:21] Get one vc: 6 17 22
I20220729 19:29:46.164284 469824 advanced_adc_enum.cpp:21] Get one vc: 3 13 17 22
I20220729 19:29:46.196395 469824 advanced_adc_enum.cpp:21] Get one vc: 4 6 22
I20220729 19:29:46.210863 469824 advanced_adc_enum.cpp:21] Get one vc: 3 4 13 22
I20220729 19:29:46.213735 469824 advanced_adc_enum.cpp:21] Get one vc: 4 17 22
I20220729 19:29:46.223274 469821 advanced_adc_enum.cpp:21] Get one vc: 6 15 24
I20220729 19:29:46.226457 469821 advanced_adc_enum.cpp:21] Get one vc: 4 6 24
I20220729 19:29:46.228125 469821 advanced_adc_enum.cpp:21] Get one vc: 8 24
I20220729 19:29:46.263047 469823 advanced_adc_enum.cpp:21] Get one vc: 9 15 19 27
I20220729 19:29:46.267225 469821 advanced_adc_enum.cpp:21] Get one vc: 3 10 13 24
I20220729 19:29:46.269376 469821 advanced_adc_enum.cpp:21] Get one vc: 10 15 24
I20220729 19:29:46.271503 469821 advanced_adc_enum.cpp:21] Get one vc: 4 10 24
I20220729 19:29:46.273136 469821 advanced_adc_enum.cpp:21] Get one vc: 6 10 24
I20220729 19:29:46.282974 469822 advanced_adc_enum.cpp:21] Get one vc: 3 9 19 20 27
I20220729 19:29:46.305831 469822 advanced_adc_enum.cpp:21] Get one vc: 4 9 19 20
I20220729 19:29:46.307523 469114 advanced_adc_enum.cpp:21] Get one vc: 3 9 15 17 20
I20220729 19:29:46.307539 469822 advanced_adc_enum.cpp:21] Get one vc: 4 9 19 27
I20220729 19:29:46.335228 469824 advanced_adc_enum.cpp:21] Get one vc: 17 19 22
I20220729 19:29:46.336915 469823 advanced_adc_enum.cpp:21] Get one vc: 6 9 15 27
I20220729 19:29:46.342880 469821 advanced_adc_enum.cpp:21] Get one vc: 3 13 17 24
I20220729 19:29:46.345930 469821 advanced_adc_enum.cpp:21] Get one vc: 4 17 24
I20220729 19:29:46.346169 469822 advanced_adc_enum.cpp:21] Get one vc: 6 9 10 19
I20220729 19:29:46.347846 469822 advanced_adc_enum.cpp:21] Get one vc: 6 9 19 20
I20220729 19:29:46.348006 469821 advanced_adc_enum.cpp:21] Get one vc: 6 17 24
I20220729 19:29:46.349552 469822 advanced_adc_enum.cpp:21] Get one vc: 6 9 19 27
I20220729 19:29:46.351392 469821 advanced_adc_enum.cpp:21] Get one vc: 10 17 24
I20220729 19:29:46.353057 469821 advanced_adc_enum.cpp:21] Get one vc: 15 17 24
I20220729 19:29:46.356078 469824 advanced_adc_enum.cpp:21] Get one vc: 6 19 22
I20220729 19:29:46.356163 469823 advanced_adc_enum.cpp:21] Get one vc: 4 6 9 19
I20220729 19:29:46.358211 469824 advanced_adc_enum.cpp:21] Get one vc: 4 19 22
I20220729 19:29:46.390820 469821 advanced_adc_enum.cpp:21] Get one vc: 4 19 24
I20220729 19:29:46.392470 469821 advanced_adc_enum.cpp:21] Get one vc: 6 19 24
I20220729 19:29:46.392607 469823 advanced_adc_enum.cpp:21] Get one vc: 4 9 10 17
I20220729 19:29:46.395404 469821 advanced_adc_enum.cpp:21] Get one vc: 10 19 24
I20220729 19:29:46.397047 469821 advanced_adc_enum.cpp:21] Get one vc: 17 19 24
I20220729 19:29:46.402436 469824 advanced_adc_enum.cpp:21] Get one vc: 15 19 24
I20220729 19:29:46.406718 469823 advanced_adc_enum.cpp:21] Get one vc: 3 4 9 17 20
I20220729 19:29:46.409358 469114 advanced_adc_enum.cpp:21] Get one vc: 4 9 15 17
I20220729 19:29:46.411115 469114 advanced_adc_enum.cpp:21] Get one vc: 4 9 17 19
I20220729 19:29:46.436057 469114 advanced_adc_enum.cpp:21] Get one vc: 4 6 9 17
I20220729 19:29:46.437822 469114 advanced_adc_enum.cpp:21] Get one vc: 6 9 10 17
I20220729 19:29:46.439571 469114 advanced_adc_enum.cpp:21] Get one vc: 6 9 17 19
I20220729 19:29:46.445010 469822 advanced_adc_enum.cpp:21] Get one vc: 4 9 22
I20220729 19:29:46.475615 469822 advanced_adc_enum.cpp:21] Get one vc: 9 10 22
I20220729 19:29:46.501281 469114 advanced_adc_enum.cpp:21] Get one vc: 3 9 17 22
I20220729 19:29:46.516701 469823 advanced_adc_enum.cpp:21] Get one vc: 6 9 15 17
I20220729 19:29:46.581705 469821 advanced_adc_enum.cpp:21] Get one vc: 4 10 13 27
I20220729 19:29:46.585321 469823 advanced_adc_enum.cpp:21] Get one vc: 10 15 27
I20220729 19:29:46.600888 469821 advanced_adc_enum.cpp:21] Get one vc: 4 10 20 27
I20220729 19:29:46.602759 469821 advanced_adc_enum.cpp:21] Get one vc: 4 22 27
I20220729 19:29:46.604576 469821 advanced_adc_enum.cpp:21] Get one vc: 4 24 27
I20220729 19:29:46.630903 469823 advanced_adc_enum.cpp:21] Get one vc: 3 9 17 24
I20220729 19:29:46.712325 469821 advanced_adc_enum.cpp:21] Get one vc: 4 15 27
I20220729 19:29:46.719199 469824 advanced_adc_enum.cpp:21] Get one vc: 6 10 20 27
I20220729 19:29:46.774682 469823 advanced_adc_enum.cpp:21] Get one vc: 6 9 17 27
I20220729 19:29:46.792668 469823 advanced_adc_enum.cpp:21] Get one vc: 4 9 17 27
I20220729 19:29:46.794939 469823 advanced_adc_enum.cpp:21] Get one vc: 9 17 19 27
I20220729 19:29:46.799146 469822 advanced_adc_enum.cpp:21] Get one vc: 9 10 24
I20220729 19:29:46.815107 469824 advanced_adc_enum.cpp:21] Get one vc: 6 15 20 27
I20220729 19:29:46.834151 469823 advanced_adc_enum.cpp:21] Get one vc: 3 9 10 17 27
I20220729 19:29:46.842813 469821 advanced_adc_enum.cpp:21] Get one vc: 4 6 13 20 27
I20220729 19:29:46.882373 469822 advanced_adc_enum.cpp:21] Get one vc: 4 9 24
I20220729 19:29:47.006309 469821 advanced_adc_enum.cpp:21] Get one vc: 4 6 10 27
I20220729 19:29:47.007975 469821 advanced_adc_enum.cpp:21] Get one vc: 8 27
I20220729 19:29:47.018062 469824 advanced_adc_enum.cpp:21] Get one vc: 6 22 27
I20220729 19:29:47.019764 469824 advanced_adc_enum.cpp:21] Get one vc: 10 22 27
I20220729 19:29:47.041380 469824 advanced_adc_enum.cpp:21] Get one vc: 15 22 27
I20220729 19:29:47.062888 469114 advanced_adc_enum.cpp:21] Get one vc: 2 7 11 20
I20220729 19:29:47.077977 469824 advanced_adc_enum.cpp:21] Get one vc: 10 24 27
I20220729 19:29:47.119112 469822 advanced_adc_enum.cpp:21] Get one vc: 6 24 27
I20220729 19:29:47.120815 469822 advanced_adc_enum.cpp:21] Get one vc: 15 24 27
I20220729 19:29:47.150652 469821 advanced_adc_enum.cpp:21] Get one vc: 4 10 17 27
I20220729 19:29:47.152343 469821 advanced_adc_enum.cpp:21] Get one vc: 6 10 17 27
I20220729 19:29:47.175968 469114 advanced_adc_enum.cpp:21] Get one vc: 2 5 7 11
I20220729 19:29:47.202296 469824 advanced_adc_enum.cpp:21] Get one vc: 5 7 11 19
