I20220729 19:42:52.802893 476153 adc_enum.cpp:13] Get one vc: 2 27 29
I20220729 19:42:53.111979 476153 adc_enum.cpp:13] Get one vc: 5 6 20 29
I20220729 19:42:53.318234 476153 adc_enum.cpp:13] Get one vc: 3 5 10 20 29
I20220729 19:42:53.386059 476153 adc_enum.cpp:13] Get one vc: 5 6 15 29
I20220729 19:42:53.464561 476153 adc_enum.cpp:13] Get one vc: 3 5 15 20 29
I20220729 19:42:53.536383 476153 adc_enum.cpp:13] Get one vc: 2 5 17 29
I20220729 19:42:53.538558 476153 adc_enum.cpp:13] Get one vc: 5 6 17 29
I20220729 19:42:53.713956 476153 adc_enum.cpp:13] Get one vc: 3 5 17 20 29
I20220729 19:42:53.722657 476153 adc_enum.cpp:13] Get one vc: 5 15 17 20 29
I20220729 19:42:53.864974 476153 adc_enum.cpp:13] Get one vc: 5 10 19 29
I20220729 19:42:54.033239 476153 adc_enum.cpp:13] Get one vc: 3 5 19 20 29
I20220729 19:42:54.191577 476153 adc_enum.cpp:13] Get one vc: 5 6 27 29
I20220729 19:42:54.485623 476153 adc_enum.cpp:13] Get one vc: 3 5 20 27 29
I20220729 19:42:55.221784 476153 adc_enum.cpp:13] Get one vc: 4 9 10 29
I20220729 19:42:55.747623 476153 adc_enum.cpp:13] Get one vc: 9 10 15 20 29
I20220729 19:42:56.172551 476153 adc_enum.cpp:13] Get one vc: 9 10 15 17 29
I20220729 19:42:56.281040 476153 adc_enum.cpp:13] Get one vc: 4 9 17 20 29
I20220729 19:42:56.568598 476153 adc_enum.cpp:13] Get one vc: 4 9 19 29
I20220729 19:42:56.874369 476153 adc_enum.cpp:13] Get one vc: 9 15 17 19 29
I20220729 19:42:57.598179 476153 adc_enum.cpp:13] Get one vc: 9 15 17 27 29
I20220729 19:42:57.801163 476153 adc_enum.cpp:13] Get one vc: 4 9 20 27 29
I20220729 19:42:57.805323 476153 adc_enum.cpp:13] Get one vc: 9 10 20 27 29
I20220729 19:42:57.935246 476153 adc_enum.cpp:13] Get one vc: 9 19 20 27 29
I20220729 19:42:58.556493 476153 adc_enum.cpp:13] Get one vc: 3 4 11 20 29
I20220729 19:42:58.558674 476153 adc_enum.cpp:13] Get one vc: 4 9 11 20 29
I20220729 19:42:58.560259 476153 adc_enum.cpp:13] Get one vc: 4 11 13 20 29
I20220729 19:42:58.774683 476153 adc_enum.cpp:13] Get one vc: 3 5 11 20 29
I20220729 19:42:58.857944 476153 adc_enum.cpp:13] Get one vc: 4 6 11 29
I20220729 19:42:58.862447 476153 adc_enum.cpp:13] Get one vc: 5 6 11 29
I20220729 19:42:59.032622 476153 adc_enum.cpp:13] Get one vc: 6 11 20 29
I20220729 19:42:59.212694 476153 adc_enum.cpp:13] Get one vc: 6 11 15 29
I20220729 19:42:59.275017 476153 adc_enum.cpp:13] Get one vc: 3 11 15 20 29
I20220729 19:42:59.281772 476153 adc_enum.cpp:13] Get one vc: 5 11 15 20 29
I20220729 19:42:59.479336 476153 adc_enum.cpp:13] Get one vc: 3 4 11 17 29
I20220729 19:42:59.481518 476153 adc_enum.cpp:13] Get one vc: 4 9 11 17 29
I20220729 19:42:59.483172 476153 adc_enum.cpp:13] Get one vc: 4 11 13 17 29
I20220729 19:42:59.546671 476153 adc_enum.cpp:13] Get one vc: 6 11 17 29
I20220729 19:42:59.612527 476153 adc_enum.cpp:13] Get one vc: 3 11 15 17 29
I20220729 19:42:59.841933 476153 adc_enum.cpp:13] Get one vc: 3 11 17 20 29
I20220729 19:42:59.844137 476153 adc_enum.cpp:13] Get one vc: 5 11 17 20 29
I20220729 19:43:00.014377 476153 adc_enum.cpp:13] Get one vc: 4 11 19 29
I20220729 19:43:00.052902 476153 adc_enum.cpp:13] Get one vc: 6 11 19 29
I20220729 19:43:00.057138 476153 adc_enum.cpp:13] Get one vc: 11 15 19 29
I20220729 19:43:00.107769 476153 adc_enum.cpp:13] Get one vc: 9 11 17 19 29
I20220729 19:43:00.125543 476153 adc_enum.cpp:13] Get one vc: 3 11 17 19 29
I20220729 19:43:00.216557 476153 adc_enum.cpp:13] Get one vc: 3 11 19 20 29
I20220729 19:43:00.399116 476153 adc_enum.cpp:13] Get one vc: 4 11 27 29
I20220729 19:43:00.462639 476153 adc_enum.cpp:13] Get one vc: 6 11 27 29
I20220729 19:43:00.528000 476153 adc_enum.cpp:13] Get one vc: 9 11 15 27 29
I20220729 19:43:00.627193 476153 adc_enum.cpp:13] Get one vc: 3 11 17 27 29
I20220729 19:43:00.702529 476153 adc_enum.cpp:13] Get one vc: 9 11 19 27 29
I20220729 19:43:00.814052 476153 adc_enum.cpp:13] Get one vc: 5 11 20 27 29
I20220729 19:43:00.873870 476153 adc_enum.cpp:13] Get one vc: 3 11 20 27 29
I20220729 19:43:01.668958 476153 adc_enum.cpp:13] Get one vc: 4 11 14 29
I20220729 19:43:02.249994 476153 adc_enum.cpp:13] Get one vc: 4 9 14 20 29
I20220729 19:43:02.279772 476153 adc_enum.cpp:13] Get one vc: 3 11 14 20 29
I20220729 19:43:02.398910 476153 adc_enum.cpp:13] Get one vc: 3 4 13 14 20 29
I20220729 19:43:02.484896 476153 adc_enum.cpp:13] Get one vc: 1 2 14 29
I20220729 19:43:02.486610 476153 adc_enum.cpp:13] Get one vc: 2 9 14 29
I20220729 19:43:02.489773 476153 adc_enum.cpp:13] Get one vc: 2 13 14 29
I20220729 19:43:02.754530 476153 adc_enum.cpp:13] Get one vc: 3 5 14 20 29
I20220729 19:43:02.759457 476153 adc_enum.cpp:13] Get one vc: 5 11 14 20 29
I20220729 19:43:03.061719 476153 adc_enum.cpp:13] Get one vc: 5 6 14 29
I20220729 19:43:03.144821 476153 adc_enum.cpp:13] Get one vc: 6 11 14 29
I20220729 19:43:03.230665 476153 adc_enum.cpp:13] Get one vc: 4 6 13 14 29
I20220729 19:43:03.237639 476153 adc_enum.cpp:13] Get one vc: 6 14 20 29
I20220729 19:43:03.403991 476153 adc_enum.cpp:13] Get one vc: 4 6 10 14 29
I20220729 19:43:03.461833 476153 adc_enum.cpp:13] Get one vc: 1 4 10 14 29
I20220729 19:43:03.546465 476153 adc_enum.cpp:13] Get one vc: 3 4 10 14 29
I20220729 19:43:03.892153 476153 adc_enum.cpp:13] Get one vc: 4 10 13 14 29
I20220729 19:43:03.894443 476153 adc_enum.cpp:13] Get one vc: 6 10 13 14 29
I20220729 19:43:04.004408 476153 adc_enum.cpp:13] Get one vc: 3 10 14 20 29
I20220729 19:43:04.007871 476153 adc_enum.cpp:13] Get one vc: 9 10 14 20 29
I20220729 19:43:04.297044 476153 adc_enum.cpp:13] Get one vc: 3 4 14 17 29
I20220729 19:43:04.300333 476153 adc_enum.cpp:13] Get one vc: 4 13 14 17 29
I20220729 19:43:04.350203 476153 adc_enum.cpp:13] Get one vc: 3 11 14 17 29
I20220729 19:43:04.463392 476153 adc_enum.cpp:13] Get one vc: 6 14 17 29
I20220729 19:43:04.467572 476153 adc_enum.cpp:13] Get one vc: 10 14 17 29
I20220729 19:43:04.566327 476153 adc_enum.cpp:13] Get one vc: 11 14 17 20 29
I20220729 19:43:04.665580 476153 adc_enum.cpp:13] Get one vc: 3 14 17 20 29
I20220729 19:43:04.809288 476153 adc_enum.cpp:13] Get one vc: 4 14 19 29
I20220729 19:43:04.891144 476153 adc_enum.cpp:13] Get one vc: 3 11 14 19 29
I20220729 19:43:05.044857 476153 adc_enum.cpp:13] Get one vc: 6 14 19 29
I20220729 19:43:05.049022 476153 adc_enum.cpp:13] Get one vc: 10 14 19 29
I20220729 19:43:05.051420 476153 adc_enum.cpp:13] Get one vc: 14 17 19 29
I20220729 19:43:05.103693 476153 adc_enum.cpp:13] Get one vc: 9 14 19 20 29
I20220729 19:43:05.129158 476153 adc_enum.cpp:13] Get one vc: 3 14 19 20 29
I20220729 19:43:05.375490 476153 adc_enum.cpp:13] Get one vc: 1 4 14 27 29
I20220729 19:43:05.441924 476153 adc_enum.cpp:13] Get one vc: 3 4 14 27 29
I20220729 19:43:05.444259 476153 adc_enum.cpp:13] Get one vc: 3 10 14 27 29
I20220729 19:43:05.608251 476153 adc_enum.cpp:13] Get one vc: 4 13 14 27 29
I20220729 19:43:05.610594 476153 adc_enum.cpp:13] Get one vc: 10 13 14 27 29
I20220729 19:43:05.735996 476153 adc_enum.cpp:13] Get one vc: 1 6 14 27 29
I20220729 19:43:05.737820 476153 adc_enum.cpp:13] Get one vc: 3 6 14 27 29
I20220729 19:43:05.741240 476153 adc_enum.cpp:13] Get one vc: 6 9 14 27 29
I20220729 19:43:05.742812 476153 adc_enum.cpp:13] Get one vc: 6 13 14 27 29
I20220729 19:43:05.876163 476153 adc_enum.cpp:13] Get one vc: 9 14 17 27 29
I20220729 19:43:05.884536 476153 adc_enum.cpp:13] Get one vc: 3 14 17 27 29
I20220729 19:43:05.901149 476153 adc_enum.cpp:13] Get one vc: 14 19 27 29
I20220729 19:43:06.048939 476153 adc_enum.cpp:13] Get one vc: 3 14 20 27 29
I20220729 19:43:07.227172 476153 adc_enum.cpp:13] Get one vc: 3 10 16 20 29
I20220729 19:43:07.262697 476153 adc_enum.cpp:13] Get one vc: 3 5 16 20 29
I20220729 19:43:07.315490 476153 adc_enum.cpp:13] Get one vc: 9 10 16 20 29
I20220729 19:43:07.372332 476153 adc_enum.cpp:13] Get one vc: 10 13 16 20 29
I20220729 19:43:07.406512 476153 adc_enum.cpp:13] Get one vc: 3 15 16 20 29
I20220729 19:43:07.410410 476153 adc_enum.cpp:13] Get one vc: 9 15 16 20 29
I20220729 19:43:07.413839 476153 adc_enum.cpp:13] Get one vc: 13 15 16 20 29
I20220729 19:43:07.500197 476153 adc_enum.cpp:13] Get one vc: 4 10 16 29
I20220729 19:43:07.658628 476153 adc_enum.cpp:13] Get one vc: 4 16 20 29
I20220729 19:43:07.746091 476153 adc_enum.cpp:13] Get one vc: 4 6 16 29
I20220729 19:43:07.748257 476153 adc_enum.cpp:13] Get one vc: 6 10 16 29
I20220729 19:43:07.841411 476153 adc_enum.cpp:13] Get one vc: 5 6 16 29
I20220729 19:43:07.984901 476153 adc_enum.cpp:13] Get one vc: 6 16 20 29
I20220729 19:43:08.213388 476153 adc_enum.cpp:13] Get one vc: 11 15 16 29
I20220729 19:43:08.273476 476153 adc_enum.cpp:13] Get one vc: 3 11 16 20 29
I20220729 19:43:08.280303 476153 adc_enum.cpp:13] Get one vc: 5 11 16 20 29
I20220729 19:43:08.544729 476153 adc_enum.cpp:13] Get one vc: 10 13 14 16 29
I20220729 19:43:08.614943 476153 adc_enum.cpp:13] Get one vc: 3 10 14 16 29
I20220729 19:43:08.762972 476153 adc_enum.cpp:13] Get one vc: 1 4 14 16 29
I20220729 19:43:08.764817 476153 adc_enum.cpp:13] Get one vc: 3 4 14 16 29
I20220729 19:43:08.767719 476153 adc_enum.cpp:13] Get one vc: 4 13 14 16 29
I20220729 19:43:08.830752 476153 adc_enum.cpp:13] Get one vc: 1 6 14 16 29
I20220729 19:43:08.832583 476153 adc_enum.cpp:13] Get one vc: 3 6 14 16 29
I20220729 19:43:08.836068 476153 adc_enum.cpp:13] Get one vc: 6 9 14 16 29
I20220729 19:43:08.837663 476153 adc_enum.cpp:13] Get one vc: 6 13 14 16 29
I20220729 19:43:09.022424 476153 adc_enum.cpp:13] Get one vc: 3 14 16 20 29
I20220729 19:43:09.334131 476153 adc_enum.cpp:13] Get one vc: 11 16 19 29
I20220729 19:43:09.338340 476153 adc_enum.cpp:13] Get one vc: 14 16 19 29
I20220729 19:43:09.340308 476153 adc_enum.cpp:13] Get one vc: 16 19 20 29
I20220729 19:43:09.548251 476153 adc_enum.cpp:13] Get one vc: 4 16 27 29
I20220729 19:43:09.550405 476153 adc_enum.cpp:13] Get one vc: 10 16 27 29
I20220729 19:43:09.637109 476153 adc_enum.cpp:13] Get one vc: 3 14 16 27 29
I20220729 19:43:09.638829 476153 adc_enum.cpp:13] Get one vc: 9 14 16 27 29
I20220729 19:43:09.740150 476153 adc_enum.cpp:13] Get one vc: 6 16 27 29
I20220729 19:43:09.797026 476153 adc_enum.cpp:13] Get one vc: 9 11 16 27 29
I20220729 19:43:09.798689 476153 adc_enum.cpp:13] Get one vc: 11 13 16 27 29
I20220729 19:43:09.812566 476153 adc_enum.cpp:13] Get one vc: 15 16 27 29
I20220729 19:43:09.951256 476153 adc_enum.cpp:13] Get one vc: 3 16 20 27 29
I20220729 19:43:11.677389 476153 adc_enum.cpp:13] Get one vc: 3 14 17 18 29
I20220729 19:43:12.010764 476153 adc_enum.cpp:13] Get one vc: 3 5 18 20 29
I20220729 19:43:12.013025 476153 adc_enum.cpp:13] Get one vc: 5 14 18 20 29
I20220729 19:43:12.124502 476153 adc_enum.cpp:13] Get one vc: 3 9 14 18 20 29
I20220729 19:43:12.177928 476153 adc_enum.cpp:13] Get one vc: 3 11 18 20 29
I20220729 19:43:12.180609 476153 adc_enum.cpp:13] Get one vc: 5 11 18 20 29
I20220729 19:43:12.219921 476153 adc_enum.cpp:13] Get one vc: 11 14 18 20 29
I20220729 19:43:12.428115 476153 adc_enum.cpp:13] Get one vc: 5 17 18 20 29
I20220729 19:43:12.465224 476153 adc_enum.cpp:13] Get one vc: 3 9 17 18 20 29
I20220729 19:43:12.467942 476153 adc_enum.cpp:13] Get one vc: 11 17 18 20 29
I20220729 19:43:12.470191 476153 adc_enum.cpp:13] Get one vc: 14 17 18 20 29
I20220729 19:43:13.026896 476153 adc_enum.cpp:13] Get one vc: 4 9 14 18 29
I20220729 19:43:13.029039 476153 adc_enum.cpp:13] Get one vc: 4 11 18 29
I20220729 19:43:13.129043 476153 adc_enum.cpp:13] Get one vc: 3 4 13 14 18 29
I20220729 19:43:13.166373 476153 adc_enum.cpp:13] Get one vc: 3 4 17 18 29
I20220729 19:43:13.168720 476153 adc_enum.cpp:13] Get one vc: 4 9 17 18 29
I20220729 19:43:13.307677 476153 adc_enum.cpp:13] Get one vc: 4 9 18 20 29
I20220729 19:43:13.553189 476153 adc_enum.cpp:13] Get one vc: 1 4 6 18 29
I20220729 19:43:13.630543 476153 adc_enum.cpp:13] Get one vc: 3 4 6 18 29
I20220729 19:43:13.632817 476153 adc_enum.cpp:13] Get one vc: 3 6 14 18 29
I20220729 19:43:13.634965 476153 adc_enum.cpp:13] Get one vc: 5 6 18 29
I20220729 19:43:13.718302 476153 adc_enum.cpp:13] Get one vc: 6 9 14 18 29
I20220729 19:43:13.720451 476153 adc_enum.cpp:13] Get one vc: 6 11 18 29
I20220729 19:43:13.808148 476153 adc_enum.cpp:13] Get one vc: 4 6 13 18 29
I20220729 19:43:13.813517 476153 adc_enum.cpp:13] Get one vc: 6 13 14 18 29
I20220729 19:43:13.815629 476153 adc_enum.cpp:13] Get one vc: 6 17 18 29
I20220729 19:43:13.817596 476153 adc_enum.cpp:13] Get one vc: 6 18 20 29
I20220729 19:43:14.248075 476153 adc_enum.cpp:13] Get one vc: 4 6 10 18 29
I20220729 19:43:14.250088 476153 adc_enum.cpp:13] Get one vc: 1 6 10 18 29
I20220729 19:43:14.251924 476153 adc_enum.cpp:13] Get one vc: 3 6 10 18 29
I20220729 19:43:14.256516 476153 adc_enum.cpp:13] Get one vc: 6 10 13 18 29
I20220729 19:43:14.497059 476153 adc_enum.cpp:13] Get one vc: 3 10 13 14 18 29
I20220729 19:43:14.567507 476153 adc_enum.cpp:13] Get one vc: 3 10 17 18 29
I20220729 19:43:14.653952 476153 adc_enum.cpp:13] Get one vc: 10 14 18 20 29
I20220729 19:43:14.789746 476153 adc_enum.cpp:13] Get one vc: 3 9 10 18 20 29
I20220729 19:43:15.096441 476153 adc_enum.cpp:13] Get one vc: 4 15 18 29
I20220729 19:43:15.127884 476153 adc_enum.cpp:13] Get one vc: 9 10 15 18 29
I20220729 19:43:15.130168 476153 adc_enum.cpp:13] Get one vc: 3 10 15 18 29
I20220729 19:43:15.192943 476153 adc_enum.cpp:13] Get one vc: 6 15 18 29
I20220729 19:43:15.401234 476153 adc_enum.cpp:13] Get one vc: 3 15 17 18 29
I20220729 19:43:15.526711 476153 adc_enum.cpp:13] Get one vc: 5 15 18 20 29
I20220729 19:43:15.561110 476153 adc_enum.cpp:13] Get one vc: 3 15 18 20 29
I20220729 19:43:15.816570 476153 adc_enum.cpp:13] Get one vc: 9 10 16 18 29
I20220729 19:43:16.131711 476153 adc_enum.cpp:13] Get one vc: 3 10 16 18 29
I20220729 19:43:16.183238 476153 adc_enum.cpp:13] Get one vc: 3 14 16 18 29
I20220729 19:43:16.221737 476153 adc_enum.cpp:13] Get one vc: 1 4 16 18 29
I20220729 19:43:16.223572 476153 adc_enum.cpp:13] Get one vc: 3 4 16 18 29
I20220729 19:43:16.232230 476153 adc_enum.cpp:13] Get one vc: 6 16 18 29
I20220729 19:43:16.402523 476153 adc_enum.cpp:13] Get one vc: 13 15 16 18 29
I20220729 19:43:16.501339 476153 adc_enum.cpp:13] Get one vc: 14 16 18 20 29
I20220729 19:43:16.594250 476153 adc_enum.cpp:13] Get one vc: 5 16 18 20 29
I20220729 19:43:16.656453 476153 adc_enum.cpp:13] Get one vc: 3 9 16 18 20 29
I20220729 19:43:16.738116 476153 adc_enum.cpp:13] Get one vc: 3 13 16 18 20 29
I20220729 19:43:17.264736 476153 adc_enum.cpp:13] Get one vc: 3 15 18 27 29
I20220729 19:43:17.353230 476153 adc_enum.cpp:13] Get one vc: 3 17 18 27 29
I20220729 19:43:17.485268 476153 adc_enum.cpp:13] Get one vc: 3 4 18 27 29
I20220729 19:43:17.489948 476153 adc_enum.cpp:13] Get one vc: 4 13 18 27 29
I20220729 19:43:17.495656 476153 adc_enum.cpp:13] Get one vc: 6 18 27 29
I20220729 19:43:17.612906 476153 adc_enum.cpp:13] Get one vc: 3 10 18 27 29
I20220729 19:43:17.873642 476153 adc_enum.cpp:13] Get one vc: 3 14 18 27 29
I20220729 19:43:18.092423 476153 adc_enum.cpp:13] Get one vc: 3 16 18 27 29
I20220729 19:43:18.205837 476153 adc_enum.cpp:13] Get one vc: 5 18 20 27 29
I20220729 19:43:18.340442 476153 adc_enum.cpp:13] Get one vc: 3 9 18 20 27 29
I20220729 19:43:18.342064 476153 adc_enum.cpp:13] Get one vc: 3 13 18 20 27 29
I20220729 19:43:18.358372 476153 adc_enum.cpp:13] Get one vc: 14 18 20 27 29
I20220729 19:43:18.489848 476153 adc_enum.cpp:13] Get one vc: 17 22 29
I20220729 19:43:18.521853 476153 adc_enum.cpp:13] Get one vc: 3 5 22 29
I20220729 19:43:18.525485 476153 adc_enum.cpp:13] Get one vc: 11 22 29
I20220729 19:43:18.527451 476153 adc_enum.cpp:13] Get one vc: 14 22 29
I20220729 19:43:18.529388 476153 adc_enum.cpp:13] Get one vc: 18 22 29
I20220729 19:43:18.533645 476153 adc_enum.cpp:13] Get one vc: 4 22 29
I20220729 19:43:18.535631 476153 adc_enum.cpp:13] Get one vc: 6 22 29
I20220729 19:43:18.539431 476153 adc_enum.cpp:13] Get one vc: 10 22 29
I20220729 19:43:18.543290 476153 adc_enum.cpp:13] Get one vc: 15 22 29
I20220729 19:43:18.545308 476153 adc_enum.cpp:13] Get one vc: 16 22 29
I20220729 19:43:18.547364 476153 adc_enum.cpp:13] Get one vc: 19 22 29
I20220729 19:43:18.549506 476153 adc_enum.cpp:13] Get one vc: 22 27 29
I20220729 19:43:18.679221 476153 adc_enum.cpp:13] Get one vc: 17 24 29
I20220729 19:43:18.711254 476153 adc_enum.cpp:13] Get one vc: 3 5 24 29
I20220729 19:43:18.714900 476153 adc_enum.cpp:13] Get one vc: 11 24 29
I20220729 19:43:18.716872 476153 adc_enum.cpp:13] Get one vc: 14 24 29
I20220729 19:43:18.718811 476153 adc_enum.cpp:13] Get one vc: 18 24 29
I20220729 19:43:18.723071 476153 adc_enum.cpp:13] Get one vc: 4 24 29
I20220729 19:43:18.725067 476153 adc_enum.cpp:13] Get one vc: 6 24 29
I20220729 19:43:18.728864 476153 adc_enum.cpp:13] Get one vc: 10 24 29
I20220729 19:43:18.732738 476153 adc_enum.cpp:13] Get one vc: 15 24 29
I20220729 19:43:18.734760 476153 adc_enum.cpp:13] Get one vc: 16 24 29
I20220729 19:43:18.736809 476153 adc_enum.cpp:13] Get one vc: 19 24 29
I20220729 19:43:18.738940 476153 adc_enum.cpp:13] Get one vc: 24 27 29
I20220729 19:43:18.945613 476153 adc_enum.cpp:13] Get one vc: 2 26 29
I20220729 19:43:19.443065 476153 adc_enum.cpp:13] Get one vc: 1 10 14 26 29
I20220729 19:43:19.504711 476153 adc_enum.cpp:13] Get one vc: 10 13 14 26 29
I20220729 19:43:19.638309 476153 adc_enum.cpp:13] Get one vc: 10 16 26 29
I20220729 19:43:19.787012 476153 adc_enum.cpp:13] Get one vc: 9 14 16 26 29
I20220729 19:43:19.986822 476153 adc_enum.cpp:13] Get one vc: 9 16 18 26 29
I20220729 19:43:20.023026 476153 adc_enum.cpp:13] Get one vc: 9 10 18 26 29
I20220729 19:43:20.668040 476153 adc_enum.cpp:13] Get one vc: 3 10 14 26 29
I20220729 19:43:20.834905 476153 adc_enum.cpp:13] Get one vc: 3 14 16 26 29
I20220729 19:43:20.906524 476153 adc_enum.cpp:13] Get one vc: 3 16 18 26 29
I20220729 19:43:20.956900 476153 adc_enum.cpp:13] Get one vc: 3 10 18 26 29
I20220729 19:43:21.028048 476153 adc_enum.cpp:13] Get one vc: 3 14 18 26 29
I20220729 19:43:21.075877 476153 adc_enum.cpp:13] Get one vc: 4 10 26 29
I20220729 19:43:21.122459 476153 adc_enum.cpp:13] Get one vc: 1 4 14 26 29
I20220729 19:43:21.124266 476153 adc_enum.cpp:13] Get one vc: 3 4 14 26 29
I20220729 19:43:21.127064 476153 adc_enum.cpp:13] Get one vc: 4 13 14 26 29
I20220729 19:43:21.187456 476153 adc_enum.cpp:13] Get one vc: 1 4 18 26 29
I20220729 19:43:21.189271 476153 adc_enum.cpp:13] Get one vc: 3 4 18 26 29
I20220729 19:43:21.192080 476153 adc_enum.cpp:13] Get one vc: 4 13 18 26 29
I20220729 19:43:21.294456 476153 adc_enum.cpp:13] Get one vc: 4 6 26 29
I20220729 19:43:21.296548 476153 adc_enum.cpp:13] Get one vc: 6 14 26 29
I20220729 19:43:21.301033 476153 adc_enum.cpp:13] Get one vc: 5 6 26 29
I20220729 19:43:21.360625 476153 adc_enum.cpp:13] Get one vc: 6 10 26 29
I20220729 19:43:21.449162 476153 adc_enum.cpp:13] Get one vc: 6 16 26 29
I20220729 19:43:21.451212 476153 adc_enum.cpp:13] Get one vc: 6 18 26 29
I20220729 19:43:21.795313 476153 adc_enum.cpp:13] Get one vc: 4 11 26 29
I20220729 19:43:21.797443 476153 adc_enum.cpp:13] Get one vc: 6 11 26 29
I20220729 19:43:22.012602 476153 adc_enum.cpp:13] Get one vc: 9 11 16 26 29
I20220729 19:43:22.014182 476153 adc_enum.cpp:13] Get one vc: 11 13 16 26 29
I20220729 19:43:22.341861 476153 adc_enum.cpp:13] Get one vc: 9 11 15 26 29
I20220729 19:43:22.343446 476153 adc_enum.cpp:13] Get one vc: 11 13 15 26 29
I20220729 19:43:22.426702 476153 adc_enum.cpp:13] Get one vc: 6 15 26 29
I20220729 19:43:22.430922 476153 adc_enum.cpp:13] Get one vc: 10 15 26 29
I20220729 19:43:22.496469 476153 adc_enum.cpp:13] Get one vc: 9 15 18 26 29
I20220729 19:43:22.829619 476153 adc_enum.cpp:13] Get one vc: 9 15 17 26 29
I20220729 19:43:22.919534 476153 adc_enum.cpp:13] Get one vc: 3 11 17 26 29
I20220729 19:43:22.921897 476153 adc_enum.cpp:13] Get one vc: 3 15 17 26 29
I20220729 19:43:22.924090 476153 adc_enum.cpp:13] Get one vc: 4 17 26 29
I20220729 19:43:22.926201 476153 adc_enum.cpp:13] Get one vc: 6 17 26 29
I20220729 19:43:22.930364 476153 adc_enum.cpp:13] Get one vc: 10 17 26 29
I20220729 19:43:23.015758 476153 adc_enum.cpp:13] Get one vc: 9 14 17 26 29
I20220729 19:43:23.020371 476153 adc_enum.cpp:13] Get one vc: 3 14 17 26 29
I20220729 19:43:23.104888 476153 adc_enum.cpp:13] Get one vc: 3 17 18 26 29
I20220729 19:43:23.303678 476153 adc_enum.cpp:13] Get one vc: 9 11 19 26 29
I20220729 19:43:23.350515 476153 adc_enum.cpp:13] Get one vc: 11 13 19 26 29
I20220729 19:43:23.354298 476153 adc_enum.cpp:13] Get one vc: 17 19 26 29
I20220729 19:43:23.478742 476153 adc_enum.cpp:13] Get one vc: 6 19 26 29
I20220729 19:43:23.486625 476153 adc_enum.cpp:13] Get one vc: 14 19 26 29
I20220729 19:43:23.690963 476153 adc_enum.cpp:13] Get one vc: 14 18 20 26 29
I20220729 19:43:23.870908 476153 adc_enum.cpp:13] Get one vc: 3 14 20 26 29
I20220729 19:43:23.873116 476153 adc_enum.cpp:13] Get one vc: 3 18 20 26 29
I20220729 19:43:23.914333 476153 adc_enum.cpp:13] Get one vc: 3 5 20 26 29
I20220729 19:43:23.918283 476153 adc_enum.cpp:13] Get one vc: 5 18 20 26 29
I20220729 19:43:24.095963 476153 adc_enum.cpp:13] Get one vc: 3 11 20 26 29
I20220729 19:43:24.098623 476153 adc_enum.cpp:13] Get one vc: 5 11 20 26 29
I20220729 19:43:24.324043 476153 adc_enum.cpp:13] Get one vc: 3 17 20 26 29
I20220729 19:43:24.369980 476153 adc_enum.cpp:13] Get one vc: 4 20 26 29
I20220729 19:43:24.372129 476153 adc_enum.cpp:13] Get one vc: 6 20 26 29
I20220729 19:43:24.440296 476153 adc_enum.cpp:13] Get one vc: 3 10 20 26 29
I20220729 19:43:24.443768 476153 adc_enum.cpp:13] Get one vc: 9 10 20 26 29
I20220729 19:43:24.544165 476153 adc_enum.cpp:13] Get one vc: 3 15 20 26 29
I20220729 19:43:24.678898 476153 adc_enum.cpp:13] Get one vc: 3 16 20 26 29
I20220729 19:43:24.840148 476153 adc_enum.cpp:13] Get one vc: 3 19 20 26 29
I20220729 19:43:24.846037 476153 adc_enum.cpp:13] Get one vc: 9 19 20 26 29
I20220729 19:43:24.847709 476153 adc_enum.cpp:13] Get one vc: 13 19 20 26 29
I20220729 19:43:24.867990 476153 adc_enum.cpp:13] Get one vc: 22 26 29
I20220729 19:43:24.870122 476153 adc_enum.cpp:13] Get one vc: 24 26 29
I20220729 19:43:24.872200 476153 adc_enum.cpp:13] Get one vc: 28 29
I20220729 19:43:24.872274 476153 exp_framework.cpp:37] time cost: 184s
I20220729 19:43:24.872527 476153 exp_framework.cpp:13] #### Process Dataset - test ####
I20220729 19:43:24.872599 476153 exp_framework.cpp:18] ## Process File - "v30_e513.txt" ##
I20220729 19:43:24.880538 476153 exp_framework.cpp:32] vertex: 30 edge: 513
I20220729 19:43:25.131726 476153 advanced_adc_enum.cpp:21] Get one vc: 0
I20220729 19:43:25.333182 476153 advanced_adc_enum.cpp:21] Get one vc: 2 3
I20220729 19:43:25.474779 478161 advanced_adc_enum.cpp:21] Get one vc: 2 6
I20220729 19:43:25.985394 478162 advanced_adc_enum.cpp:21] Get one vc: 3 5 6 11
I20220729 19:43:26.043594 476153 advanced_adc_enum.cpp:21] Get one vc: 3 5 11 14
I20220729 19:43:26.114363 476153 advanced_adc_enum.cpp:21] Get one vc: 3 5 6 14
I20220729 19:43:26.166175 478161 advanced_adc_enum.cpp:21] Get one vc: 3 6 9 11 14
I20220729 19:43:26.167765 478161 advanced_adc_enum.cpp:21] Get one vc: 3 6 11 13 14
I20220729 19:43:26.263124 476153 advanced_adc_enum.cpp:21] Get one vc: 3 5 14 16
I20220729 19:43:26.299999 478162 advanced_adc_enum.cpp:21] Get one vc: 3 5 6 16
I20220729 19:43:26.302137 478162 advanced_adc_enum.cpp:21] Get one vc: 3 5 11 16
I20220729 19:43:26.435166 476153 advanced_adc_enum.cpp:21] Get one vc: 3 6 9 14 16
I20220729 19:43:26.446039 478160 advanced_adc_enum.cpp:21] Get one vc: 3 11 14 16
I20220729 19:43:26.736987 478159 advanced_adc_enum.cpp:21] Get one vc: 2 5 14
I20220729 19:43:26.868268 476153 advanced_adc_enum.cpp:21] Get one vc: 3 5 16 18
I20220729 19:43:26.954165 478159 advanced_adc_enum.cpp:21] Get one vc: 2 11 14
I20220729 19:43:26.968180 478162 advanced_adc_enum.cpp:21] Get one vc: 3 5 11 18
I20220729 19:43:26.983728 476153 advanced_adc_enum.cpp:21] Get one vc: 3 6 11 18
I20220729 19:43:26.993043 478159 advanced_adc_enum.cpp:21] Get one vc: 5 6 11 14
I20220729 19:43:27.010697 476153 advanced_adc_enum.cpp:21] Get one vc: 3 6 9 14 18
I20220729 19:43:27.018319 478160 advanced_adc_enum.cpp:21] Get one vc: 3 5 14 18
I20220729 19:43:27.036976 476153 advanced_adc_enum.cpp:21] Get one vc: 3 5 6 18
I20220729 19:43:27.090766 478160 advanced_adc_enum.cpp:21] Get one vc: 3 11 14 18
I20220729 19:43:27.110743 478161 advanced_adc_enum.cpp:21] Get one vc: 3 11 16 18
I20220729 19:43:27.176661 478159 advanced_adc_enum.cpp:21] Get one vc: 2 16
I20220729 19:43:27.211305 478161 advanced_adc_enum.cpp:21] Get one vc: 3 9 14 16 18
I20220729 19:43:27.327426 478160 advanced_adc_enum.cpp:21] Get one vc: 5 6 14 16
I20220729 19:43:27.616353 478161 advanced_adc_enum.cpp:21] Get one vc: 6 11 16
I20220729 19:43:27.618575 478159 advanced_adc_enum.cpp:21] Get one vc: 5 11 14 16
I20220729 19:43:27.694964 478161 advanced_adc_enum.cpp:21] Get one vc: 3 6 9 16 20
I20220729 19:43:27.970569 478161 advanced_adc_enum.cpp:21] Get one vc: 3 6 14 16 20
I20220729 19:43:28.092738 478160 advanced_adc_enum.cpp:21] Get one vc: 2 11 18
I20220729 19:43:28.094702 478160 advanced_adc_enum.cpp:21] Get one vc: 2 14 18
I20220729 19:43:28.216784 478162 advanced_adc_enum.cpp:21] Get one vc: 5 11 14 18
I20220729 19:43:28.346872 478162 advanced_adc_enum.cpp:21] Get one vc: 5 6 14 18
I20220729 19:43:28.401166 478159 advanced_adc_enum.cpp:21] Get one vc: 5 6 11 18
I20220729 19:43:28.431881 478160 advanced_adc_enum.cpp:21] Get one vc: 6 11 14 18
I20220729 19:43:28.628849 476153 advanced_adc_enum.cpp:21] Get one vc: 3 6 14 18 20
I20220729 19:43:28.655339 478162 advanced_adc_enum.cpp:21] Get one vc: 5 14 16 18
I20220729 19:43:28.673667 476153 advanced_adc_enum.cpp:21] Get one vc: 3 14 16 18 20
I20220729 19:43:28.717940 478159 advanced_adc_enum.cpp:21] Get one vc: 5 11 16 18
I20220729 19:43:28.763530 478160 advanced_adc_enum.cpp:21] Get one vc: 11 14 16 18
I20220729 19:43:28.831341 478159 advanced_adc_enum.cpp:21] Get one vc: 5 6 16 18
I20220729 19:43:28.833113 478159 advanced_adc_enum.cpp:21] Get one vc: 6 9 16 18
I20220729 19:43:28.846362 476153 advanced_adc_enum.cpp:21] Get one vc: 3 5 18 22
I20220729 19:43:28.851994 478160 advanced_adc_enum.cpp:21] Get one vc: 6 14 16 18
I20220729 19:43:28.972630 476153 advanced_adc_enum.cpp:21] Get one vc: 3 5 11 22
I20220729 19:43:29.074973 478159 advanced_adc_enum.cpp:21] Get one vc: 2 11 20
I20220729 19:43:29.076930 478159 advanced_adc_enum.cpp:21] Get one vc: 2 14 20
I20220729 19:43:29.419116 478161 advanced_adc_enum.cpp:21] Get one vc: 6 11 14 20
I20220729 19:43:29.453513 478159 advanced_adc_enum.cpp:21] Get one vc: 5 6 11 20
I20220729 19:43:29.532310 476153 advanced_adc_enum.cpp:21] Get one vc: 3 14 18 22
I20220729 19:43:29.570955 478162 advanced_adc_enum.cpp:21] Get one vc: 5 6 14 20
I20220729 19:43:29.880470 478160 advanced_adc_enum.cpp:21] Get one vc: 1 6 14 16 20
I20220729 19:43:29.882202 478160 advanced_adc_enum.cpp:21] Get one vc: 6 9 14 16 20
I20220729 19:43:29.883764 478160 advanced_adc_enum.cpp:21] Get one vc: 6 13 14 16 20
I20220729 19:43:29.885866 478160 advanced_adc_enum.cpp:21] Get one vc: 11 14 16 20
I20220729 19:43:29.913231 476153 advanced_adc_enum.cpp:21] Get one vc: 3 5 11 24
I20220729 19:43:29.998886 478162 advanced_adc_enum.cpp:21] Get one vc: 5 14 16 20
I20220729 19:43:30.001507 478162 advanced_adc_enum.cpp:21] Get one vc: 5 6 16 20
I20220729 19:43:30.052343 478160 advanced_adc_enum.cpp:21] Get one vc: 3 5 18 24
I20220729 19:43:30.072392 478161 advanced_adc_enum.cpp:21] Get one vc: 3 14 18 24
I20220729 19:43:30.142343 478159 advanced_adc_enum.cpp:21] Get one vc: 2 18 20
I20220729 19:43:30.188727 476153 advanced_adc_enum.cpp:21] Get one vc: 3 5 11 27
I20220729 19:43:30.339430 478160 advanced_adc_enum.cpp:21] Get one vc: 3 6 11 27
I20220729 19:43:30.353608 478161 advanced_adc_enum.cpp:21] Get one vc: 9 14 16 18 20
I20220729 19:43:30.379500 478161 advanced_adc_enum.cpp:21] Get one vc: 13 14 16 18 20
I20220729 19:43:30.382087 478161 advanced_adc_enum.cpp:21] Get one vc: 11 16 18 20
I20220729 19:43:30.418558 476153 advanced_adc_enum.cpp:21] Get one vc: 3 11 18 27
I20220729 19:43:30.440213 478159 advanced_adc_enum.cpp:21] Get one vc: 5 6 18 20
I20220729 19:43:30.504702 478161 advanced_adc_enum.cpp:21] Get one vc: 6 11 18 20
I20220729 19:43:30.547983 478159 advanced_adc_enum.cpp:21] Get one vc: 6 9 14 18 20
I20220729 19:43:30.569550 478162 advanced_adc_enum.cpp:21] Get one vc: 3 5 18 27
I20220729 19:43:30.595100 478159 advanced_adc_enum.cpp:21] Get one vc: 6 13 14 18 20
I20220729 19:43:30.597304 478159 advanced_adc_enum.cpp:21] Get one vc: 6 16 18 20
I20220729 19:43:30.708465 478162 advanced_adc_enum.cpp:21] Get one vc: 3 5 6 27
I20220729 19:43:30.744055 476153 advanced_adc_enum.cpp:21] Get one vc: 3 5 14 27
I20220729 19:43:30.817342 478162 advanced_adc_enum.cpp:21] Get one vc: 3 6 9 18 27
I20220729 19:43:30.844166 476153 advanced_adc_enum.cpp:21] Get one vc: 3 11 14 27
I20220729 19:43:30.865772 478161 advanced_adc_enum.cpp:21] Get one vc: 3 6 9 14 27
I20220729 19:43:30.896713 478159 advanced_adc_enum.cpp:21] Get one vc: 2 22
I20220729 19:43:30.925526 478160 advanced_adc_enum.cpp:21] Get one vc: 11 18 22
I20220729 19:43:30.979815 478160 advanced_adc_enum.cpp:21] Get one vc: 5 6 22
I20220729 19:43:30.993340 478159 advanced_adc_enum.cpp:21] Get one vc: 5 14 22
I20220729 19:43:31.009732 478160 advanced_adc_enum.cpp:21] Get one vc: 6 11 22
I20220729 19:43:31.068500 478161 advanced_adc_enum.cpp:21] Get one vc: 11 14 22
I20220729 19:43:31.070919 478161 advanced_adc_enum.cpp:21] Get one vc: 6 14 22
I20220729 19:43:31.072281 478159 advanced_adc_enum.cpp:21] Get one vc: 13 14 18 22
I20220729 19:43:31.076270 478160 advanced_adc_enum.cpp:21] Get one vc: 6 18 22
I20220729 19:43:31.078203 478159 advanced_adc_enum.cpp:21] Get one vc: 9 14 18 22
I20220729 19:43:31.085355 476153 advanced_adc_enum.cpp:21] Get one vc: 3 9 14 18 27
I20220729 19:43:31.128000 478159 advanced_adc_enum.cpp:21] Get one vc: 5 16 22
I20220729 19:43:31.155818 478161 advanced_adc_enum.cpp:21] Get one vc: 6 16 22
I20220729 19:43:31.157738 478161 advanced_adc_enum.cpp:21] Get one vc: 14 16 22
I20220729 19:43:31.231369 478159 advanced_adc_enum.cpp:21] Get one vc: 11 16 22
I20220729 19:43:31.233275 478159 advanced_adc_enum.cpp:21] Get one vc: 16 18 22
I20220729 19:43:31.271386 478160 advanced_adc_enum.cpp:21] Get one vc: 3 14 18 20 27
I20220729 19:43:31.389267 476153 advanced_adc_enum.cpp:21] Get one vc: 3 6 13 16 27
I20220729 19:43:31.450497 476153 advanced_adc_enum.cpp:21] Get one vc: 3 13 14 16 27
I20220729 19:43:31.453068 476153 advanced_adc_enum.cpp:21] Get one vc: 3 5 16 27
I20220729 19:43:31.548274 476153 advanced_adc_enum.cpp:21] Get one vc: 3 9 14 16 27
I20220729 19:43:31.557673 478160 advanced_adc_enum.cpp:21] Get one vc: 11 18 24
I20220729 19:43:31.630591 476153 advanced_adc_enum.cpp:21] Get one vc: 3 11 16 27
I20220729 19:43:31.680100 476153 advanced_adc_enum.cpp:21] Get one vc: 3 9 16 18 27
I20220729 19:43:31.681702 476153 advanced_adc_enum.cpp:21] Get one vc: 3 13 16 18 27
I20220729 19:43:31.820977 478159 advanced_adc_enum.cpp:21] Get one vc: 2 24
I20220729 19:43:31.869064 478159 advanced_adc_enum.cpp:21] Get one vc: 6 18 24
I20220729 19:43:31.919906 478159 advanced_adc_enum.cpp:21] Get one vc: 6 14 24
I20220729 19:43:31.966195 478162 advanced_adc_enum.cpp:21] Get one vc: 5 6 24
I20220729 19:43:31.979980 478159 advanced_adc_enum.cpp:21] Get one vc: 13 14 18 24
I20220729 19:43:31.982933 478161 advanced_adc_enum.cpp:21] Get one vc: 5 14 24
I20220729 19:43:31.984660 478159 advanced_adc_enum.cpp:21] Get one vc: 9 14 18 24
I20220729 19:43:32.012848 478161 advanced_adc_enum.cpp:21] Get one vc: 11 14 24
I20220729 19:43:32.033687 478162 advanced_adc_enum.cpp:21] Get one vc: 6 11 24
I20220729 19:43:32.076792 478159 advanced_adc_enum.cpp:21] Get one vc: 5 16 24
I20220729 19:43:32.142033 478160 advanced_adc_enum.cpp:21] Get one vc: 6 16 24
I20220729 19:43:32.144003 478160 advanced_adc_enum.cpp:21] Get one vc: 14 16 24
I20220729 19:43:32.145920 478160 advanced_adc_enum.cpp:21] Get one vc: 16 18 24
I20220729 19:43:32.161676 478159 advanced_adc_enum.cpp:21] Get one vc: 11 16 24
I20220729 19:43:32.335034 478159 advanced_adc_enum.cpp:21] Get one vc: 1 2 27
I20220729 19:43:32.337018 478159 advanced_adc_enum.cpp:21] Get one vc: 2 11 27
I20220729 19:43:32.338869 478159 advanced_adc_enum.cpp:21] Get one vc: 2 20 27
I20220729 19:43:32.341285 478159 advanced_adc_enum.cpp:21] Get one vc: 2 5 27
I20220729 19:43:32.342962 478159 advanced_adc_enum.cpp:21] Get one vc: 2 9 27
I20220729 19:43:32.344520 478159 advanced_adc_enum.cpp:21] Get one vc: 2 13 27
I20220729 19:43:32.386633 478160 advanced_adc_enum.cpp:21] Get one vc: 4 6 9 16
I20220729 19:43:32.476490 478160 advanced_adc_enum.cpp:21] Get one vc: 4 6 13 16
I20220729 19:43:32.481853 478162 advanced_adc_enum.cpp:21] Get one vc: 4 11 16
I20220729 19:43:32.570820 476153 advanced_adc_enum.cpp:21] Get one vc: 4 14 22
I20220729 19:43:32.572978 476153 advanced_adc_enum.cpp:21] Get one vc: 4 14 24
I20220729 19:43:32.590524 478159 advanced_adc_enum.cpp:21] Get one vc: 6 9 11 27
I20220729 19:43:32.677397 478159 advanced_adc_enum.cpp:21] Get one vc: 5 6 11 27
I20220729 19:43:32.750124 478160 advanced_adc_enum.cpp:21] Get one vc: 4 6 9 11
I20220729 19:43:32.751821 478160 advanced_adc_enum.cpp:21] Get one vc: 4 6 11 13
I20220729 19:43:32.786484 478161 advanced_adc_enum.cpp:21] Get one vc: 5 16 20 27
I20220729 19:43:32.791438 478159 advanced_adc_enum.cpp:21] Get one vc: 5 6 16 27
I20220729 19:43:32.793126 478159 advanced_adc_enum.cpp:21] Get one vc: 6 9 16 27
I20220729 19:43:32.839412 476153 advanced_adc_enum.cpp:21] Get one vc: 4 6 9 14
I20220729 19:43:32.865856 478162 advanced_adc_enum.cpp:21] Get one vc: 4 9 16 20
I20220729 19:43:32.904161 476153 advanced_adc_enum.cpp:21] Get one vc: 4 6 13 14 20
I20220729 19:43:32.914709 478160 advanced_adc_enum.cpp:21] Get one vc: 4 6 16 20
I20220729 19:43:32.997771 478161 advanced_adc_enum.cpp:21] Get one vc: 11 16 20 27
I20220729 19:43:33.009212 476153 advanced_adc_enum.cpp:21] Get one vc: 4 6 11 14
I20220729 19:43:33.011198 476153 advanced_adc_enum.cpp:21] Get one vc: 4 11 14 20
I20220729 19:43:33.043040 478160 advanced_adc_enum.cpp:21] Get one vc: 4 6 9 20
I20220729 19:43:33.045166 478160 advanced_adc_enum.cpp:21] Get one vc: 4 6 11 20
I20220729 19:43:33.067381 478161 advanced_adc_enum.cpp:21] Get one vc: 5 11 16 27
I20220729 19:43:33.089264 476153 advanced_adc_enum.cpp:21] Get one vc: 3 4 9 11 14
I20220729 19:43:33.125736 476153 advanced_adc_enum.cpp:21] Get one vc: 3 4 11 13 14
I20220729 19:43:33.209443 478160 advanced_adc_enum.cpp:21] Get one vc: 4 6 22
I20220729 19:43:33.211598 478160 advanced_adc_enum.cpp:21] Get one vc: 4 6 24
I20220729 19:43:33.254782 478159 advanced_adc_enum.cpp:21] Get one vc: 6 11 20 27
I20220729 19:43:33.281595 476153 advanced_adc_enum.cpp:21] Get one vc: 4 14 16 20
I20220729 19:43:33.315922 476153 advanced_adc_enum.cpp:21] Get one vc: 4 6 14 16
I20220729 19:43:33.318069 476153 advanced_adc_enum.cpp:21] Get one vc: 4 9 14 16
I20220729 19:43:33.339526 478159 advanced_adc_enum.cpp:21] Get one vc: 5 6 20 27
I20220729 19:43:33.341681 478159 advanced_adc_enum.cpp:21] Get one vc: 6 16 20 27
I20220729 19:43:33.343811 478159 advanced_adc_enum.cpp:21] Get one vc: 6 22 27
I20220729 19:43:33.345909 478159 advanced_adc_enum.cpp:21] Get one vc: 6 24 27
I20220729 19:43:33.381824 478161 advanced_adc_enum.cpp:21] Get one vc: 11 22 27
I20220729 19:43:33.384207 478161 advanced_adc_enum.cpp:21] Get one vc: 5 22 27
I20220729 19:43:33.386188 478161 advanced_adc_enum.cpp:21] Get one vc: 16 22 27
I20220729 19:43:33.419052 476153 advanced_adc_enum.cpp:21] Get one vc: 4 28
I20220729 19:43:33.421692 476153 advanced_adc_enum.cpp:21] Get one vc: 2 4
I20220729 19:43:33.423503 476153 advanced_adc_enum.cpp:21] Get one vc: 4 5
I20220729 19:43:33.488700 478161 advanced_adc_enum.cpp:21] Get one vc: 11 24 27
I20220729 19:43:33.598619 478162 advanced_adc_enum.cpp:21] Get one vc: 4 16 22
I20220729 19:43:33.601197 478162 advanced_adc_enum.cpp:21] Get one vc: 4 9 22
I20220729 19:43:33.603134 478162 advanced_adc_enum.cpp:21] Get one vc: 4 11 22
I20220729 19:43:33.613485 478161 advanced_adc_enum.cpp:21] Get one vc: 5 24 27
I20220729 19:43:33.614657 478159 advanced_adc_enum.cpp:21] Get one vc: 11 14 20 27
I20220729 19:43:33.615509 478161 advanced_adc_enum.cpp:21] Get one vc: 16 24 27
I20220729 19:43:33.631088 476153 advanced_adc_enum.cpp:21] Get one vc: 4 14 18 20
I20220729 19:43:33.671794 478159 advanced_adc_enum.cpp:21] Get one vc: 2 14 27
I20220729 19:43:33.699107 478162 advanced_adc_enum.cpp:21] Get one vc: 4 9 24
I20220729 19:43:33.701076 478162 advanced_adc_enum.cpp:21] Get one vc: 4 11 24
I20220729 19:43:33.703068 478162 advanced_adc_enum.cpp:21] Get one vc: 4 16 24
I20220729 19:43:33.740974 476153 advanced_adc_enum.cpp:21] Get one vc: 4 9 11 18
I20220729 19:43:33.742837 478160 advanced_adc_enum.cpp:21] Get one vc: 5 14 20 27
I20220729 19:43:33.743081 476153 advanced_adc_enum.cpp:21] Get one vc: 4 11 14 18
I20220729 19:43:33.745041 476153 advanced_adc_enum.cpp:21] Get one vc: 4 11 18 20
I20220729 19:43:33.758867 478159 advanced_adc_enum.cpp:21] Get one vc: 5 11 14 27
I20220729 19:43:33.805194 478159 advanced_adc_enum.cpp:21] Get one vc: 5 6 14 27
I20220729 19:43:33.805577 476153 advanced_adc_enum.cpp:21] Get one vc: 4 11 13 18
I20220729 19:43:33.839638 478159 advanced_adc_enum.cpp:21] Get one vc: 6 11 14 27
I20220729 19:43:33.880723 478159 advanced_adc_enum.cpp:21] Get one vc: 6 14 20 27
I20220729 19:43:33.922413 478159 advanced_adc_enum.cpp:21] Get one vc: 5 14 16 27
I20220729 19:43:33.924540 478159 advanced_adc_enum.cpp:21] Get one vc: 11 14 16 27
I20220729 19:43:33.926666 478159 advanced_adc_enum.cpp:21] Get one vc: 14 22 27
I20220729 19:43:33.928815 478159 advanced_adc_enum.cpp:21] Get one vc: 14 24 27
I20220729 19:43:33.957062 476153 advanced_adc_enum.cpp:21] Get one vc: 3 4 11 18
I20220729 19:43:34.022861 478160 advanced_adc_enum.cpp:21] Get one vc: 3 4 9 14 18
I20220729 19:43:34.027176 478162 advanced_adc_enum.cpp:21] Get one vc: 6 14 16 27
I20220729 19:43:34.093719 478161 advanced_adc_enum.cpp:21] Get one vc: 14 16 20 27
I20220729 19:43:34.127296 478159 advanced_adc_enum.cpp:21] Get one vc: 6 18 20 27
I20220729 19:43:34.130154 478159 advanced_adc_enum.cpp:21] Get one vc: 2 18 27
I20220729 19:43:34.215955 478159 advanced_adc_enum.cpp:21] Get one vc: 6 11 18 27
I20220729 19:43:34.217905 478159 advanced_adc_enum.cpp:21] Get one vc: 11 18 20 27
I20220729 19:43:34.243489 478161 advanced_adc_enum.cpp:21] Get one vc: 5 11 18 27
I20220729 19:43:34.255403 478160 advanced_adc_enum.cpp:21] Get one vc: 5 6 18 27
I20220729 19:43:34.329834 476153 advanced_adc_enum.cpp:21] Get one vc: 4 6 14 18
I20220729 19:43:34.347362 478159 advanced_adc_enum.cpp:21] Get one vc: 11 14 18 27
I20220729 19:43:34.391765 478160 advanced_adc_enum.cpp:21] Get one vc: 1 4 6 18 20
I20220729 19:43:34.393613 478160 advanced_adc_enum.cpp:21] Get one vc: 3 4 6 18 20
I20220729 19:43:34.396454 478160 advanced_adc_enum.cpp:21] Get one vc: 4 6 13 18 20
I20220729 19:43:34.419778 478162 advanced_adc_enum.cpp:21] Get one vc: 4 6 9 18
I20220729 19:43:34.420536 478159 advanced_adc_enum.cpp:21] Get one vc: 9 14 18 20 27
I20220729 19:43:34.423950 478159 advanced_adc_enum.cpp:21] Get one vc: 13 14 18 20 27
I20220729 19:43:34.428534 478159 advanced_adc_enum.cpp:21] Get one vc: 5 14 18 27
I20220729 19:43:34.430672 478159 advanced_adc_enum.cpp:21] Get one vc: 6 14 18 27
I20220729 19:43:34.448462 478161 advanced_adc_enum.cpp:21] Get one vc: 4 6 11 18
I20220729 19:43:34.469332 478160 advanced_adc_enum.cpp:21] Get one vc: 4 6 16 18
I20220729 19:43:34.471446 478160 advanced_adc_enum.cpp:21] Get one vc: 4 14 16 18
I20220729 19:43:34.474131 478159 advanced_adc_enum.cpp:21] Get one vc: 5 16 18 27
I20220729 19:43:34.476320 478159 advanced_adc_enum.cpp:21] Get one vc: 6 16 18 27
I20220729 19:43:34.478514 478159 advanced_adc_enum.cpp:21] Get one vc: 11 16 18 27
I20220729 19:43:34.480696 478159 advanced_adc_enum.cpp:21] Get one vc: 14 16 18 27
I20220729 19:43:34.482678 478159 advanced_adc_enum.cpp:21] Get one vc: 16 18 20 27
I20220729 19:43:34.484846 478159 advanced_adc_enum.cpp:21] Get one vc: 18 22 27
I20220729 19:43:34.486987 478159 advanced_adc_enum.cpp:21] Get one vc: 18 24 27
I20220729 19:43:34.520680 476153 advanced_adc_enum.cpp:21] Get one vc: 4 9 16 18
I20220729 19:43:34.523874 476153 advanced_adc_enum.cpp:21] Get one vc: 4 13 16 18
I20220729 19:43:34.525794 476153 advanced_adc_enum.cpp:21] Get one vc: 4 16 18 20
I20220729 19:43:34.527915 476153 advanced_adc_enum.cpp:21] Get one vc: 4 18 22
I20220729 19:43:34.530036 476153 advanced_adc_enum.cpp:21] Get one vc: 4 18 24
I20220729 19:43:34.537715 478159 advanced_adc_enum.cpp:21] Get one vc: 2 28
I20220729 19:43:34.539855 478159 advanced_adc_enum.cpp:21] Get one vc: 5 28
I20220729 19:43:34.673491 478159 advanced_adc_enum.cpp:21] Get one vc: 11 28
I20220729 19:43:34.675318 478159 advanced_adc_enum.cpp:21] Get one vc: 14 28
I20220729 19:43:34.677182 478159 advanced_adc_enum.cpp:21] Get one vc: 16 28
I20220729 19:43:34.679001 478159 advanced_adc_enum.cpp:21] Get one vc: 18 28
I20220729 19:43:34.680826 478159 advanced_adc_enum.cpp:21] Get one vc: 27 28
I20220729 19:43:34.711485 478162 advanced_adc_enum.cpp:21] Get one vc: 4 6 16 27
I20220729 19:43:34.739501 478159 advanced_adc_enum.cpp:21] Get one vc: 4 6 14 27
I20220729 19:43:34.741552 478159 advanced_adc_enum.cpp:21] Get one vc: 4 6 18 27
I20220729 19:43:34.751421 478161 advanced_adc_enum.cpp:21] Get one vc: 3 4 9 20 27
I20220729 19:43:34.752789 476153 advanced_adc_enum.cpp:21] Get one vc: 4 6 9 27
I20220729 19:43:34.754907 476153 advanced_adc_enum.cpp:21] Get one vc: 4 6 11 27
I20220729 19:43:34.780969 478161 advanced_adc_enum.cpp:21] Get one vc: 4 9 11 27
I20220729 19:43:34.782541 478161 advanced_adc_enum.cpp:21] Get one vc: 4 11 13 27
I20220729 19:43:34.784489 478161 advanced_adc_enum.cpp:21] Get one vc: 4 11 20 27
I20220729 19:43:34.785063 478160 advanced_adc_enum.cpp:21] Get one vc: 3 4 11 27
I20220729 19:43:34.793288 476153 advanced_adc_enum.cpp:21] Get one vc: 4 6 20 27
I20220729 19:43:34.795413 476153 advanced_adc_enum.cpp:21] Get one vc: 4 22 27
I20220729 19:43:34.797528 476153 advanced_adc_enum.cpp:21] Get one vc: 4 24 27
I20220729 19:43:34.845582 478161 advanced_adc_enum.cpp:21] Get one vc: 4 9 14 27
I20220729 19:43:34.890125 478161 advanced_adc_enum.cpp:21] Get one vc: 4 11 14 27
I20220729 19:43:34.892076 478161 advanced_adc_enum.cpp:21] Get one vc: 4 14 20 27
I20220729 19:43:34.933758 478162 advanced_adc_enum.cpp:21] Get one vc: 4 14 16 27
I20220729 19:43:34.978350 478161 advanced_adc_enum.cpp:21] Get one vc: 4 9 16 27
I20220729 19:43:34.981528 478161 advanced_adc_enum.cpp:21] Get one vc: 4 13 16 27
I20220729 19:43:34.983443 478161 advanced_adc_enum.cpp:21] Get one vc: 4 16 20 27
I20220729 19:43:35.046350 478160 advanced_adc_enum.cpp:21] Get one vc: 4 14 18 27
I20220729 19:43:35.048516 478160 advanced_adc_enum.cpp:21] Get one vc: 4 16 18 27
I20220729 19:43:35.092772 478161 advanced_adc_enum.cpp:21] Get one vc: 4 9 18 27
I20220729 19:43:35.094879 478161 advanced_adc_enum.cpp:21] Get one vc: 4 11 18 27
I20220729 19:43:35.128926 478161 advanced_adc_enum.cpp:21] Get one vc: 4 18 20 27
I20220729 19:43:35.141335 478159 advanced_adc_enum.cpp:21] Get one vc: 6 7
I20220729 19:43:35.207334 478159 advanced_adc_enum.cpp:21] Get one vc: 2 7 14
I20220729 19:43:35.209372 478159 advanced_adc_enum.cpp:21] Get one vc: 4 7 14
I20220729 19:43:35.269685 476153 advanced_adc_enum.cpp:21] Get one vc: 3 7 14 16
I20220729 19:43:35.273845 478159 advanced_adc_enum.cpp:21] Get one vc: 4 7 16
I20220729 19:43:35.320986 476153 advanced_adc_enum.cpp:21] Get one vc: 3 4 7 18
I20220729 19:43:35.323105 476153 advanced_adc_enum.cpp:21] Get one vc: 3 7 14 18
I20220729 19:43:35.325285 476153 advanced_adc_enum.cpp:21] Get one vc: 3 7 16 18
I20220729 19:43:35.373237 476153 advanced_adc_enum.cpp:21] Get one vc: 3 7 14 27
I20220729 19:43:35.375442 476153 advanced_adc_enum.cpp:21] Get one vc: 3 7 16 27
I20220729 19:43:35.377509 476153 advanced_adc_enum.cpp:21] Get one vc: 3 7 18 27
I20220729 19:43:35.492311 478159 advanced_adc_enum.cpp:21] Get one vc: 7 14 16 18
I20220729 19:43:35.545928 478162 advanced_adc_enum.cpp:21] Get one vc: 2 5 7 18
I20220729 19:43:35.550606 476153 advanced_adc_enum.cpp:21] Get one vc: 3 5 7 14
I20220729 19:43:35.552773 476153 advanced_adc_enum.cpp:21] Get one vc: 5 7 14 16
I20220729 19:43:35.554809 476153 advanced_adc_enum.cpp:21] Get one vc: 5 7 14 18
I20220729 19:43:35.558610 478159 advanced_adc_enum.cpp:21] Get one vc: 2 7 27
I20220729 19:43:35.560638 478159 advanced_adc_enum.cpp:21] Get one vc: 4 7 27
I20220729 19:43:35.599153 478159 advanced_adc_enum.cpp:21] Get one vc: 7 14 16 27
I20220729 19:43:35.601186 478159 advanced_adc_enum.cpp:21] Get one vc: 7 16 18 27
I20220729 19:43:35.604126 476153 advanced_adc_enum.cpp:21] Get one vc: 5 7 14 27
I20220729 19:43:35.606168 476153 advanced_adc_enum.cpp:21] Get one vc: 5 7 18 27
I20220729 19:43:35.634783 478160 advanced_adc_enum.cpp:21] Get one vc: 5 7 16 27
I20220729 19:43:35.637894 478162 advanced_adc_enum.cpp:21] Get one vc: 7 14 18 27
I20220729 19:43:35.655404 478159 advanced_adc_enum.cpp:21] Get one vc: 3 5 7 27
I20220729 19:43:35.675778 478160 advanced_adc_enum.cpp:21] Get one vc: 3 5 7 18
I20220729 19:43:35.682736 478161 advanced_adc_enum.cpp:21] Get one vc: 3 5 7 16
I20220729 19:43:35.684787 478161 advanced_adc_enum.cpp:21] Get one vc: 5 7 16 18
I20220729 19:43:35.889407 476153 advanced_adc_enum.cpp:21] Get one vc: 3 5 7 11
I20220729 19:43:35.891659 476153 advanced_adc_enum.cpp:21] Get one vc: 5 7 11 18
I20220729 19:43:35.893829 476153 advanced_adc_enum.cpp:21] Get one vc: 5 7 11 27
I20220729 19:43:35.918550 478160 advanced_adc_enum.cpp:21] Get one vc: 2 5 7 11
I20220729 19:43:35.937412 476153 advanced_adc_enum.cpp:21] Get one vc: 3 7 11 14
I20220729 19:43:35.939525 476153 advanced_adc_enum.cpp:21] Get one vc: 5 7 11 14
I20220729 19:43:35.941663 476153 advanced_adc_enum.cpp:21] Get one vc: 7 11 14 27
I20220729 19:43:35.958748 478160 advanced_adc_enum.cpp:21] Get one vc: 3 4 7 11
I20220729 19:43:35.984108 478159 advanced_adc_enum.cpp:21] Get one vc: 4 7 11 18
I20220729 19:43:35.986016 476153 advanced_adc_enum.cpp:21] Get one vc: 7 11 16 18
I20220729 19:43:36.033665 478161 advanced_adc_enum.cpp:21] Get one vc: 3 7 11 18
I20220729 19:43:36.041646 478160 advanced_adc_enum.cpp:21] Get one vc: 3 7 11 16
I20220729 19:43:36.044327 478160 advanced_adc_enum.cpp:21] Get one vc: 5 7 11 16
I20220729 19:43:36.046429 478160 advanced_adc_enum.cpp:21] Get one vc: 7 11 16 27
I20220729 19:43:36.052716 478162 advanced_adc_enum.cpp:21] Get one vc: 7 11 14 18
I20220729 19:43:36.061700 478161 advanced_adc_enum.cpp:21] Get one vc: 7 11 14 16
I20220729 19:43:36.077855 478159 advanced_adc_enum.cpp:21] Get one vc: 7 11 18 27
I20220729 19:43:36.080085 478159 advanced_adc_enum.cpp:21] Get one vc: 3 7 11 27
I20220729 19:43:36.254200 476153 advanced_adc_enum.cpp:21] Get one vc: 4 7 20
I20220729 19:43:36.507629 478160 advanced_adc_enum.cpp:21] Get one vc: 7 11 16 20
I20220729 19:43:36.509721 478160 advanced_adc_enum.cpp:21] Get one vc: 7 14 16 20
I20220729 19:43:36.599629 478161 advanced_adc_enum.cpp:21] Get one vc: 7 16 18 20
I20220729 19:43:36.717710 478162 advanced_adc_enum.cpp:21] Get one vc: 7 11 20 27
I20220729 19:43:36.719817 478162 advanced_adc_enum.cpp:21] Get one vc: 7 14 20 27
I20220729 19:43:36.749464 476153 advanced_adc_enum.cpp:21] Get one vc: 7 16 20 27
I20220729 19:43:36.783890 478161 advanced_adc_enum.cpp:21] Get one vc: 7 18 20 27
I20220729 19:43:36.831311 476153 advanced_adc_enum.cpp:21] Get one vc: 7 16 22
I20220729 19:43:36.865170 478160 advanced_adc_enum.cpp:21] Get one vc: 4 7 22
I20220729 19:43:36.867156 478160 advanced_adc_enum.cpp:21] Get one vc: 7 11 22
I20220729 19:43:36.869107 478160 advanced_adc_enum.cpp:21] Get one vc: 7 14 22
I20220729 19:43:36.871085 478160 advanced_adc_enum.cpp:21] Get one vc: 7 18 22
I20220729 19:43:36.873059 478160 advanced_adc_enum.cpp:21] Get one vc: 7 22 27
I20220729 19:43:36.889289 478159 advanced_adc_enum.cpp:21] Get one vc: 3 5 7 22
I20220729 19:43:36.912904 476153 advanced_adc_enum.cpp:21] Get one vc: 7 16 24
I20220729 19:43:36.915164 476153 advanced_adc_enum.cpp:21] Get one vc: 7 28
I20220729 19:43:36.945839 478162 advanced_adc_enum.cpp:21] Get one vc: 4 7 24
I20220729 19:43:36.947816 478162 advanced_adc_enum.cpp:21] Get one vc: 7 11 24
I20220729 19:43:36.949756 478162 advanced_adc_enum.cpp:21] Get one vc: 7 14 24
I20220729 19:43:36.951647 478162 advanced_adc_enum.cpp:21] Get one vc: 7 18 24
I20220729 19:43:36.953588 478162 advanced_adc_enum.cpp:21] Get one vc: 7 24 27
I20220729 19:43:36.955523 476153 advanced_adc_enum.cpp:21] Get one vc: 2 8
I20220729 19:43:36.957338 476153 advanced_adc_enum.cpp:21] Get one vc: 5 8
I20220729 19:43:36.959187 476153 advanced_adc_enum.cpp:21] Get one vc: 7 8
I20220729 19:43:36.960863 476153 advanced_adc_enum.cpp:21] Get one vc: 8 9
I20220729 19:43:36.962708 476153 advanced_adc_enum.cpp:21] Get one vc: 8 11
I20220729 19:43:36.964533 476153 advanced_adc_enum.cpp:21] Get one vc: 8 14
I20220729 19:43:36.966382 476153 advanced_adc_enum.cpp:21] Get one vc: 8 16
I20220729 19:43:36.968181 476153 advanced_adc_enum.cpp:21] Get one vc: 8 18
I20220729 19:43:36.969938 476153 advanced_adc_enum.cpp:21] Get one vc: 8 20
I20220729 19:43:36.971845 476153 advanced_adc_enum.cpp:21] Get one vc: 8 22
I20220729 19:43:36.973749 476153 advanced_adc_enum.cpp:21] Get one vc: 8 24
I20220729 19:43:36.975575 476153 advanced_adc_enum.cpp:21] Get one vc: 8 27
I20220729 19:43:36.977555 476153 advanced_adc_enum.cpp:21] Get one vc: 8 28
I20220729 19:43:37.029162 478161 advanced_adc_enum.cpp:21] Get one vc: 3 5 7 24
I20220729 19:43:37.040730 478162 advanced_adc_enum.cpp:21] Get one vc: 8 13
I20220729 19:43:37.215581 478160 advanced_adc_enum.cpp:21] Get one vc: 2 10
I20220729 19:43:37.290063 476153 advanced_adc_enum.cpp:21] Get one vc: 3 5 7 10
I20220729 19:43:37.579481 476153 advanced_adc_enum.cpp:21] Get one vc: 3 7 10 20
