I20220729 19:38:11.372853 473710 adc_enum.cpp:13] Get one vc: 19 24 26
I20220729 19:38:11.477396 473710 adc_enum.cpp:13] Get one vc: 11 21 26
I20220729 19:38:11.509501 473710 adc_enum.cpp:13] Get one vc: 4 21 26
I20220729 19:38:11.511341 473710 adc_enum.cpp:13] Get one vc: 6 21 26
I20220729 19:38:11.516561 473710 adc_enum.cpp:13] Get one vc: 14 21 26
I20220729 19:38:11.518376 473710 adc_enum.cpp:13] Get one vc: 17 21 26
I20220729 19:38:11.520269 473710 adc_enum.cpp:13] Get one vc: 19 21 26
I20220729 19:38:11.525725 473710 adc_enum.cpp:13] Get one vc: 5 21 26
I20220729 19:38:11.527556 473710 adc_enum.cpp:13] Get one vc: 7 21 26
I20220729 19:38:11.612253 473710 adc_enum.cpp:13] Get one vc: 10 21 26
I20220729 19:38:11.714644 473710 adc_enum.cpp:13] Get one vc: 15 21 26
I20220729 19:38:11.716514 473710 adc_enum.cpp:13] Get one vc: 16 21 26
I20220729 19:38:11.718293 473710 adc_enum.cpp:13] Get one vc: 18 21 26
I20220729 19:38:12.134647 473710 adc_enum.cpp:13] Get one vc: 4 6 23 26
I20220729 19:38:12.355144 473710 adc_enum.cpp:13] Get one vc: 4 10 23 26
I20220729 19:38:12.357131 473710 adc_enum.cpp:13] Get one vc: 6 10 23 26
I20220729 19:38:12.459815 473710 adc_enum.cpp:13] Get one vc: 4 14 23 26
I20220729 19:38:12.461788 473710 adc_enum.cpp:13] Get one vc: 6 14 23 26
I20220729 19:38:12.465562 473710 adc_enum.cpp:13] Get one vc: 10 14 23 26
I20220729 19:38:12.550122 473710 adc_enum.cpp:13] Get one vc: 6 16 23 26
I20220729 19:38:12.553900 473710 adc_enum.cpp:13] Get one vc: 10 16 23 26
I20220729 19:38:12.555824 473710 adc_enum.cpp:13] Get one vc: 14 16 23 26
I20220729 19:38:12.612198 473710 adc_enum.cpp:13] Get one vc: 14 19 23 26
I20220729 19:38:12.696616 473710 adc_enum.cpp:13] Get one vc: 6 19 23 26
I20220729 19:38:12.787039 473710 adc_enum.cpp:13] Get one vc: 4 20 23 26
I20220729 19:38:12.789027 473710 adc_enum.cpp:13] Get one vc: 6 20 23 26
I20220729 19:38:12.792820 473710 adc_enum.cpp:13] Get one vc: 10 20 23 26
I20220729 19:38:12.794957 473710 adc_enum.cpp:13] Get one vc: 14 20 23 26
I20220729 19:38:12.796967 473710 adc_enum.cpp:13] Get one vc: 16 20 23 26
I20220729 19:38:12.799018 473710 adc_enum.cpp:13] Get one vc: 19 20 23 26
I20220729 19:38:12.897161 473710 adc_enum.cpp:13] Get one vc: 5 10 23 26
I20220729 19:38:12.899094 473710 adc_enum.cpp:13] Get one vc: 5 14 23 26
I20220729 19:38:12.901094 473710 adc_enum.cpp:13] Get one vc: 5 16 23 26
I20220729 19:38:12.903141 473710 adc_enum.cpp:13] Get one vc: 5 19 23 26
I20220729 19:38:12.904973 473710 adc_enum.cpp:13] Get one vc: 5 20 23 26
I20220729 19:38:13.015012 473710 adc_enum.cpp:13] Get one vc: 7 14 23 26
I20220729 19:38:13.017019 473710 adc_enum.cpp:13] Get one vc: 7 16 23 26
I20220729 19:38:13.020424 473710 adc_enum.cpp:13] Get one vc: 7 20 23 26
I20220729 19:38:13.232586 473710 adc_enum.cpp:13] Get one vc: 4 9 23 26
I20220729 19:38:13.429112 473710 adc_enum.cpp:13] Get one vc: 3 9 16 23 26
I20220729 19:38:13.485824 473710 adc_enum.cpp:13] Get one vc: 3 9 19 23 26
I20220729 19:38:13.683615 473710 adc_enum.cpp:13] Get one vc: 5 11 23 26
I20220729 19:38:13.856125 473710 adc_enum.cpp:13] Get one vc: 4 11 23 26
I20220729 19:38:13.858122 473710 adc_enum.cpp:13] Get one vc: 7 11 23 26
I20220729 19:38:13.861986 473710 adc_enum.cpp:13] Get one vc: 11 14 23 26
I20220729 19:38:13.864012 473710 adc_enum.cpp:13] Get one vc: 11 16 23 26
I20220729 19:38:13.866070 473710 adc_enum.cpp:13] Get one vc: 11 19 23 26
I20220729 19:38:13.867926 473710 adc_enum.cpp:13] Get one vc: 11 20 23 26
I20220729 19:38:13.972167 473710 adc_enum.cpp:13] Get one vc: 10 15 23 26
I20220729 19:38:13.976341 473710 adc_enum.cpp:13] Get one vc: 5 15 23 26
I20220729 19:38:13.978330 473710 adc_enum.cpp:13] Get one vc: 7 15 23 26
I20220729 19:38:14.028096 473710 adc_enum.cpp:13] Get one vc: 3 9 15 23 26
I20220729 19:38:14.041690 473710 adc_enum.cpp:13] Get one vc: 15 20 23 26
I20220729 19:38:14.195806 473710 adc_enum.cpp:13] Get one vc: 4 17 23 26
I20220729 19:38:14.197788 473710 adc_enum.cpp:13] Get one vc: 7 17 23 26
I20220729 19:38:14.199774 473710 adc_enum.cpp:13] Get one vc: 10 17 23 26
I20220729 19:38:14.201743 473710 adc_enum.cpp:13] Get one vc: 14 17 23 26
I20220729 19:38:14.206117 473710 adc_enum.cpp:13] Get one vc: 5 17 23 26
I20220729 19:38:14.208099 473710 adc_enum.cpp:13] Get one vc: 6 17 23 26
I20220729 19:38:14.211905 473710 adc_enum.cpp:13] Get one vc: 11 17 23 26
I20220729 19:38:14.215806 473710 adc_enum.cpp:13] Get one vc: 15 17 23 26
I20220729 19:38:14.217940 473710 adc_enum.cpp:13] Get one vc: 17 19 23 26
I20220729 19:38:14.219781 473710 adc_enum.cpp:13] Get one vc: 17 20 23 26
I20220729 19:38:14.301990 473710 adc_enum.cpp:13] Get one vc: 4 18 23 26
I20220729 19:38:14.303987 473710 adc_enum.cpp:13] Get one vc: 6 18 23 26
I20220729 19:38:14.307770 473710 adc_enum.cpp:13] Get one vc: 10 18 23 26
I20220729 19:38:14.347502 473710 adc_enum.cpp:13] Get one vc: 16 18 23 26
I20220729 19:38:14.478762 473710 adc_enum.cpp:13] Get one vc: 3 14 18 23 26
I20220729 19:38:14.530864 473710 adc_enum.cpp:13] Get one vc: 7 18 23 26
I20220729 19:38:14.631605 473710 adc_enum.cpp:13] Get one vc: 9 14 18 23 26
I20220729 19:38:14.635300 473710 adc_enum.cpp:13] Get one vc: 11 18 23 26
I20220729 19:38:14.801664 473710 adc_enum.cpp:13] Get one vc: 15 18 23 26
I20220729 19:38:14.803673 473710 adc_enum.cpp:13] Get one vc: 17 18 23 26
I20220729 19:38:14.805639 473710 adc_enum.cpp:13] Get one vc: 18 20 23 26
I20220729 19:38:15.226307 473710 adc_enum.cpp:13] Get one vc: 4 6 25 26
I20220729 19:38:15.452929 473710 adc_enum.cpp:13] Get one vc: 4 10 25 26
I20220729 19:38:15.454927 473710 adc_enum.cpp:13] Get one vc: 6 10 25 26
I20220729 19:38:15.557641 473710 adc_enum.cpp:13] Get one vc: 4 14 25 26
I20220729 19:38:15.559620 473710 adc_enum.cpp:13] Get one vc: 6 14 25 26
I20220729 19:38:15.563391 473710 adc_enum.cpp:13] Get one vc: 10 14 25 26
I20220729 19:38:15.648089 473710 adc_enum.cpp:13] Get one vc: 6 16 25 26
I20220729 19:38:15.651868 473710 adc_enum.cpp:13] Get one vc: 10 16 25 26
I20220729 19:38:15.653784 473710 adc_enum.cpp:13] Get one vc: 14 16 25 26
I20220729 19:38:15.710213 473710 adc_enum.cpp:13] Get one vc: 14 19 25 26
I20220729 19:38:15.794659 473710 adc_enum.cpp:13] Get one vc: 6 19 25 26
I20220729 19:38:15.885409 473710 adc_enum.cpp:13] Get one vc: 4 20 25 26
I20220729 19:38:15.887401 473710 adc_enum.cpp:13] Get one vc: 6 20 25 26
I20220729 19:38:15.891197 473710 adc_enum.cpp:13] Get one vc: 10 20 25 26
I20220729 19:38:15.893132 473710 adc_enum.cpp:13] Get one vc: 14 20 25 26
I20220729 19:38:15.895143 473710 adc_enum.cpp:13] Get one vc: 16 20 25 26
I20220729 19:38:15.897195 473710 adc_enum.cpp:13] Get one vc: 19 20 25 26
I20220729 19:38:15.995689 473710 adc_enum.cpp:13] Get one vc: 5 10 25 26
I20220729 19:38:15.997635 473710 adc_enum.cpp:13] Get one vc: 5 14 25 26
I20220729 19:38:15.999639 473710 adc_enum.cpp:13] Get one vc: 5 16 25 26
I20220729 19:38:16.001686 473710 adc_enum.cpp:13] Get one vc: 5 19 25 26
I20220729 19:38:16.003520 473710 adc_enum.cpp:13] Get one vc: 5 20 25 26
I20220729 19:38:16.113327 473710 adc_enum.cpp:13] Get one vc: 7 14 25 26
I20220729 19:38:16.115329 473710 adc_enum.cpp:13] Get one vc: 7 16 25 26
I20220729 19:38:16.118731 473710 adc_enum.cpp:13] Get one vc: 7 20 25 26
I20220729 19:38:16.330737 473710 adc_enum.cpp:13] Get one vc: 4 9 25 26
I20220729 19:38:16.528257 473710 adc_enum.cpp:13] Get one vc: 3 9 16 25 26
I20220729 19:38:16.584908 473710 adc_enum.cpp:13] Get one vc: 3 9 19 25 26
I20220729 19:38:16.783375 473710 adc_enum.cpp:13] Get one vc: 5 11 25 26
I20220729 19:38:16.955494 473710 adc_enum.cpp:13] Get one vc: 4 11 25 26
I20220729 19:38:16.957486 473710 adc_enum.cpp:13] Get one vc: 7 11 25 26
I20220729 19:38:16.961302 473710 adc_enum.cpp:13] Get one vc: 11 14 25 26
I20220729 19:38:16.963304 473710 adc_enum.cpp:13] Get one vc: 11 16 25 26
I20220729 19:38:16.965358 473710 adc_enum.cpp:13] Get one vc: 11 19 25 26
I20220729 19:38:16.967192 473710 adc_enum.cpp:13] Get one vc: 11 20 25 26
I20220729 19:38:17.070986 473710 adc_enum.cpp:13] Get one vc: 10 15 25 26
I20220729 19:38:17.075145 473710 adc_enum.cpp:13] Get one vc: 5 15 25 26
I20220729 19:38:17.077124 473710 adc_enum.cpp:13] Get one vc: 7 15 25 26
I20220729 19:38:17.126925 473710 adc_enum.cpp:13] Get one vc: 3 9 15 25 26
I20220729 19:38:17.140513 473710 adc_enum.cpp:13] Get one vc: 15 20 25 26
I20220729 19:38:17.294772 473710 adc_enum.cpp:13] Get one vc: 4 17 25 26
I20220729 19:38:17.296761 473710 adc_enum.cpp:13] Get one vc: 7 17 25 26
I20220729 19:38:17.298756 473710 adc_enum.cpp:13] Get one vc: 10 17 25 26
I20220729 19:38:17.300689 473710 adc_enum.cpp:13] Get one vc: 14 17 25 26
I20220729 19:38:17.304828 473710 adc_enum.cpp:13] Get one vc: 5 17 25 26
I20220729 19:38:17.306807 473710 adc_enum.cpp:13] Get one vc: 6 17 25 26
I20220729 19:38:17.310570 473710 adc_enum.cpp:13] Get one vc: 11 17 25 26
I20220729 19:38:17.314457 473710 adc_enum.cpp:13] Get one vc: 15 17 25 26
I20220729 19:38:17.316591 473710 adc_enum.cpp:13] Get one vc: 17 19 25 26
I20220729 19:38:17.318430 473710 adc_enum.cpp:13] Get one vc: 17 20 25 26
I20220729 19:38:17.400446 473710 adc_enum.cpp:13] Get one vc: 4 18 25 26
I20220729 19:38:17.402644 473710 adc_enum.cpp:13] Get one vc: 6 18 25 26
I20220729 19:38:17.406441 473710 adc_enum.cpp:13] Get one vc: 10 18 25 26
I20220729 19:38:17.445839 473710 adc_enum.cpp:13] Get one vc: 16 18 25 26
I20220729 19:38:17.583423 473710 adc_enum.cpp:13] Get one vc: 3 14 18 25 26
I20220729 19:38:17.636314 473710 adc_enum.cpp:13] Get one vc: 7 18 25 26
I20220729 19:38:17.743846 473710 adc_enum.cpp:13] Get one vc: 9 14 18 25 26
I20220729 19:38:17.747532 473710 adc_enum.cpp:13] Get one vc: 11 18 25 26
I20220729 19:38:17.913733 473710 adc_enum.cpp:13] Get one vc: 15 18 25 26
I20220729 19:38:17.915916 473710 adc_enum.cpp:13] Get one vc: 17 18 25 26
I20220729 19:38:17.917874 473710 adc_enum.cpp:13] Get one vc: 18 20 25 26
I20220729 19:38:17.920050 473710 adc_enum.cpp:13] Get one vc: 26 27
I20220729 19:38:18.434123 473710 adc_enum.cpp:13] Get one vc: 4 20 26 29
I20220729 19:38:18.485373 473710 adc_enum.cpp:13] Get one vc: 4 6 26 29
I20220729 19:38:18.615541 473710 adc_enum.cpp:13] Get one vc: 6 20 26 29
I20220729 19:38:18.724030 473710 adc_enum.cpp:13] Get one vc: 4 10 26 29
I20220729 19:38:18.726032 473710 adc_enum.cpp:13] Get one vc: 6 10 26 29
I20220729 19:38:18.754348 473710 adc_enum.cpp:13] Get one vc: 3 10 20 26 29
I20220729 19:38:18.901647 473710 adc_enum.cpp:13] Get one vc: 1 4 14 26 29
I20220729 19:38:18.903389 473710 adc_enum.cpp:13] Get one vc: 3 4 14 26 29
I20220729 19:38:18.904929 473710 adc_enum.cpp:13] Get one vc: 4 13 14 26 29
I20220729 19:38:18.906929 473710 adc_enum.cpp:13] Get one vc: 6 14 26 29
I20220729 19:38:18.938073 473710 adc_enum.cpp:13] Get one vc: 1 10 14 26 29
I20220729 19:38:18.939937 473710 adc_enum.cpp:13] Get one vc: 10 13 14 26 29
I20220729 19:38:18.942147 473710 adc_enum.cpp:13] Get one vc: 3 10 14 26 29
I20220729 19:38:19.002401 473710 adc_enum.cpp:13] Get one vc: 3 13 14 20 26 29
I20220729 19:38:19.114529 473710 adc_enum.cpp:13] Get one vc: 6 16 26 29
I20220729 19:38:19.118407 473710 adc_enum.cpp:13] Get one vc: 10 16 26 29
I20220729 19:38:19.147223 473710 adc_enum.cpp:13] Get one vc: 3 14 16 26 29
I20220729 19:38:19.180119 473710 adc_enum.cpp:13] Get one vc: 3 16 20 26 29
I20220729 19:38:19.256707 473710 adc_enum.cpp:13] Get one vc: 14 19 26 29
I20220729 19:38:19.355656 473710 adc_enum.cpp:13] Get one vc: 6 19 26 29
I20220729 19:38:19.362439 473710 adc_enum.cpp:13] Get one vc: 19 20 26 29
I20220729 19:38:19.509693 473710 adc_enum.cpp:13] Get one vc: 3 5 20 26 29
I20220729 19:38:19.655913 473710 adc_enum.cpp:13] Get one vc: 5 19 26 29
I20220729 19:38:19.984665 473710 adc_enum.cpp:13] Get one vc: 9 10 20 26 29
I20220729 19:38:20.152119 473710 adc_enum.cpp:13] Get one vc: 3 9 14 20 26 29
I20220729 19:38:20.309612 473710 adc_enum.cpp:13] Get one vc: 9 16 20 26 29
I20220729 19:38:20.474813 473710 adc_enum.cpp:13] Get one vc: 4 11 26 29
I20220729 19:38:20.610740 473710 adc_enum.cpp:13] Get one vc: 3 11 20 26 29
I20220729 19:38:20.721544 473710 adc_enum.cpp:13] Get one vc: 3 11 14 26 29
I20220729 19:38:20.835655 473710 adc_enum.cpp:13] Get one vc: 11 16 26 29
I20220729 19:38:20.837749 473710 adc_enum.cpp:13] Get one vc: 11 19 26 29
I20220729 19:38:20.984445 473710 adc_enum.cpp:13] Get one vc: 15 20 26 29
I20220729 19:38:21.031644 473710 adc_enum.cpp:13] Get one vc: 10 15 26 29
I20220729 19:38:21.211366 473710 adc_enum.cpp:13] Get one vc: 4 17 26 29
I20220729 19:38:21.303581 473710 adc_enum.cpp:13] Get one vc: 15 17 26 29
I20220729 19:38:21.331745 473710 adc_enum.cpp:13] Get one vc: 3 17 20 26 29
I20220729 19:38:21.387622 473710 adc_enum.cpp:13] Get one vc: 6 17 26 29
I20220729 19:38:21.391472 473710 adc_enum.cpp:13] Get one vc: 10 17 26 29
I20220729 19:38:21.458523 473710 adc_enum.cpp:13] Get one vc: 9 14 17 26 29
I20220729 19:38:21.502247 473710 adc_enum.cpp:13] Get one vc: 17 19 26 29
I20220729 19:38:21.650709 473710 adc_enum.cpp:13] Get one vc: 1 4 18 26 29
I20220729 19:38:21.687575 473710 adc_enum.cpp:13] Get one vc: 3 4 18 26 29
I20220729 19:38:21.873785 473710 adc_enum.cpp:13] Get one vc: 4 13 18 26 29
I20220729 19:38:21.931138 473710 adc_enum.cpp:13] Get one vc: 9 15 18 26 29
I20220729 19:38:21.932694 473710 adc_enum.cpp:13] Get one vc: 13 15 18 26 29
I20220729 19:38:22.055591 473710 adc_enum.cpp:13] Get one vc: 3 18 20 26 29
I20220729 19:38:22.181984 473710 adc_enum.cpp:13] Get one vc: 5 18 20 26 29
I20220729 19:38:22.184010 473710 adc_enum.cpp:13] Get one vc: 6 18 26 29
I20220729 19:38:22.279541 473710 adc_enum.cpp:13] Get one vc: 3 10 18 26 29
I20220729 19:38:22.282809 473710 adc_enum.cpp:13] Get one vc: 9 10 18 26 29
I20220729 19:38:22.450683 473710 adc_enum.cpp:13] Get one vc: 3 14 18 26 29
I20220729 19:38:22.524564 473710 adc_enum.cpp:13] Get one vc: 14 18 20 26 29
I20220729 19:38:22.626008 473710 adc_enum.cpp:13] Get one vc: 3 16 18 26 29
I20220729 19:38:22.627693 473710 adc_enum.cpp:13] Get one vc: 9 16 18 26 29
I20220729 19:38:22.677127 473710 adc_enum.cpp:13] Get one vc: 22 26 29
I20220729 19:38:22.679131 473710 adc_enum.cpp:13] Get one vc: 24 26 29
I20220729 19:38:22.764786 473710 adc_enum.cpp:13] Get one vc: 14 28
I20220729 19:38:22.767139 473710 adc_enum.cpp:13] Get one vc: 2 28
I20220729 19:38:22.768882 473710 adc_enum.cpp:13] Get one vc: 5 28
I20220729 19:38:22.797899 473710 adc_enum.cpp:13] Get one vc: 11 28
I20220729 19:38:22.834393 473710 adc_enum.cpp:13] Get one vc: 17 28
I20220729 19:38:22.836125 473710 adc_enum.cpp:13] Get one vc: 18 28
I20220729 19:38:22.837888 473710 adc_enum.cpp:13] Get one vc: 26 28
I20220729 19:38:22.958770 473710 adc_enum.cpp:13] Get one vc: 4 28
I20220729 19:38:22.960546 473710 adc_enum.cpp:13] Get one vc: 7 28
I20220729 19:38:22.962445 473710 adc_enum.cpp:13] Get one vc: 8 28
I20220729 19:38:22.964293 473710 adc_enum.cpp:13] Get one vc: 10 28
I20220729 19:38:22.967519 473710 adc_enum.cpp:13] Get one vc: 15 28
I20220729 19:38:22.969286 473710 adc_enum.cpp:13] Get one vc: 16 28
I20220729 19:38:22.971093 473710 adc_enum.cpp:13] Get one vc: 19 28
I20220729 19:38:22.972923 473710 adc_enum.cpp:13] Get one vc: 21 28
I20220729 19:38:22.974628 473710 adc_enum.cpp:13] Get one vc: 23 28
I20220729 19:38:22.976320 473710 adc_enum.cpp:13] Get one vc: 25 28
I20220729 19:38:22.978086 473710 adc_enum.cpp:13] Get one vc: 27 28
I20220729 19:38:22.979712 473710 adc_enum.cpp:13] Get one vc: 28 29
I20220729 19:38:22.979802 473710 exp_framework.cpp:37] time cost: 150s
I20220729 19:38:22.980037 473710 exp_framework.cpp:13] #### Process Dataset - test ####
I20220729 19:38:22.980096 473710 exp_framework.cpp:18] ## Process File - "v30_e410.txt" ##
I20220729 19:38:22.986457 473710 exp_framework.cpp:32] vertex: 30 edge: 410
I20220729 19:38:23.189666 473710 advanced_adc_enum.cpp:21] Get one vc: 0
I20220729 19:38:23.277909 475000 advanced_adc_enum.cpp:21] Get one vc: 2 16
I20220729 19:38:23.387312 473710 advanced_adc_enum.cpp:21] Get one vc: 2 3
I20220729 19:38:23.857839 474999 advanced_adc_enum.cpp:21] Get one vc: 3 7 15 27
I20220729 19:38:23.946883 475001 advanced_adc_enum.cpp:21] Get one vc: 5 7 11 20 27
I20220729 19:38:23.968334 475000 advanced_adc_enum.cpp:21] Get one vc: 7 11 15 20
I20220729 19:38:24.043757 475002 advanced_adc_enum.cpp:21] Get one vc: 3 5 7 11
I20220729 19:38:24.123479 474999 advanced_adc_enum.cpp:21] Get one vc: 3 7 11 15
I20220729 19:38:24.157271 475002 advanced_adc_enum.cpp:21] Get one vc: 3 7 11 27
I20220729 19:38:24.166034 474999 advanced_adc_enum.cpp:21] Get one vc: 3 11 15 27
I20220729 19:38:24.195538 475000 advanced_adc_enum.cpp:21] Get one vc: 7 11 15 27
I20220729 19:38:24.301900 475002 advanced_adc_enum.cpp:21] Get one vc: 3 5 11 27 29
I20220729 19:38:24.489903 475000 advanced_adc_enum.cpp:21] Get one vc: 11 15 20 27
I20220729 19:38:24.492823 475000 advanced_adc_enum.cpp:21] Get one vc: 7 15 20 27
I20220729 19:38:24.556468 475001 advanced_adc_enum.cpp:21] Get one vc: 5 11 20 27 29
I20220729 19:38:24.624727 475002 advanced_adc_enum.cpp:21] Get one vc: 3 5 7 20 27
I20220729 19:38:24.730948 474999 advanced_adc_enum.cpp:21] Get one vc: 3 11 15 20 29
I20220729 19:38:24.831030 474999 advanced_adc_enum.cpp:21] Get one vc: 3 5 7 15
I20220729 19:38:24.833060 474999 advanced_adc_enum.cpp:21] Get one vc: 5 7 11 15
I20220729 19:38:24.859921 475001 advanced_adc_enum.cpp:21] Get one vc: 3 15 20 27 29
I20220729 19:38:24.877239 475001 advanced_adc_enum.cpp:21] Get one vc: 2 11 23
I20220729 19:38:24.879221 475001 advanced_adc_enum.cpp:21] Get one vc: 2 11 25
I20220729 19:38:24.922464 474999 advanced_adc_enum.cpp:21] Get one vc: 5 7 15 27
I20220729 19:38:24.923879 473710 advanced_adc_enum.cpp:21] Get one vc: 2 5 7 11
I20220729 19:38:24.969321 475001 advanced_adc_enum.cpp:21] Get one vc: 3 5 11 15
I20220729 19:38:24.988600 475000 advanced_adc_enum.cpp:21] Get one vc: 5 11 15 20
I20220729 19:38:25.018186 475001 advanced_adc_enum.cpp:21] Get one vc: 3 5 15 20 29
I20220729 19:38:25.042326 475000 advanced_adc_enum.cpp:21] Get one vc: 5 11 15 27
I20220729 19:38:25.207072 475001 advanced_adc_enum.cpp:21] Get one vc: 3 5 15 20 27
I20220729 19:38:25.249691 475002 advanced_adc_enum.cpp:21] Get one vc: 3 5 11 20 27
I20220729 19:38:25.250681 475000 advanced_adc_enum.cpp:21] Get one vc: 3 5 15 27 29
I20220729 19:38:25.292407 473710 advanced_adc_enum.cpp:21] Get one vc: 2 15
I20220729 19:38:25.294209 473710 advanced_adc_enum.cpp:21] Get one vc: 2 19
I20220729 19:38:25.299181 475000 advanced_adc_enum.cpp:21] Get one vc: 5 15 20 27 29
I20220729 19:38:25.410975 473710 advanced_adc_enum.cpp:21] Get one vc: 2 23 27
I20220729 19:38:25.412717 473710 advanced_adc_enum.cpp:21] Get one vc: 2 25 27
I20220729 19:38:25.415203 475000 advanced_adc_enum.cpp:21] Get one vc: 2 20 23
I20220729 19:38:25.416965 475000 advanced_adc_enum.cpp:21] Get one vc: 2 20 25
I20220729 19:38:25.462900 473710 advanced_adc_enum.cpp:21] Get one vc: 1 2 27 29
I20220729 19:38:25.469977 473710 advanced_adc_enum.cpp:21] Get one vc: 2 5 27
I20220729 19:38:25.471868 473710 advanced_adc_enum.cpp:21] Get one vc: 2 7 27
I20220729 19:38:25.502516 473710 advanced_adc_enum.cpp:21] Get one vc: 2 9 27 29
I20220729 19:38:25.504369 473710 advanced_adc_enum.cpp:21] Get one vc: 2 11 27
I20220729 19:38:25.546073 473710 advanced_adc_enum.cpp:21] Get one vc: 2 13 27 29
I20220729 19:38:25.550693 473710 advanced_adc_enum.cpp:21] Get one vc: 2 20 27
I20220729 19:38:25.597806 475001 advanced_adc_enum.cpp:21] Get one vc: 2 5 7 20
I20220729 19:38:25.616462 474999 advanced_adc_enum.cpp:21] Get one vc: 5 15 16 27
I20220729 19:38:25.618160 474999 advanced_adc_enum.cpp:21] Get one vc: 9 15 16 27
I20220729 19:38:25.619710 474999 advanced_adc_enum.cpp:21] Get one vc: 13 15 16 27
I20220729 19:38:25.642132 475000 advanced_adc_enum.cpp:21] Get one vc: 3 5 11 20 29
I20220729 19:38:25.733294 474999 advanced_adc_enum.cpp:21] Get one vc: 5 7 15 16
I20220729 19:38:25.745774 475001 advanced_adc_enum.cpp:21] Get one vc: 2 11 20
I20220729 19:38:25.772562 474999 advanced_adc_enum.cpp:21] Get one vc: 5 7 16 27
I20220729 19:38:25.796861 474999 advanced_adc_enum.cpp:21] Get one vc: 7 15 16 27
I20220729 19:38:25.909930 475002 advanced_adc_enum.cpp:21] Get one vc: 4 5
I20220729 19:38:26.060849 474999 advanced_adc_enum.cpp:21] Get one vc: 15 16 27 29
I20220729 19:38:26.252879 475001 advanced_adc_enum.cpp:21] Get one vc: 3 4 7 20
I20220729 19:38:26.296650 473710 advanced_adc_enum.cpp:21] Get one vc: 4 7 15
I20220729 19:38:26.400396 475000 advanced_adc_enum.cpp:21] Get one vc: 4 9 15 20
I20220729 19:38:26.414928 473710 advanced_adc_enum.cpp:21] Get one vc: 4 7 16
I20220729 19:38:26.479997 473710 advanced_adc_enum.cpp:21] Get one vc: 4 15 16
I20220729 19:38:26.499346 474999 advanced_adc_enum.cpp:21] Get one vc: 3 5 15 16
I20220729 19:38:26.501405 474999 advanced_adc_enum.cpp:21] Get one vc: 3 7 15 16
I20220729 19:38:26.567507 475001 advanced_adc_enum.cpp:21] Get one vc: 4 9 16 20
I20220729 19:38:26.569106 475001 advanced_adc_enum.cpp:21] Get one vc: 4 13 16 20
I20220729 19:38:26.572676 473710 advanced_adc_enum.cpp:21] Get one vc: 4 7 23
I20220729 19:38:26.719694 475002 advanced_adc_enum.cpp:21] Get one vc: 3 7 16 27
I20220729 19:38:26.730140 475000 advanced_adc_enum.cpp:21] Get one vc: 4 9 16 23
I20220729 19:38:26.730217 475001 advanced_adc_enum.cpp:21] Get one vc: 4 13 16 23
I20220729 19:38:26.753621 474999 advanced_adc_enum.cpp:21] Get one vc: 3 5 16 27 29
I20220729 19:38:26.755662 474999 advanced_adc_enum.cpp:21] Get one vc: 3 15 16 27
I20220729 19:38:26.795491 473710 advanced_adc_enum.cpp:21] Get one vc: 4 9 15 23
I20220729 19:38:26.868341 475001 advanced_adc_enum.cpp:21] Get one vc: 4 16 20 23
I20220729 19:38:26.888341 473710 advanced_adc_enum.cpp:21] Get one vc: 4 9 20 23
I20220729 19:38:26.905237 474999 advanced_adc_enum.cpp:21] Get one vc: 5 16 20 27
I20220729 19:38:26.918529 473710 advanced_adc_enum.cpp:21] Get one vc: 4 15 20 23
I20220729 19:38:26.931891 475001 advanced_adc_enum.cpp:21] Get one vc: 3 5 16 20 29
I20220729 19:38:26.960280 475002 advanced_adc_enum.cpp:21] Get one vc: 3 16 20 27 29
I20220729 19:38:26.982072 473710 advanced_adc_enum.cpp:21] Get one vc: 4 7 25
I20220729 19:38:27.015369 474999 advanced_adc_enum.cpp:21] Get one vc: 7 16 20 27
I20220729 19:38:27.038252 475002 advanced_adc_enum.cpp:21] Get one vc: 3 5 7 16 20
I20220729 19:38:27.087889 473710 advanced_adc_enum.cpp:21] Get one vc: 4 9 15 25
I20220729 19:38:27.098608 475002 advanced_adc_enum.cpp:21] Get one vc: 4 9 20 25
I20220729 19:38:27.101862 473710 advanced_adc_enum.cpp:21] Get one vc: 4 15 20 25
I20220729 19:38:27.135038 473710 advanced_adc_enum.cpp:21] Get one vc: 4 9 16 25
I20220729 19:38:27.189904 473710 advanced_adc_enum.cpp:21] Get one vc: 4 7 27
I20220729 19:38:27.275758 475001 advanced_adc_enum.cpp:21] Get one vc: 4 16 20 25
I20220729 19:38:27.278244 475001 advanced_adc_enum.cpp:21] Get one vc: 4 13 16 25
I20220729 19:38:27.284086 473710 advanced_adc_enum.cpp:21] Get one vc: 3 4 9 20 27
I20220729 19:38:27.293504 474999 advanced_adc_enum.cpp:21] Get one vc: 5 15 16 20
I20220729 19:38:27.295511 474999 advanced_adc_enum.cpp:21] Get one vc: 7 15 16 20
I20220729 19:38:27.309819 475002 advanced_adc_enum.cpp:21] Get one vc: 15 16 20 27
I20220729 19:38:27.313931 473710 advanced_adc_enum.cpp:21] Get one vc: 3 4 9 23 27
I20220729 19:38:27.327868 475002 advanced_adc_enum.cpp:21] Get one vc: 3 15 16 20
I20220729 19:38:27.341506 473710 advanced_adc_enum.cpp:21] Get one vc: 3 4 9 25 27
I20220729 19:38:27.343406 473710 advanced_adc_enum.cpp:21] Get one vc: 4 15 27
I20220729 19:38:27.345278 473710 advanced_adc_enum.cpp:21] Get one vc: 4 16 27
I20220729 19:38:27.362329 475001 advanced_adc_enum.cpp:21] Get one vc: 15 16 20 29
I20220729 19:38:27.420673 473710 advanced_adc_enum.cpp:21] Get one vc: 2 4
I20220729 19:38:27.468372 475000 advanced_adc_enum.cpp:21] Get one vc: 4 20 23 27
I20220729 19:38:27.470223 475000 advanced_adc_enum.cpp:21] Get one vc: 4 20 25 27
I20220729 19:38:27.521602 474999 advanced_adc_enum.cpp:21] Get one vc: 3 11 16 27
I20220729 19:38:27.542279 474999 advanced_adc_enum.cpp:21] Get one vc: 9 11 16 27 29
I20220729 19:38:27.543844 474999 advanced_adc_enum.cpp:21] Get one vc: 11 13 16 27 29
I20220729 19:38:27.621649 475002 advanced_adc_enum.cpp:21] Get one vc: 4 11 16
I20220729 19:38:27.657634 475002 advanced_adc_enum.cpp:21] Get one vc: 4 11 27
I20220729 19:38:27.695020 474999 advanced_adc_enum.cpp:21] Get one vc: 5 11 16 27
I20220729 19:38:27.701335 475002 advanced_adc_enum.cpp:21] Get one vc: 3 5 11 16
I20220729 19:38:27.772047 475002 advanced_adc_enum.cpp:21] Get one vc: 3 4 20 27 29
I20220729 19:38:27.787364 473710 advanced_adc_enum.cpp:21] Get one vc: 4 7 11 20
I20220729 19:38:27.789983 473710 advanced_adc_enum.cpp:21] Get one vc: 3 4 7 11
I20220729 19:38:27.791877 473710 advanced_adc_enum.cpp:21] Get one vc: 4 11 15
I20220729 19:38:27.846971 474999 advanced_adc_enum.cpp:21] Get one vc: 7 11 16 27
I20220729 19:38:27.849372 474999 advanced_adc_enum.cpp:21] Get one vc: 5 7 11 16
I20220729 19:38:27.896200 474999 advanced_adc_enum.cpp:21] Get one vc: 3 7 11 16
I20220729 19:38:27.897887 475000 advanced_adc_enum.cpp:21] Get one vc: 4 16 20 29
I20220729 19:38:27.968590 474999 advanced_adc_enum.cpp:21] Get one vc: 11 15 16
I20220729 19:38:28.053598 473710 advanced_adc_enum.cpp:21] Get one vc: 4 11 20 23
I20220729 19:38:28.085630 475001 advanced_adc_enum.cpp:21] Get one vc: 4 15 20 29
I20220729 19:38:28.102748 474999 advanced_adc_enum.cpp:21] Get one vc: 5 11 16 20
I20220729 19:38:28.160159 475001 advanced_adc_enum.cpp:21] Get one vc: 7 11 16 20
I20220729 19:38:28.234336 475001 advanced_adc_enum.cpp:21] Get one vc: 11 16 20 27
I20220729 19:38:28.249640 474999 advanced_adc_enum.cpp:21] Get one vc: 3 11 16 20 29
I20220729 19:38:28.261488 473710 advanced_adc_enum.cpp:21] Get one vc: 4 11 20 25
I20220729 19:38:28.456494 474999 advanced_adc_enum.cpp:21] Get one vc: 3 5 7 19
I20220729 19:38:28.475667 475000 advanced_adc_enum.cpp:21] Get one vc: 4 9 20 27 29
I20220729 19:38:28.477231 475000 advanced_adc_enum.cpp:21] Get one vc: 4 13 20 27 29
I20220729 19:38:28.528479 475001 advanced_adc_enum.cpp:21] Get one vc: 3 7 19 27
I20220729 19:38:28.533793 475002 advanced_adc_enum.cpp:21] Get one vc: 3 5 19 27
I20220729 19:38:28.553617 475001 advanced_adc_enum.cpp:21] Get one vc: 5 7 19 27
I20220729 19:38:28.589484 473710 advanced_adc_enum.cpp:21] Get one vc: 4 9 11 20 29
I20220729 19:38:28.591044 473710 advanced_adc_enum.cpp:21] Get one vc: 4 11 13 20 29
I20220729 19:38:28.599843 475002 advanced_adc_enum.cpp:21] Get one vc: 3 4 11 20 29
I20220729 19:38:28.620610 474999 advanced_adc_enum.cpp:21] Get one vc: 5 7 11 19
I20220729 19:38:28.639822 473710 advanced_adc_enum.cpp:21] Get one vc: 4 7 19
I20220729 19:38:28.672688 473710 advanced_adc_enum.cpp:21] Get one vc: 4 19 20 23
I20220729 19:38:28.694948 475001 advanced_adc_enum.cpp:21] Get one vc: 4 9 19 23
I20220729 19:38:28.704821 475002 advanced_adc_enum.cpp:21] Get one vc: 4 9 11 19
I20220729 19:38:28.729100 474999 advanced_adc_enum.cpp:21] Get one vc: 5 11 19 27
I20220729 19:38:28.731464 474999 advanced_adc_enum.cpp:21] Get one vc: 7 11 19 27
I20220729 19:38:28.733789 475000 advanced_adc_enum.cpp:21] Get one vc: 4 11 19 23
I20220729 19:38:28.742949 475002 advanced_adc_enum.cpp:21] Get one vc: 4 15 19
I20220729 19:38:28.744853 475002 advanced_adc_enum.cpp:21] Get one vc: 4 16 19
I20220729 19:38:28.761752 475001 advanced_adc_enum.cpp:21] Get one vc: 4 11 13 19
I20220729 19:38:28.769994 473710 advanced_adc_enum.cpp:21] Get one vc: 4 9 19 25
I20220729 19:38:28.772105 475000 advanced_adc_enum.cpp:21] Get one vc: 4 19 20 25
I20220729 19:38:28.772161 473710 advanced_adc_enum.cpp:21] Get one vc: 4 11 19 25
I20220729 19:38:28.775710 475002 advanced_adc_enum.cpp:21] Get one vc: 4 19 27
I20220729 19:38:28.811265 473710 advanced_adc_enum.cpp:21] Get one vc: 4 19 20 29
I20220729 19:38:28.811565 475000 advanced_adc_enum.cpp:21] Get one vc: 4 9 19 20
I20220729 19:38:28.813549 475000 advanced_adc_enum.cpp:21] Get one vc: 4 11 19 20
I20220729 19:38:28.834465 475002 advanced_adc_enum.cpp:21] Get one vc: 4 9 19 29
I20220729 19:38:28.847885 475000 advanced_adc_enum.cpp:21] Get one vc: 4 11 19 29
I20220729 19:38:28.861830 474999 advanced_adc_enum.cpp:21] Get one vc: 3 5 11 19
I20220729 19:38:28.863931 474999 advanced_adc_enum.cpp:21] Get one vc: 3 7 11 19
I20220729 19:38:28.913630 473710 advanced_adc_enum.cpp:21] Get one vc: 2 6
I20220729 19:38:28.961118 474999 advanced_adc_enum.cpp:21] Get one vc: 3 9 11 19 27
I20220729 19:38:28.962668 474999 advanced_adc_enum.cpp:21] Get one vc: 3 11 13 19 27
I20220729 19:38:28.964354 474999 advanced_adc_enum.cpp:21] Get one vc: 3 11 19 27 29
I20220729 19:38:29.044183 475002 advanced_adc_enum.cpp:21] Get one vc: 5 6 19
I20220729 19:38:29.061429 475000 advanced_adc_enum.cpp:21] Get one vc: 5 6 11 20
I20220729 19:38:29.064517 475000 advanced_adc_enum.cpp:21] Get one vc: 3 5 6 11
I20220729 19:38:29.104059 475000 advanced_adc_enum.cpp:21] Get one vc: 3 5 6 27
I20220729 19:38:29.105911 475000 advanced_adc_enum.cpp:21] Get one vc: 5 6 20 27
I20220729 19:38:29.108449 475000 advanced_adc_enum.cpp:21] Get one vc: 5 6 11 27
I20220729 19:38:29.129268 473710 advanced_adc_enum.cpp:21] Get one vc: 6 7
I20220729 19:38:29.137936 475000 advanced_adc_enum.cpp:21] Get one vc: 11 15 19
I20220729 19:38:29.140326 474999 advanced_adc_enum.cpp:21] Get one vc: 3 5 15 19
I20220729 19:38:29.157359 474999 advanced_adc_enum.cpp:21] Get one vc: 7 15 19
I20220729 19:38:29.178431 473710 advanced_adc_enum.cpp:21] Get one vc: 5 6 15
I20220729 19:38:29.197973 474999 advanced_adc_enum.cpp:21] Get one vc: 9 15 19 27
I20220729 19:38:29.200115 474999 advanced_adc_enum.cpp:21] Get one vc: 3 15 19 27
I20220729 19:38:29.202494 474999 advanced_adc_enum.cpp:21] Get one vc: 5 15 19 27
I20220729 19:38:29.303006 475000 advanced_adc_enum.cpp:21] Get one vc: 6 15 19
I20220729 19:38:29.351861 474999 advanced_adc_enum.cpp:21] Get one vc: 15 19 27 29
I20220729 19:38:29.383026 473710 advanced_adc_enum.cpp:21] Get one vc: 4 6 9 15
I20220729 19:38:29.391778 475002 advanced_adc_enum.cpp:21] Get one vc: 4 6 15 20
I20220729 19:38:29.416857 473710 advanced_adc_enum.cpp:21] Get one vc: 6 9 15 20
I20220729 19:38:29.418877 473710 advanced_adc_enum.cpp:21] Get one vc: 6 9 15 27
I20220729 19:38:29.420728 473710 advanced_adc_enum.cpp:21] Get one vc: 6 11 15
I20220729 19:38:29.453053 475000 advanced_adc_enum.cpp:21] Get one vc: 6 15 20 27
I20220729 19:38:29.485047 474999 advanced_adc_enum.cpp:21] Get one vc: 3 5 16 19
I20220729 19:38:29.548628 474999 advanced_adc_enum.cpp:21] Get one vc: 15 16 19
I20220729 19:38:29.550648 474999 advanced_adc_enum.cpp:21] Get one vc: 16 19 27
I20220729 19:38:29.553445 474999 advanced_adc_enum.cpp:21] Get one vc: 7 16 19
I20220729 19:38:29.555289 474999 advanced_adc_enum.cpp:21] Get one vc: 11 16 19
I20220729 19:38:29.574002 473710 advanced_adc_enum.cpp:21] Get one vc: 4 6 9 16
I20220729 19:38:29.575549 473710 advanced_adc_enum.cpp:21] Get one vc: 4 6 13 16
I20220729 19:38:29.582861 473710 advanced_adc_enum.cpp:21] Get one vc: 6 11 16
I20220729 19:38:29.615622 473710 advanced_adc_enum.cpp:21] Get one vc: 6 9 16 20
I20220729 19:38:29.622262 473710 advanced_adc_enum.cpp:21] Get one vc: 6 16 20 27
I20220729 19:38:29.706861 475000 advanced_adc_enum.cpp:21] Get one vc: 4 6 16 20
I20220729 19:38:29.723423 475002 advanced_adc_enum.cpp:21] Get one vc: 6 15 16
I20220729 19:38:29.725355 475002 advanced_adc_enum.cpp:21] Get one vc: 6 16 19
I20220729 19:38:29.779009 475001 advanced_adc_enum.cpp:21] Get one vc: 4 6 19 20
I20220729 19:38:29.788072 475002 advanced_adc_enum.cpp:21] Get one vc: 6 9 16 27
I20220729 19:38:29.789618 475002 advanced_adc_enum.cpp:21] Get one vc: 6 13 16 27
I20220729 19:38:29.795054 475002 advanced_adc_enum.cpp:21] Get one vc: 5 6 16
I20220729 19:38:29.825655 475002 advanced_adc_enum.cpp:21] Get one vc: 4 6 20 27
I20220729 19:38:29.877121 475000 advanced_adc_enum.cpp:21] Get one vc: 3 6 13 16 20
I20220729 19:38:29.937988 475001 advanced_adc_enum.cpp:21] Get one vc: 6 19 20 27
I20220729 19:38:29.946611 474999 advanced_adc_enum.cpp:21] Get one vc: 3 9 19 20 27
I20220729 19:38:29.954828 475000 advanced_adc_enum.cpp:21] Get one vc: 3 19 20 27 29
I20220729 19:38:29.960423 473710 advanced_adc_enum.cpp:21] Get one vc: 4 6 16 23
I20220729 19:38:29.962282 473710 advanced_adc_enum.cpp:21] Get one vc: 4 6 20 23
I20220729 19:38:29.995379 475000 advanced_adc_enum.cpp:21] Get one vc: 9 19 20 27 29
I20220729 19:38:30.002276 475002 advanced_adc_enum.cpp:21] Get one vc: 6 16 20 23
I20220729 19:38:30.132504 475001 advanced_adc_enum.cpp:21] Get one vc: 6 9 19 27
I20220729 19:38:30.214327 475002 advanced_adc_enum.cpp:21] Get one vc: 4 6 9 19
I20220729 19:38:30.216224 475002 advanced_adc_enum.cpp:21] Get one vc: 4 6 9 20
I20220729 19:38:30.227110 474999 advanced_adc_enum.cpp:21] Get one vc: 5 19 20 27
I20220729 19:38:30.240777 475001 advanced_adc_enum.cpp:21] Get one vc: 4 6 9 27
I20220729 19:38:30.265163 474999 advanced_adc_enum.cpp:21] Get one vc: 5 7 19 20
I20220729 19:38:30.267369 474999 advanced_adc_enum.cpp:21] Get one vc: 3 7 19 20
I20220729 19:38:30.269383 474999 advanced_adc_enum.cpp:21] Get one vc: 7 19 20 27
I20220729 19:38:30.286060 475000 advanced_adc_enum.cpp:21] Get one vc: 3 5 19 20 29
I20220729 19:38:30.346297 474999 advanced_adc_enum.cpp:21] Get one vc: 5 11 19 20
I20220729 19:38:30.348301 474999 advanced_adc_enum.cpp:21] Get one vc: 7 11 19 20
I20220729 19:38:30.383944 474999 advanced_adc_enum.cpp:21] Get one vc: 3 11 19 20 29
I20220729 19:38:30.385164 475000 advanced_adc_enum.cpp:21] Get one vc: 11 19 20 27
I20220729 19:38:30.400435 475001 advanced_adc_enum.cpp:21] Get one vc: 4 6 11
I20220729 19:38:30.433682 475000 advanced_adc_enum.cpp:21] Get one vc: 5 6 20 23
I20220729 19:38:30.473150 475001 advanced_adc_enum.cpp:21] Get one vc: 3 6 11 27
I20220729 19:38:30.476595 475001 advanced_adc_enum.cpp:21] Get one vc: 6 11 20 27
I20220729 19:38:30.478396 475000 advanced_adc_enum.cpp:21] Get one vc: 6 9 11 27
I20220729 19:38:30.502053 475001 advanced_adc_enum.cpp:21] Get one vc: 6 9 11 19
I20220729 19:38:30.504041 475001 advanced_adc_enum.cpp:21] Get one vc: 6 11 19 27
I20220729 19:38:30.513850 474999 advanced_adc_enum.cpp:21] Get one vc: 5 15 19 20
I20220729 19:38:30.552901 475002 advanced_adc_enum.cpp:21] Get one vc: 15 19 20 29
I20220729 19:38:30.558506 475000 advanced_adc_enum.cpp:21] Get one vc: 6 11 19 20
I20220729 19:38:30.566205 475000 advanced_adc_enum.cpp:21] Get one vc: 6 11 13 19
I20220729 19:38:30.570104 474999 advanced_adc_enum.cpp:21] Get one vc: 15 19 20 27
I20220729 19:38:30.575770 475001 advanced_adc_enum.cpp:21] Get one vc: 3 9 15 19 20
I20220729 19:38:30.601943 475001 advanced_adc_enum.cpp:21] Get one vc: 3 6 9 16 23
I20220729 19:38:30.617010 474999 advanced_adc_enum.cpp:21] Get one vc: 3 16 19 20
I20220729 19:38:30.621896 475000 advanced_adc_enum.cpp:21] Get one vc: 9 16 19 20
I20220729 19:38:30.622484 474999 advanced_adc_enum.cpp:21] Get one vc: 5 16 19 20
I20220729 19:38:30.627151 474999 advanced_adc_enum.cpp:21] Get one vc: 16 19 20 29
I20220729 19:38:30.699776 475001 advanced_adc_enum.cpp:21] Get one vc: 5 6 11 23
I20220729 19:38:30.722333 475001 advanced_adc_enum.cpp:21] Get one vc: 6 11 20 23
I20220729 19:38:30.932096 474999 advanced_adc_enum.cpp:21] Get one vc: 5 15 19 23
I20220729 19:38:31.014905 474999 advanced_adc_enum.cpp:21] Get one vc: 5 11 19 23
I20220729 19:38:31.016909 474999 advanced_adc_enum.cpp:21] Get one vc: 5 19 23 27
I20220729 19:38:31.043699 475000 advanced_adc_enum.cpp:21] Get one vc: 5 11 15 23
I20220729 19:38:31.067529 475001 advanced_adc_enum.cpp:21] Get one vc: 3 5 11 23 27
I20220729 19:38:31.197103 475000 advanced_adc_enum.cpp:21] Get one vc: 3 5 15 23 27
I20220729 19:38:31.205173 474999 advanced_adc_enum.cpp:21] Get one vc: 7 11 15 23
I20220729 19:38:31.328233 473710 advanced_adc_enum.cpp:21] Get one vc: 6 15 20 23
I20220729 19:38:31.366325 473710 advanced_adc_enum.cpp:21] Get one vc: 4 6 15 23
I20220729 19:38:31.411192 474999 advanced_adc_enum.cpp:21] Get one vc: 7 11 23 27
I20220729 19:38:31.426548 475000 advanced_adc_enum.cpp:21] Get one vc: 3 6 9 15 23
I20220729 19:38:31.445961 475001 advanced_adc_enum.cpp:21] Get one vc: 3 5 7 23 27
I20220729 19:38:31.448009 475001 advanced_adc_enum.cpp:21] Get one vc: 7 15 23 27
I20220729 19:38:31.450106 475000 advanced_adc_enum.cpp:21] Get one vc: 4 6 19 23
I20220729 19:38:31.463788 473710 advanced_adc_enum.cpp:21] Get one vc: 6 11 19 23
I20220729 19:38:31.464210 474999 advanced_adc_enum.cpp:21] Get one vc: 3 7 19 23
I20220729 19:38:31.466342 474999 advanced_adc_enum.cpp:21] Get one vc: 7 11 19 23
I20220729 19:38:31.470398 474999 advanced_adc_enum.cpp:21] Get one vc: 7 19 23 27
I20220729 19:38:31.478410 475002 advanced_adc_enum.cpp:21] Get one vc: 3 9 15 19 23
I20220729 19:38:31.530992 473710 advanced_adc_enum.cpp:21] Get one vc: 6 19 20 23
I20220729 19:38:31.677204 473710 advanced_adc_enum.cpp:21] Get one vc: 1 4 6 23 27
I20220729 19:38:31.678957 473710 advanced_adc_enum.cpp:21] Get one vc: 3 4 6 23 27
I20220729 19:38:31.680486 473710 advanced_adc_enum.cpp:21] Get one vc: 4 6 13 23 27
I20220729 19:38:31.690856 473710 advanced_adc_enum.cpp:21] Get one vc: 6 19 23 27
I20220729 19:38:31.739316 475001 advanced_adc_enum.cpp:21] Get one vc: 5 6 23 27
I20220729 19:38:31.741986 475001 advanced_adc_enum.cpp:21] Get one vc: 6 11 23 27
I20220729 19:38:31.744673 475001 advanced_adc_enum.cpp:21] Get one vc: 6 16 23 27
I20220729 19:38:31.748097 475002 advanced_adc_enum.cpp:21] Get one vc: 11 19 23 27
I20220729 19:38:31.750329 475001 advanced_adc_enum.cpp:21] Get one vc: 6 15 23 27
I20220729 19:38:31.752754 475001 advanced_adc_enum.cpp:21] Get one vc: 6 20 23 27
I20220729 19:38:31.767974 474999 advanced_adc_enum.cpp:21] Get one vc: 5 16 23 27
I20220729 19:38:31.874861 473710 advanced_adc_enum.cpp:21] Get one vc: 5 6 20 25
I20220729 19:38:31.876911 473710 advanced_adc_enum.cpp:21] Get one vc: 5 6 25 27
I20220729 19:38:31.956161 475001 advanced_adc_enum.cpp:21] Get one vc: 6 15 20 25
I20220729 19:38:31.971249 475002 advanced_adc_enum.cpp:21] Get one vc: 15 19 23 27
I20220729 19:38:31.974161 475002 advanced_adc_enum.cpp:21] Get one vc: 11 15 23 27
I20220729 19:38:32.024214 475002 advanced_adc_enum.cpp:21] Get one vc: 7 16 23 27
I20220729 19:38:32.038280 475001 advanced_adc_enum.cpp:21] Get one vc: 6 15 25 27
I20220729 19:38:32.040129 475001 advanced_adc_enum.cpp:21] Get one vc: 6 20 25 27
I20220729 19:38:32.228572 474999 advanced_adc_enum.cpp:21] Get one vc: 7 11 16 23
I20220729 19:38:32.230576 474999 advanced_adc_enum.cpp:21] Get one vc: 11 16 23 27
I20220729 19:38:32.247350 475002 advanced_adc_enum.cpp:21] Get one vc: 3 5 7 16 23
I20220729 19:38:32.266952 475000 advanced_adc_enum.cpp:21] Get one vc: 3 6 9 15 25
I20220729 19:38:32.281971 475002 advanced_adc_enum.cpp:21] Get one vc: 4 6 15 25
I20220729 19:38:32.316581 475001 advanced_adc_enum.cpp:21] Get one vc: 4 6 20 25
I20220729 19:38:32.338742 475001 advanced_adc_enum.cpp:21] Get one vc: 4 6 13 25 27
I20220729 19:38:32.342273 475000 advanced_adc_enum.cpp:21] Get one vc: 1 4 6 25 27
I20220729 19:38:32.344058 475000 advanced_adc_enum.cpp:21] Get one vc: 3 4 6 25 27
I20220729 19:38:32.371177 473710 advanced_adc_enum.cpp:21] Get one vc: 6 11 25 27
I20220729 19:38:32.389979 475000 advanced_adc_enum.cpp:21] Get one vc: 5 6 11 25
I20220729 19:38:32.410791 473710 advanced_adc_enum.cpp:21] Get one vc: 6 16 20 25
I20220729 19:38:32.444875 475000 advanced_adc_enum.cpp:21] Get one vc: 6 11 20 25
I20220729 19:38:32.461031 474999 advanced_adc_enum.cpp:21] Get one vc: 5 15 16 23
I20220729 19:38:32.463032 474999 advanced_adc_enum.cpp:21] Get one vc: 7 15 16 23
I20220729 19:38:32.494093 475001 advanced_adc_enum.cpp:21] Get one vc: 4 6 19 25
I20220729 19:38:32.498034 475001 advanced_adc_enum.cpp:21] Get one vc: 6 19 20 25
I20220729 19:38:32.507620 475001 advanced_adc_enum.cpp:21] Get one vc: 3 15 16 23
I20220729 19:38:32.516316 474999 advanced_adc_enum.cpp:21] Get one vc: 5 16 19 23
I20220729 19:38:32.521719 475002 advanced_adc_enum.cpp:21] Get one vc: 4 6 16 25
I20220729 19:38:32.548601 475001 advanced_adc_enum.cpp:21] Get one vc: 3 9 16 19 23
I20220729 19:38:32.550179 475001 advanced_adc_enum.cpp:21] Get one vc: 3 13 16 19 23
I20220729 19:38:32.558629 475000 advanced_adc_enum.cpp:21] Get one vc: 15 16 23 27
I20220729 19:38:32.611739 475002 advanced_adc_enum.cpp:21] Get one vc: 6 16 25 27
I20220729 19:38:32.633605 473710 advanced_adc_enum.cpp:21] Get one vc: 6 11 19 25
I20220729 19:38:32.637558 473710 advanced_adc_enum.cpp:21] Get one vc: 6 19 25 27
I20220729 19:38:32.674521 475002 advanced_adc_enum.cpp:21] Get one vc: 3 6 9 16 25
I20220729 19:38:32.746340 475000 advanced_adc_enum.cpp:21] Get one vc: 5 16 20 23
I20220729 19:38:32.781929 475000 advanced_adc_enum.cpp:21] Get one vc: 11 16 20 23
I20220729 19:38:32.800163 475002 advanced_adc_enum.cpp:21] Get one vc: 3 9 16 20 23
I20220729 19:38:32.883380 475000 advanced_adc_enum.cpp:21] Get one vc: 5 6 11 29
I20220729 19:38:32.893203 475002 advanced_adc_enum.cpp:21] Get one vc: 4 6 20 29
I20220729 19:38:32.922755 473710 advanced_adc_enum.cpp:21] Get one vc: 4 6 15 29
I20220729 19:38:32.924589 474999 advanced_adc_enum.cpp:21] Get one vc: 3 5 11 20 23
I20220729 19:38:32.930928 475000 advanced_adc_enum.cpp:21] Get one vc: 6 11 20 29
I20220729 19:38:32.967545 475000 advanced_adc_enum.cpp:21] Get one vc: 3 6 9 15 29
I20220729 19:38:32.988101 473710 advanced_adc_enum.cpp:21] Get one vc: 6 15 20 29
I20220729 19:38:33.038594 474999 advanced_adc_enum.cpp:21] Get one vc: 3 5 7 20 23
I20220729 19:38:33.041636 475000 advanced_adc_enum.cpp:21] Get one vc: 7 11 20 23
I20220729 19:38:33.047855 475001 advanced_adc_enum.cpp:21] Get one vc: 5 6 20 29
I20220729 19:38:33.083897 474999 advanced_adc_enum.cpp:21] Get one vc: 7 16 20 23
I20220729 19:38:33.112227 475001 advanced_adc_enum.cpp:21] Get one vc: 6 16 20 29
I20220729 19:38:33.117810 474999 advanced_adc_enum.cpp:21] Get one vc: 5 15 20 23
I20220729 19:38:33.119832 474999 advanced_adc_enum.cpp:21] Get one vc: 7 15 20 23
I20220729 19:38:33.177383 474999 advanced_adc_enum.cpp:21] Get one vc: 3 9 15 20 23
I20220729 19:38:33.181118 474999 advanced_adc_enum.cpp:21] Get one vc: 11 15 20 23
I20220729 19:38:33.209059 475002 advanced_adc_enum.cpp:21] Get one vc: 4 6 19 29
I20220729 19:38:33.214339 475002 advanced_adc_enum.cpp:21] Get one vc: 6 19 20 29
I20220729 19:38:33.267328 474999 advanced_adc_enum.cpp:21] Get one vc: 16 19 20 23
I20220729 19:38:33.272176 475001 advanced_adc_enum.cpp:21] Get one vc: 15 16 20 23
I20220729 19:38:33.279186 475002 advanced_adc_enum.cpp:21] Get one vc: 4 6 16 29
I20220729 19:38:33.305517 473710 advanced_adc_enum.cpp:21] Get one vc: 6 11 19 29
I20220729 19:38:33.365669 474999 advanced_adc_enum.cpp:21] Get one vc: 5 19 20 23
I20220729 19:38:33.367677 474999 advanced_adc_enum.cpp:21] Get one vc: 7 19 20 23
I20220729 19:38:33.456866 474999 advanced_adc_enum.cpp:21] Get one vc: 3 9 19 20 23
I20220729 19:38:33.463997 474999 advanced_adc_enum.cpp:21] Get one vc: 11 19 20 23
I20220729 19:38:33.471885 475002 advanced_adc_enum.cpp:21] Get one vc: 6 11 27 29
I20220729 19:38:33.502710 473710 advanced_adc_enum.cpp:21] Get one vc: 1 4 6 27 29
I20220729 19:38:33.504462 473710 advanced_adc_enum.cpp:21] Get one vc: 3 4 6 27 29
I20220729 19:38:33.506000 473710 advanced_adc_enum.cpp:21] Get one vc: 4 6 13 27 29
I20220729 19:38:33.510128 473710 advanced_adc_enum.cpp:21] Get one vc: 6 15 27 29
I20220729 19:38:33.512195 473710 advanced_adc_enum.cpp:21] Get one vc: 6 19 27 29
I20220729 19:38:33.514048 473710 advanced_adc_enum.cpp:21] Get one vc: 6 20 27 29
I20220729 19:38:33.518239 473710 advanced_adc_enum.cpp:21] Get one vc: 5 6 27 29
I20220729 19:38:33.539710 475002 advanced_adc_enum.cpp:21] Get one vc: 3 6 9 16 29
I20220729 19:38:33.575671 473710 advanced_adc_enum.cpp:21] Get one vc: 6 16 27 29
I20220729 19:38:33.606242 474999 advanced_adc_enum.cpp:21] Get one vc: 15 19 20 23
I20220729 19:38:33.609467 473710 advanced_adc_enum.cpp:21] Get one vc: 2 8
I20220729 19:38:33.611202 473710 advanced_adc_enum.cpp:21] Get one vc: 5 8
I20220729 19:38:33.612962 473710 advanced_adc_enum.cpp:21] Get one vc: 7 8
I20220729 19:38:33.614573 473710 advanced_adc_enum.cpp:21] Get one vc: 8 9
I20220729 19:38:33.616315 473710 advanced_adc_enum.cpp:21] Get one vc: 8 11
I20220729 19:38:33.618084 473710 advanced_adc_enum.cpp:21] Get one vc: 8 15
I20220729 19:38:33.619849 473710 advanced_adc_enum.cpp:21] Get one vc: 8 16
I20220729 19:38:33.621585 473710 advanced_adc_enum.cpp:21] Get one vc: 8 27
I20220729 19:38:33.637146 475001 advanced_adc_enum.cpp:21] Get one vc: 8 19
I20220729 19:38:33.638859 475001 advanced_adc_enum.cpp:21] Get one vc: 8 23
I20220729 19:38:33.640558 475001 advanced_adc_enum.cpp:21] Get one vc: 8 25
I20220729 19:38:33.642247 475001 advanced_adc_enum.cpp:21] Get one vc: 8 29
I20220729 19:38:33.687834 475002 advanced_adc_enum.cpp:21] Get one vc: 16 20 23 27
I20220729 19:38:33.713989 474999 advanced_adc_enum.cpp:21] Get one vc: 5 20 23 27
I20220729 19:38:33.715999 474999 advanced_adc_enum.cpp:21] Get one vc: 7 20 23 27
I20220729 19:38:33.783350 475000 advanced_adc_enum.cpp:21] Get one vc: 8 13
I20220729 19:38:33.785073 475000 advanced_adc_enum.cpp:21] Get one vc: 8 20
I20220729 19:38:33.811216 474999 advanced_adc_enum.cpp:21] Get one vc: 11 20 23 27
I20220729 19:38:33.819923 475002 advanced_adc_enum.cpp:21] Get one vc: 2 10
I20220729 19:38:33.931324 475002 advanced_adc_enum.cpp:21] Get one vc: 4 10 16 29
I20220729 19:38:33.954042 473710 advanced_adc_enum.cpp:21] Get one vc: 1 4 6 10 16
I20220729 19:38:33.995210 475002 advanced_adc_enum.cpp:21] Get one vc: 6 10 16 29
I20220729 19:38:34.075363 475002 advanced_adc_enum.cpp:21] Get one vc: 4 10 16 23
I20220729 19:38:34.077373 475002 advanced_adc_enum.cpp:21] Get one vc: 6 10 16 23
I20220729 19:38:34.235627 474999 advanced_adc_enum.cpp:21] Get one vc: 15 20 23 27
I20220729 19:38:34.237787 474999 advanced_adc_enum.cpp:21] Get one vc: 19 20 23 27
I20220729 19:38:34.261284 475002 advanced_adc_enum.cpp:21] Get one vc: 6 10 16 25
I20220729 19:38:34.264232 475002 advanced_adc_enum.cpp:21] Get one vc: 4 10 16 25
I20220729 19:38:34.675300 475000 advanced_adc_enum.cpp:21] Get one vc: 3 4 6 10 16
I20220729 19:38:34.688239 475001 advanced_adc_enum.cpp:21] Get one vc: 3 5 7 20 25
I20220729 19:38:34.762193 475002 advanced_adc_enum.cpp:21] Get one vc: 5 6 10
I20220729 19:38:34.778447 473710 advanced_adc_enum.cpp:21] Get one vc: 5 10 16 23
I20220729 19:38:34.826922 475000 advanced_adc_enum.cpp:21] Get one vc: 3 5 10 16
I20220729 19:38:34.844679 473710 advanced_adc_enum.cpp:21] Get one vc: 5 10 16 25
I20220729 19:38:34.892776 473710 advanced_adc_enum.cpp:21] Get one vc: 5 10 16 29
I20220729 19:38:35.114013 475000 advanced_adc_enum.cpp:21] Get one vc: 7 11 20 25
I20220729 19:38:35.151039 473710 advanced_adc_enum.cpp:21] Get one vc: 7 10 16
I20220729 19:38:35.172287 474999 advanced_adc_enum.cpp:21] Get one vc: 3 5 11 20 25
I20220729 19:38:35.233143 475002 advanced_adc_enum.cpp:21] Get one vc: 4 7 10
I20220729 19:38:35.262306 475000 advanced_adc_enum.cpp:21] Get one vc: 3 5 7 10
I20220729 19:38:35.324776 475000 advanced_adc_enum.cpp:21] Get one vc: 3 7 10 23
I20220729 19:38:35.355214 475002 advanced_adc_enum.cpp:21] Get one vc: 3 7 10 25
I20220729 19:38:35.490427 473710 advanced_adc_enum.cpp:21] Get one vc: 4 9 10 16
I20220729 19:38:35.530979 473710 advanced_adc_enum.cpp:21] Get one vc: 6 9 10 16
I20220729 19:38:35.596936 475000 advanced_adc_enum.cpp:21] Get one vc: 5 15 20 25
I20220729 19:38:35.599390 475000 advanced_adc_enum.cpp:21] Get one vc: 7 15 20 25
I20220729 19:38:35.607448 475000 advanced_adc_enum.cpp:21] Get one vc: 3 9 15 20 25
I20220729 19:38:35.618468 474999 advanced_adc_enum.cpp:21] Get one vc: 5 11 15 25
I20220729 19:38:35.620487 474999 advanced_adc_enum.cpp:21] Get one vc: 7 11 15 25
I20220729 19:38:35.640444 475002 advanced_adc_enum.cpp:21] Get one vc: 11 15 20 25
I20220729 19:38:35.647714 475001 advanced_adc_enum.cpp:21] Get one vc: 4 6 9 10
I20220729 19:38:35.705039 473710 advanced_adc_enum.cpp:21] Get one vc: 4 9 10 23
I20220729 19:38:35.753263 475002 advanced_adc_enum.cpp:21] Get one vc: 3 9 10 16 23
I20220729 19:38:35.795763 475001 advanced_adc_enum.cpp:21] Get one vc: 7 11 16 25
I20220729 19:38:35.820713 475000 advanced_adc_enum.cpp:21] Get one vc: 5 15 16 25
I20220729 19:38:35.852106 475002 advanced_adc_enum.cpp:21] Get one vc: 3 15 16 25
I20220729 19:38:35.868705 475001 advanced_adc_enum.cpp:21] Get one vc: 11 16 20 25
I20220729 19:38:35.879894 475000 advanced_adc_enum.cpp:21] Get one vc: 7 15 16 25
I20220729 19:38:35.905081 475002 advanced_adc_enum.cpp:21] Get one vc: 3 5 7 16 25
I20220729 19:38:35.928773 474999 advanced_adc_enum.cpp:21] Get one vc: 5 16 19 25
I20220729 19:38:35.930625 474999 advanced_adc_enum.cpp:21] Get one vc: 5 19 20 25
I20220729 19:38:36.002805 475001 advanced_adc_enum.cpp:21] Get one vc: 3 9 16 19 25
I20220729 19:38:36.004400 475001 advanced_adc_enum.cpp:21] Get one vc: 3 13 16 19 25
I20220729 19:38:36.024935 475001 advanced_adc_enum.cpp:21] Get one vc: 3 9 19 20 25
I20220729 19:38:36.046530 474999 advanced_adc_enum.cpp:21] Get one vc: 7 19 20 25
I20220729 19:38:36.117516 473710 advanced_adc_enum.cpp:21] Get one vc: 4 9 10 25
I20220729 19:38:36.125092 475000 advanced_adc_enum.cpp:21] Get one vc: 5 16 20 25
I20220729 19:38:36.127081 475000 advanced_adc_enum.cpp:21] Get one vc: 7 16 20 25
I20220729 19:38:36.129755 475002 advanced_adc_enum.cpp:21] Get one vc: 16 19 20 25
I20220729 19:38:36.146885 474999 advanced_adc_enum.cpp:21] Get one vc: 3 7 19 25
I20220729 19:38:36.168912 475001 advanced_adc_enum.cpp:21] Get one vc: 3 9 16 20 25
I20220729 19:38:36.190505 475000 advanced_adc_enum.cpp:21] Get one vc: 15 16 20 25
I20220729 19:38:36.212724 474999 advanced_adc_enum.cpp:21] Get one vc: 5 11 19 25
I20220729 19:38:36.214699 474999 advanced_adc_enum.cpp:21] Get one vc: 7 11 19 25
